---
source: src/main.rs
expression: output_content
---
<Layout id="3" name="FIL__files" width="1024">
	<TableOccurrenceReference id="1065091" name="FIL__files" UUID="8B099E71-F6C5-4B81-8958-B3DECDA66D25"></TableOccurrenceReference>
	<LayoutThemeReference id="1" name="com.filemaker.theme.enlightened" UUID="8D7F7256-0C83-4D42-BEE6-EAF9ED402C9A" Base="com.filemaker.theme.minimalist"></LayoutThemeReference>
	<PartsList membercount="3">
		<Part type="Kopfbereich" kind="1">
			<Definition type="Kopfbereich" kind="1" size="50" absolute="0" Options="0"></Definition>
		</Part>
		<Part type="Datenbereich" kind="4">
			<Definition type="Datenbereich" kind="4" size="482" absolute="50" Options="0"></Definition>
			<ObjectList membercount="24">
				<LayoutObject id="45" type="Bearbeitungsfeld" name="" kind="1">
					<UUID>C96697EC-B7A6-45E8-B08D-52AB1BC9524A</UUID>
					<Bounds top="69" left="173" bottom="90" right="426"></Bounds>
					<Options>805306368</Options>
					<Field>
						<FieldReference id="11" name="clients" repetition="1" UUID="69C5755C-7139-49C8-ADFD-1A5F28993CBB">
							<TableOccurrenceReference id="1065091" name="FIL__files" UUID="8B099E71-F6C5-4B81-8958-B3DECDA66D25"></TableOccurrenceReference>
						</FieldReference>
						<Options>1048608</Options>
						<Display Style="0" show="1"></Display>
						<Usage inputMode="0" type="1"></Usage>
					</Field>
					<ExtendedAttributes>
						<Formatting>
							<Graphic>
								<Options>5</Options>
							</Graphic>
							<Time>
								<Options>143</Options>
							</Time>
							<Numeric>
								<Options>2304</Options>
								<Style>
									<Negative>
										<Color red="221" green="0" blue="0" alpha="1.00"></Color>
									</Negative>
								</Style>
								<DecimalDigits>2</DecimalDigits>
							</Numeric>
						</Formatting>
					</ExtendedAttributes>
					<Accessibility>
						<Label>46</Label>
					</Accessibility>
				</LayoutObject>
				<LayoutObject id="46" type="Text" name="" kind="2">
					<UUID>893C142E-46B2-4D45-8F28-0FF1839AF6F9</UUID>
					<Bounds top="72" left="122" bottom="88" right="162"></Bounds>
					<Options>805306368</Options>
					<Text>
						<Options>0</Options>
						<StyledText>
							<Data><![CDATA[clients]]></Data>
						</StyledText>
					</Text>
					<LocalCSS name=""><![CDATA[self:normal .self
{
	text-align: right;
	-fm-text-vertical-align: center;
}
]]></LocalCSS>
				</LayoutObject>
				<LayoutObject id="47" type="Bearbeitungsfeld" name="" kind="1">
					<UUID>869F08DC-42E2-4A26-8DCF-C8CF26EF06B2</UUID>
					<Bounds top="92" left="173" bottom="113" right="426"></Bounds>
					<Options>805306368</Options>
					<Field>
						<FieldReference id="12" name="decryptHint" repetition="1" UUID="684F826A-FC0E-4284-AF15-E0168FBE9B1F">
							<TableOccurrenceReference id="1065091" name="FIL__files" UUID="8B099E71-F6C5-4B81-8958-B3DECDA66D25"></TableOccurrenceReference>
						</FieldReference>
						<Options>1048608</Options>
						<Display Style="0" show="1"></Display>
						<Usage inputMode="0" type="1"></Usage>
					</Field>
					<ExtendedAttributes>
						<Formatting>
							<Graphic>
								<Options>5</Options>
							</Graphic>
							<Time>
								<Options>143</Options>
							</Time>
							<Numeric>
								<Options>2304</Options>
								<Style>
									<Negative>
										<Color red="221" green="0" blue="0" alpha="1.00"></Color>
									</Negative>
								</Style>
								<DecimalDigits>2</DecimalDigits>
							</Numeric>
						</Formatting>
					</ExtendedAttributes>
					<Accessibility>
						<Label>48</Label>
					</Accessibility>
				</LayoutObject>
				<LayoutObject id="48" type="Text" name="" kind="2">
					<UUID>BAE1F2A1-F3E1-432A-88CA-1CCF59A98746</UUID>
					<Bounds top="95" left="96" bottom="111" right="162"></Bounds>
					<Options>805306368</Options>
					<Text>
						<Options>0</Options>
						<StyledText>
							<Data><![CDATA[decryptHint]]></Data>
						</StyledText>
					</Text>
					<LocalCSS name=""><![CDATA[self:normal .self
{
	text-align: right;
	-fm-text-vertical-align: center;
}
]]></LocalCSS>
				</LayoutObject>
				<LayoutObject id="49" type="Bearbeitungsfeld" name="" kind="1">
					<UUID>DBD5A8E7-CA58-441B-A13F-B666BA885CF2</UUID>
					<Bounds top="115" left="173" bottom="136" right="426"></Bounds>
					<Options>805306368</Options>
					<Field>
						<FieldReference id="10" name="enabledExtPrivileges" repetition="1" UUID="9817E566-5B84-4CD1-A3BB-0B65947BA3D4">
							<TableOccurrenceReference id="1065091" name="FIL__files" UUID="8B099E71-F6C5-4B81-8958-B3DECDA66D25"></TableOccurrenceReference>
						</FieldReference>
						<Options>1048608</Options>
						<Display Style="0" show="1"></Display>
						<Usage inputMode="0" type="1"></Usage>
					</Field>
					<ExtendedAttributes>
						<Formatting>
							<Graphic>
								<Options>5</Options>
							</Graphic>
							<Time>
								<Options>143</Options>
							</Time>
							<Numeric>
								<Options>2304</Options>
								<Style>
									<Negative>
										<Color red="221" green="0" blue="0" alpha="1.00"></Color>
									</Negative>
								</Style>
								<DecimalDigits>2</DecimalDigits>
							</Numeric>
						</Formatting>
					</ExtendedAttributes>
					<Accessibility>
						<Label>50</Label>
					</Accessibility>
				</LayoutObject>
				<LayoutObject id="50" type="Text" name="" kind="2">
					<UUID>ED84F7C8-9935-43DF-ACE5-04997B9B79A5</UUID>
					<Bounds top="118" left="44" bottom="134" right="162"></Bounds>
					<Options>805306368</Options>
					<Text>
						<Options>0</Options>
						<StyledText>
							<Data><![CDATA[enabledExtPrivileges]]></Data>
						</StyledText>
					</Text>
					<LocalCSS name=""><![CDATA[self:normal .self
{
	text-align: right;
	-fm-text-vertical-align: center;
}
]]></LocalCSS>
				</LayoutObject>
				<LayoutObject id="51" type="Bearbeitungsfeld" name="" kind="1">
					<UUID>055D468F-F0AE-4383-AA8B-16E9CE359273</UUID>
					<Bounds top="138" left="173" bottom="159" right="426"></Bounds>
					<Options>805306368</Options>
					<Field>
						<FieldReference id="3" name="filename" repetition="1" UUID="F545E4A5-A186-4F08-8A7B-8A0AB014E387">
							<TableOccurrenceReference id="1065091" name="FIL__files" UUID="8B099E71-F6C5-4B81-8958-B3DECDA66D25"></TableOccurrenceReference>
						</FieldReference>
						<Options>1048608</Options>
						<Display Style="0" show="1"></Display>
						<Usage inputMode="0" type="1"></Usage>
					</Field>
					<ExtendedAttributes>
						<Formatting>
							<Graphic>
								<Options>5</Options>
							</Graphic>
							<Time>
								<Options>143</Options>
							</Time>
							<Numeric>
								<Options>2304</Options>
								<Style>
									<Negative>
										<Color red="221" green="0" blue="0" alpha="1.00"></Color>
									</Negative>
								</Style>
								<DecimalDigits>2</DecimalDigits>
							</Numeric>
						</Formatting>
					</ExtendedAttributes>
					<Accessibility>
						<Label>52</Label>
					</Accessibility>
				</LayoutObject>
				<LayoutObject id="52" type="Text" name="" kind="2">
					<UUID>D76EF5CD-FF8B-4E57-BCD3-455ED5F63467</UUID>
					<Bounds top="141" left="111" bottom="157" right="162"></Bounds>
					<Options>805306368</Options>
					<Text>
						<Options>0</Options>
						<StyledText>
							<Data><![CDATA[filename]]></Data>
						</StyledText>
					</Text>
					<LocalCSS name=""><![CDATA[self:normal .self
{
	text-align: right;
	-fm-text-vertical-align: center;
}
]]></LocalCSS>
				</LayoutObject>
				<LayoutObject id="53" type="Bearbeitungsfeld" name="" kind="1">
					<UUID>B83B864A-B9E7-44F6-BB70-EA8C57D02D59</UUID>
					<Bounds top="161" left="173" bottom="182" right="426"></Bounds>
					<Options>805306368</Options>
					<Field>
						<FieldReference id="4" name="folder" repetition="1" UUID="FDFE2787-35FD-4D4E-A45D-374F2128975C">
							<TableOccurrenceReference id="1065091" name="FIL__files" UUID="8B099E71-F6C5-4B81-8958-B3DECDA66D25"></TableOccurrenceReference>
						</FieldReference>
						<Options>1048608</Options>
						<Display Style="0" show="1"></Display>
						<Usage inputMode="0" type="1"></Usage>
					</Field>
					<ExtendedAttributes>
						<Formatting>
							<Graphic>
								<Options>5</Options>
							</Graphic>
							<Time>
								<Options>143</Options>
							</Time>
							<Numeric>
								<Options>2304</Options>
								<Style>
									<Negative>
										<Color red="221" green="0" blue="0" alpha="1.00"></Color>
									</Negative>
								</Style>
								<DecimalDigits>2</DecimalDigits>
							</Numeric>
						</Formatting>
					</ExtendedAttributes>
					<Accessibility>
						<Label>54</Label>
					</Accessibility>
				</LayoutObject>
				<LayoutObject id="54" type="Text" name="" kind="2">
					<UUID>ED72DFC0-CBF6-447E-8620-7871CF448172</UUID>
					<Bounds top="164" left="126" bottom="180" right="162"></Bounds>
					<Options>805306368</Options>
					<Text>
						<Options>0</Options>
						<StyledText>
							<Data><![CDATA[folder]]></Data>
						</StyledText>
					</Text>
					<LocalCSS name=""><![CDATA[self:normal .self
{
	text-align: right;
	-fm-text-vertical-align: center;
}
]]></LocalCSS>
				</LayoutObject>
				<LayoutObject id="55" type="Bearbeitungsfeld" name="" kind="1">
					<UUID>D87CBC2E-E0E7-4466-9D00-5B1E9B182EC2</UUID>
					<Bounds top="184" left="173" bottom="205" right="426"></Bounds>
					<Options>805306368</Options>
					<Field>
						<FieldReference id="5" name="hasSavedDecryptKey" repetition="1" UUID="59CEE093-3EC2-44DE-B4DB-9D7DF841697E">
							<TableOccurrenceReference id="1065091" name="FIL__files" UUID="8B099E71-F6C5-4B81-8958-B3DECDA66D25"></TableOccurrenceReference>
						</FieldReference>
						<Options>1048608</Options>
						<Display Style="0" show="1"></Display>
						<Usage inputMode="0" type="1"></Usage>
					</Field>
					<ExtendedAttributes>
						<Formatting>
							<Graphic>
								<Options>5</Options>
							</Graphic>
							<Time>
								<Options>143</Options>
							</Time>
							<Numeric>
								<Options>2304</Options>
								<Style>
									<Negative>
										<Color red="221" green="0" blue="0" alpha="1.00"></Color>
									</Negative>
								</Style>
								<DecimalDigits>2</DecimalDigits>
							</Numeric>
						</Formatting>
					</ExtendedAttributes>
					<Accessibility>
						<Label>56</Label>
					</Accessibility>
				</LayoutObject>
				<LayoutObject id="56" type="Text" name="" kind="2">
					<UUID>5E16AB3D-D389-4448-826D-FBBECF2EC816</UUID>
					<Bounds top="187" left="41" bottom="203" right="162"></Bounds>
					<Options>805306368</Options>
					<Text>
						<Options>0</Options>
						<StyledText>
							<Data><![CDATA[hasSavedDecryptKey]]></Data>
						</StyledText>
					</Text>
					<LocalCSS name=""><![CDATA[self:normal .self
{
	text-align: right;
	-fm-text-vertical-align: center;
}
]]></LocalCSS>
				</LayoutObject>
				<LayoutObject id="57" type="Bearbeitungsfeld" name="" kind="1">
					<UUID>9C7E7D0B-927E-4601-8164-178EE41D34B0</UUID>
					<Bounds top="207" left="173" bottom="228" right="252"></Bounds>
					<Options>805306368</Options>
					<Field>
						<FieldReference id="1" name="ID" repetition="1" UUID="A51AE5AE-3FCD-403B-B096-392DB3CC9702">
							<TableOccurrenceReference id="1065091" name="FIL__files" UUID="8B099E71-F6C5-4B81-8958-B3DECDA66D25"></TableOccurrenceReference>
						</FieldReference>
						<Options>1048608</Options>
						<Display Style="0" show="1"></Display>
						<Usage inputMode="0" type="1"></Usage>
					</Field>
					<ExtendedAttributes>
						<Formatting>
							<Graphic>
								<Options>5</Options>
							</Graphic>
							<Time>
								<Options>143</Options>
							</Time>
							<Numeric>
								<Options>2304</Options>
								<Style>
									<Negative>
										<Color red="221" green="0" blue="0" alpha="1.00"></Color>
									</Negative>
								</Style>
								<DecimalDigits>2</DecimalDigits>
							</Numeric>
						</Formatting>
					</ExtendedAttributes>
					<Accessibility>
						<Label>58</Label>
					</Accessibility>
				</LayoutObject>
				<LayoutObject id="58" type="Text" name="" kind="2">
					<UUID>2BFA7683-60D7-4237-B47D-66554269692D</UUID>
					<Bounds top="210" left="145" bottom="226" right="162"></Bounds>
					<Options>805306368</Options>
					<Text>
						<Options>0</Options>
						<StyledText>
							<Data><![CDATA[ID]]></Data>
						</StyledText>
					</Text>
					<LocalCSS name=""><![CDATA[self:normal .self
{
	text-align: right;
	-fm-text-vertical-align: center;
}
]]></LocalCSS>
				</LayoutObject>
				<LayoutObject id="59" type="Bearbeitungsfeld" name="" kind="1">
					<UUID>826FB03E-E326-4384-847E-56DB80B592E2</UUID>
					<Bounds top="230" left="173" bottom="251" right="426"></Bounds>
					<Options>805306368</Options>
					<Field>
						<FieldReference id="6" name="id_files" repetition="1" UUID="E3933670-DA97-437A-A948-5B002A8A25FE">
							<TableOccurrenceReference id="1065091" name="FIL__files" UUID="8B099E71-F6C5-4B81-8958-B3DECDA66D25"></TableOccurrenceReference>
						</FieldReference>
						<Options>1048608</Options>
						<Display Style="0" show="1"></Display>
						<Usage inputMode="0" type="1"></Usage>
					</Field>
					<ExtendedAttributes>
						<Formatting>
							<Graphic>
								<Options>5</Options>
							</Graphic>
							<Time>
								<Options>143</Options>
							</Time>
							<Numeric>
								<Options>2304</Options>
								<Style>
									<Negative>
										<Color red="221" green="0" blue="0" alpha="1.00"></Color>
									</Negative>
								</Style>
								<DecimalDigits>2</DecimalDigits>
							</Numeric>
						</Formatting>
					</ExtendedAttributes>
					<Accessibility>
						<Label>60</Label>
					</Accessibility>
				</LayoutObject>
				<LayoutObject id="60" type="Text" name="" kind="2">
					<UUID>864C62AB-F6C4-4F64-89A8-18770935F5B5</UUID>
					<Bounds top="233" left="119" bottom="249" right="162"></Bounds>
					<Options>805306368</Options>
					<Text>
						<Options>0</Options>
						<StyledText>
							<Data><![CDATA[id_files]]></Data>
						</StyledText>
					</Text>
					<LocalCSS name=""><![CDATA[self:normal .self
{
	text-align: right;
	-fm-text-vertical-align: center;
}
]]></LocalCSS>
				</LayoutObject>
				<LayoutObject id="61" type="Bearbeitungsfeld" name="" kind="1">
					<UUID>68379EA4-DAC1-4FDC-843F-188A33075CD5</UUID>
					<Bounds top="253" left="173" bottom="274" right="252"></Bounds>
					<Options>805306368</Options>
					<Field>
						<FieldReference id="2" name="ID_Server" repetition="1" UUID="30F0A0B5-D206-4F86-A3AB-B208D43DB4AD">
							<TableOccurrenceReference id="1065091" name="FIL__files" UUID="8B099E71-F6C5-4B81-8958-B3DECDA66D25"></TableOccurrenceReference>
						</FieldReference>
						<Options>1048608</Options>
						<Display Style="0" show="1"></Display>
						<Usage inputMode="0" type="1"></Usage>
					</Field>
					<ExtendedAttributes>
						<Formatting>
							<Graphic>
								<Options>5</Options>
							</Graphic>
							<Time>
								<Options>143</Options>
							</Time>
							<Numeric>
								<Options>2304</Options>
								<Style>
									<Negative>
										<Color red="221" green="0" blue="0" alpha="1.00"></Color>
									</Negative>
								</Style>
								<DecimalDigits>2</DecimalDigits>
							</Numeric>
						</Formatting>
					</ExtendedAttributes>
					<Accessibility>
						<Label>62</Label>
					</Accessibility>
				</LayoutObject>
				<LayoutObject id="62" type="Text" name="" kind="2">
					<UUID>3E24A8C4-7D92-48F5-9CB3-9B3D866244BB</UUID>
					<Bounds top="256" left="102" bottom="272" right="162"></Bounds>
					<Options>805306368</Options>
					<Text>
						<Options>0</Options>
						<StyledText>
							<Data><![CDATA[ID_Server]]></Data>
						</StyledText>
					</Text>
					<LocalCSS name=""><![CDATA[self:normal .self
{
	text-align: right;
	-fm-text-vertical-align: center;
}
]]></LocalCSS>
				</LayoutObject>
				<LayoutObject id="63" type="Bearbeitungsfeld" name="" kind="1">
					<UUID>7543532D-4629-47DD-BA3F-0D796F2835D9</UUID>
					<Bounds top="276" left="173" bottom="297" right="426"></Bounds>
					<Options>805306368</Options>
					<Field>
						<FieldReference id="7" name="isEncrypted" repetition="1" UUID="FBF74CBD-BDC9-423D-8201-E9B2FBB6356C">
							<TableOccurrenceReference id="1065091" name="FIL__files" UUID="8B099E71-F6C5-4B81-8958-B3DECDA66D25"></TableOccurrenceReference>
						</FieldReference>
						<Options>1048608</Options>
						<Display Style="0" show="1"></Display>
						<Usage inputMode="0" type="1"></Usage>
					</Field>
					<ExtendedAttributes>
						<Formatting>
							<Graphic>
								<Options>5</Options>
							</Graphic>
							<Time>
								<Options>143</Options>
							</Time>
							<Numeric>
								<Options>2304</Options>
								<Style>
									<Negative>
										<Color red="221" green="0" blue="0" alpha="1.00"></Color>
									</Negative>
								</Style>
								<DecimalDigits>2</DecimalDigits>
							</Numeric>
						</Formatting>
					</ExtendedAttributes>
					<Accessibility>
						<Label>64</Label>
					</Accessibility>
				</LayoutObject>
				<LayoutObject id="64" type="Text" name="" kind="2">
					<UUID>2E72AD4A-8A70-45B7-A5E4-F1A5C1960A7B</UUID>
					<Bounds top="279" left="94" bottom="295" right="162"></Bounds>
					<Options>805306368</Options>
					<Text>
						<Options>0</Options>
						<StyledText>
							<Data><![CDATA[isEncrypted]]></Data>
						</StyledText>
					</Text>
					<LocalCSS name=""><![CDATA[self:normal .self
{
	text-align: right;
	-fm-text-vertical-align: center;
}
]]></LocalCSS>
				</LayoutObject>
				<LayoutObject id="65" type="Bearbeitungsfeld" name="" kind="1">
					<UUID>33D48CF3-2960-49DC-8A14-D28643712EBA</UUID>
					<Bounds top="299" left="173" bottom="320" right="426"></Bounds>
					<Options>805306368</Options>
					<Field>
						<FieldReference id="8" name="size" repetition="1" UUID="F8858ED9-EB73-412C-923F-12EB8D8099CD">
							<TableOccurrenceReference id="1065091" name="FIL__files" UUID="8B099E71-F6C5-4B81-8958-B3DECDA66D25"></TableOccurrenceReference>
						</FieldReference>
						<Options>1048608</Options>
						<Display Style="0" show="1"></Display>
						<Usage inputMode="0" type="1"></Usage>
					</Field>
					<ExtendedAttributes>
						<Formatting>
							<Graphic>
								<Options>5</Options>
							</Graphic>
							<Time>
								<Options>143</Options>
							</Time>
							<Numeric>
								<Options>2304</Options>
								<Style>
									<Negative>
										<Color red="221" green="0" blue="0" alpha="1.00"></Color>
									</Negative>
								</Style>
								<DecimalDigits>2</DecimalDigits>
							</Numeric>
						</Formatting>
					</ExtendedAttributes>
					<Accessibility>
						<Label>66</Label>
					</Accessibility>
				</LayoutObject>
				<LayoutObject id="66" type="Text" name="" kind="2">
					<UUID>35EA1853-B758-4A78-9C80-28978F082C06</UUID>
					<Bounds top="302" left="135" bottom="318" right="162"></Bounds>
					<Options>805306368</Options>
					<Text>
						<Options>0</Options>
						<StyledText>
							<Data><![CDATA[size]]></Data>
						</StyledText>
					</Text>
					<LocalCSS name=""><![CDATA[self:normal .self
{
	text-align: right;
	-fm-text-vertical-align: center;
}
]]></LocalCSS>
				</LayoutObject>
				<LayoutObject id="67" type="Bearbeitungsfeld" name="" kind="1">
					<UUID>914EF8A6-4014-414E-89E8-467E9B611BCF</UUID>
					<Bounds top="322" left="173" bottom="343" right="426"></Bounds>
					<Options>805306368</Options>
					<Field>
						<FieldReference id="9" name="status" repetition="1" UUID="03886F99-33A8-4D05-B151-7399F40A7914">
							<TableOccurrenceReference id="1065091" name="FIL__files" UUID="8B099E71-F6C5-4B81-8958-B3DECDA66D25"></TableOccurrenceReference>
						</FieldReference>
						<Options>1048608</Options>
						<Display Style="0" show="1"></Display>
						<Usage inputMode="0" type="1"></Usage>
					</Field>
					<ExtendedAttributes>
						<Formatting>
							<Graphic>
								<Options>5</Options>
							</Graphic>
							<Time>
								<Options>143</Options>
							</Time>
							<Numeric>
								<Options>2304</Options>
								<Style>
									<Negative>
										<Color red="221" green="0" blue="0" alpha="1.00"></Color>
									</Negative>
								</Style>
								<DecimalDigits>2</DecimalDigits>
							</Numeric>
						</Formatting>
					</ExtendedAttributes>
					<Accessibility>
						<Label>68</Label>
					</Accessibility>
				</LayoutObject>
				<LayoutObject id="68" type="Text" name="" kind="2">
					<UUID>839A6F90-15D7-4EA2-978B-BA0E15F5E04D</UUID>
					<Bounds top="325" left="124" bottom="341" right="162"></Bounds>
					<Options>805306368</Options>
					<Text>
						<Options>0</Options>
						<StyledText>
							<Data><![CDATA[status]]></Data>
						</StyledText>
					</Text>
					<LocalCSS name=""><![CDATA[self:normal .self
{
	text-align: right;
	-fm-text-vertical-align: center;
}
]]></LocalCSS>
				</LayoutObject>
			</ObjectList>
		</Part>
		<Part type="Fußbereich" kind="7">
			<Definition type="Fußbereich" kind="7" size="40" absolute="532" Options="0"></Definition>
		</Part>
	</PartsList>
	<UUID modifications="4" userName="Malte Bastian" accountName="Admin" timestamp="2024-02-18T17:38:30">A114D779-A434-469A-9CF6-58AC4B56AE06</UUID>
	<TagList></TagList>
	<ClientType>0</ClientType>
	<Options hidden="True">15927297</Options>
</Layout>
