---
source: src/tests.rs
expression: output_content
---
<CustomMenu name="[Go to Record]" id="15">
	<UUID modifications="0" userName="Mislav" accountName="Admin" timestamp="2025-04-16T17:58:46">AB7C0171-95E6-4FCA-94F5-A2F3B63D206E</UUID>
	<TagList></TagList>
	<MenuItemList membercount="0"></MenuItemList>
	<Conditions>
		<Install>
			<Calculation>
				<DDRREF kind="ChunkList" hash="A93F17BC54CA1958073B692697D5ED21">_AB7C0171-95E6-4FCA-94F5-A2F3B63D206E_Install</DDRREF>
				<Text><![CDATA[1]]></Text>
			</Calculation>
		</Install>
	</Conditions>
	<Comment></Comment>
	<Base name="Go to Record" value="159"></Base>
	<Options browseMode="True" findMode="False" previewMode="True"></Options>
</CustomMenu>
