---
source: src/tests.rs
expression: output_content
---
<CustomMenu name="[Show Window]" id="16">
	<UUID modifications="0" userName="Mislav" accountName="Admin" timestamp="2025-04-16T17:58:46">841689BD-7101-4D98-B920-D563BD8C44F6</UUID>
	<TagList></TagList>
	<MenuItemList membercount="0"></MenuItemList>
	<Conditions>
		<Install>
			<Calculation>
				<DDRREF kind="ChunkList" hash="A93F17BC54CA1958073B692697D5ED21">_841689BD-7101-4D98-B920-D563BD8C44F6_Install</DDRREF>
				<Text><![CDATA[1]]></Text>
			</Calculation>
		</Install>
	</Conditions>
	<Comment></Comment>
	<Base name="Show Window" value="38"></Base>
	<Options browseMode="True" findMode="True" previewMode="True"></Options>
</CustomMenu>
