---
source: src/tests.rs
expression: output_content
---

# 20121101 MrW

AnwenderAbbruchZulassen setzen [ OFF ]
Fehleraufzeichnung setzen [ ON ]

Script ausführen [ "Delete orphaned and empty GUI-Syntax entries" ; Specified: Aus Liste ; Parameter: ]
Script ausführen [ "Show All GUI-Syntax" ; Specified: Aus Liste ; Parameter: ]
