---
source: src/tests.rs
expression: output_content
---
<TableOccurrence viewState="Collapse" height="72" id="1065118" name="FMS_PUB__publickeys" type="Local">
	<UUID modifications="15" userName="Malte Bastian" accountName="Admin" timestamp="2024-02-18T17:38:30">DAC791F0-6B95-4724-AC57-C82AB86800DC</UUID>
	<BaseTableSourceReference type="BaseTableReference">
		<BaseTableReference id="138" name="publickeys" UUID="C3D51E2B-0DF8-4C33-B990-F48BB3B8B7AD"></BaseTableReference>
	</BaseTableSourceReference>
	<CoordRect top="240" left="289" bottom="358" right="461"></CoordRect>
	<Color red="164" green="8" blue="0" alpha="1.00"></Color>
	<TagList></TagList>
</TableOccurrence>
