---
source: src/tests.rs
expression: output_content
---
<TableOccurrence viewState="Collapse" height="60" id="1065100" name="FMS_CLI__clients" type="Local">
	<UUID modifications="61" userName="Mike Duncan" accountName="Admin" timestamp="2023-01-24T17:36:22">FB73033E-712E-4F24-9C31-F2CDD317C0F0</UUID>
	<BaseTableSourceReference type="BaseTableReference">
		<BaseTableReference id="132" name="clients" UUID="99FC8C8F-8C46-4EA8-9C13-74F16518A0ED"></BaseTableReference>
	</BaseTableSourceReference>
	<CoordRect top="19" left="289" bottom="137" right="461"></CoordRect>
	<Color red="164" green="8" blue="0" alpha="1.00"></Color>
	<TagList></TagList>
</TableOccurrence>
