---
source: src/main.rs
expression: output_content
---
<CustomFunction id="18" name="_Hex" access="All">
	<UUID modifications="2" userName="R.Watson" accountName="admin" timestamp="2020-08-04T09:52:12">EB84C840-E38F-40FF-AACC-8EBEF71068C7</UUID>
	<Display>_Hex ( pNumber )</Display>
	<ObjectList membercount="1">
		<Parameter name="pNumber"></Parameter>
	</ObjectList>
</CustomFunction>
