---
source: src/tests.rs
expression: output_content
---
<Script>
	<ScriptReference id="20" name="Control" UUID="85C09F94-BC0D-46BC-AE0F-BEE278F6FF4F"></ScriptReference>
	<ObjectList membercount="38">
		<Step hash="D417F1EA5BEA083A954E4C8E50061003" index="0" id="89" name="# (comment)" enable="True">
			<UUID>C0ABE0FC-EFCD-47A6-B85D-2A43F50647FD</UUID>
			<OwnerID></OwnerID>
			<Options>0</Options>
			<DDRREF kind="StepText" hash="F2528CB0863A60B45C3C91693604B187">_C0ABE0FC-EFCD-47A6-B85D-2A43F50647FD</DDRREF>
			<ParameterValues membercount="1">
				<Parameter type="Comment">
					<Comment></Comment>
				</Parameter>
			</ParameterValues>
		</Step>
		<Step hash="4017158A8E2278BB79287777FB306669" index="1" id="85" name="Allow User Abort" enable="True">
			<UUID>DA1E3B1F-531A-4495-8201-29366DC88E06</UUID>
			<OwnerID></OwnerID>
			<Options>65536</Options>
			<DDRREF kind="StepText" hash="E1EE92CDF2D06748158775BC345552C8">_DA1E3B1F-531A-4495-8201-29366DC88E06</DDRREF>
			<ParameterValues membercount="1">
				<Parameter type="Boolean">
					<Boolean id="131072" value="False"></Boolean>
				</Parameter>
			</ParameterValues>
		</Step>
		<Step hash="CBF90503BC3EF5DF64A2641461B94E3B" index="2" id="89" name="# (comment)" enable="True">
			<UUID>9C7DA20F-8F88-4DC1-8F52-8A4E0C70866F</UUID>
			<OwnerID></OwnerID>
			<Options>0</Options>
			<DDRREF kind="StepText" hash="DEDCE8EF88153AE7D2749170315AC098">_9C7DA20F-8F88-4DC1-8F52-8A4E0C70866F</DDRREF>
			<ParameterValues membercount="1">
				<Parameter type="Comment">
					<Comment></Comment>
				</Parameter>
			</ParameterValues>
		</Step>
		<Step hash="CBA8610A17A94BC7A30C118B4D8C1CC2" index="3" id="205" name="Open Transaction" enable="True">
			<UUID>D6F15999-5EAD-4D0A-A281-079CD46C44AF</UUID>
			<OwnerID></OwnerID>
			<Options>0</Options>
			<DDRREF kind="StepText" hash="1F29199FEECA4AF0C09244F874ADD4D0">_D6F15999-5EAD-4D0A-A281-079CD46C44AF</DDRREF>
			<ParameterValues membercount="4">
				<Parameter type="Boolean">
					<Boolean type="Collapsed" id="33554432" value="False"></Boolean>
				</Parameter>
				<Parameter type="Boolean">
					<Boolean type="Skip auto-enter options" id="4096" value="False"></Boolean>
				</Parameter>
				<Parameter type="Boolean">
					<Boolean type="Skip data entry validation" id="256" value="False"></Boolean>
				</Parameter>
				<Parameter type="Boolean">
					<Boolean type="Override ESS locking conflicts" id="512" value="False"></Boolean>
				</Parameter>
			</ParameterValues>
		</Step>
		<Step hash="27A41BA44FF3863B21D411B8A2B2DF0D" index="4" id="223" name="Set Revert Transaction on Error" enable="True">
			<UUID>0822A9FF-D3FB-4582-8913-77493CB459C1</UUID>
			<OwnerID></OwnerID>
			<Options>65536</Options>
			<DDRREF kind="StepText" hash="E9C09672192F6FF351274E3BC56F975F">_0822A9FF-D3FB-4582-8913-77493CB459C1</DDRREF>
			<ParameterValues membercount="1">
				<Parameter type="Boolean">
					<Boolean id="131072" value="False"></Boolean>
				</Parameter>
			</ParameterValues>
		</Step>
		<Step hash="F5B7528D93802CF5369FC38F1B4D779E" index="5" id="207" name="Revert Transaction" enable="True">
			<UUID>CEDD4AB6-9D22-4037-9950-8103D4D926FC</UUID>
			<OwnerID></OwnerID>
			<Options>0</Options>
			<DDRREF kind="StepText" hash="94A7A4D2930CEBEF9DF855CB12839BB3">_CEDD4AB6-9D22-4037-9950-8103D4D926FC</DDRREF>
			<ParameterValues membercount="2">
				<Parameter type="Boolean">
					<Boolean type="Condition" id="256" value="False"></Boolean>
				</Parameter>
				<Parameter type="Boolean">
					<Boolean type="Error Code" id="512" value="False"></Boolean>
				</Parameter>
			</ParameterValues>
		</Step>
		<Step hash="0C9ACB69C80AE9279853BA03AF8F9400" index="6" id="206" name="Commit Transaction" enable="True">
			<UUID>4B43BFCE-2AB6-458A-8653-D4AF83A90C68</UUID>
			<OwnerID></OwnerID>
			<Options>0</Options>
			<DDRREF kind="StepText" hash="5F147D112E5B191DF57CD46B42DA956A">_4B43BFCE-2AB6-458A-8653-D4AF83A90C68</DDRREF>
		</Step>
		<Step hash="6AB2BA2902DEF0938062E10D2467C207" index="7" id="89" name="# (comment)" enable="True">
			<UUID>697F6A43-8D76-4A06-B1C4-4BE3F1E01CEE</UUID>
			<OwnerID></OwnerID>
			<Options>0</Options>
			<DDRREF kind="StepText" hash="ACF35FE5087E82D52371D6A68EA29F9E">_697F6A43-8D76-4A06-B1C4-4BE3F1E01CEE</DDRREF>
			<ParameterValues membercount="1">
				<Parameter type="Comment">
					<Comment></Comment>
				</Parameter>
			</ParameterValues>
		</Step>
		<Step hash="E6CE57BBFFC69158933EE2527127BC49" index="8" id="187" name="Configure Local Notification" enable="True">
			<UUID>D6507D1A-1B29-40CA-8375-3D287FF548D0</UUID>
			<OwnerID></OwnerID>
			<Options>0</Options>
			<DDRREF kind="StepText" hash="0418A5F8DE62C5489EAF066DFED39F82">_D6507D1A-1B29-40CA-8375-3D287FF548D0</DDRREF>
			<ParameterValues membercount="1">
				<Parameter type="action">
					<List name="Queue" value="0"></List>
				</Parameter>
			</ParameterValues>
		</Step>
		<Step hash="CCD91C4B37A188684015FF6FCFA1648A" index="9" id="201" name="Configure NFC Reading" enable="True">
			<UUID>6E32D747-59BC-4444-8D30-9A37E6C4588D</UUID>
			<OwnerID></OwnerID>
			<Options>0</Options>
			<DDRREF kind="StepText" hash="F75094EF59C1FBABB99000D501D1A98B">_6E32D747-59BC-4444-8D30-9A37E6C4588D</DDRREF>
			<ParameterValues membercount="1">
				<Parameter type="action">
					<List name="Read" value="0"></List>
				</Parameter>
			</ParameterValues>
		</Step>
		<Step hash="20CBAAE08CB85FDCBE7243E3F229B8D0" index="10" id="185" name="Configure Region Monitor Script" enable="True">
			<UUID>B7379F88-FAC0-4F05-BAFF-01F3C31516D0</UUID>
			<OwnerID></OwnerID>
			<Options>0</Options>
			<DDRREF kind="StepText" hash="900A564AD5B505B9A1A1C15211266493">_B7379F88-FAC0-4F05-BAFF-01F3C31516D0</DDRREF>
			<ParameterValues membercount="1">
				<Parameter type="Monitor">
					<List name="iBeacon" value="0"></List>
				</Parameter>
			</ParameterValues>
		</Step>
		<Step hash="DC4ED5AF617DBF87ADA6BB4E4FC80A24" index="11" id="89" name="# (comment)" enable="True">
			<UUID>E02E6D7A-9C7C-48B2-BC05-F01B377B6C83</UUID>
			<OwnerID></OwnerID>
			<Options>0</Options>
			<DDRREF kind="StepText" hash="872697CD04FE4D22CA77FCC2AFC669F7">_E02E6D7A-9C7C-48B2-BC05-F01B377B6C83</DDRREF>
			<ParameterValues membercount="1">
				<Parameter type="Comment">
					<Comment></Comment>
				</Parameter>
			</ParameterValues>
		</Step>
		<Step hash="723F6C958DFFE4097E045BC114FA7204" index="12" id="68" name="If" enable="True">
			<UUID>7B0DEB3D-AB4C-4558-9C56-8ACED349D86F</UUID>
			<OwnerID></OwnerID>
			<Options>0</Options>
			<DDRREF kind="StepText" hash="C2EF5C96C53929CEEED7FD98339AEB9A">_7B0DEB3D-AB4C-4558-9C56-8ACED349D86F</DDRREF>
			<ParameterValues membercount="1">
				<Parameter type="Boolean">
					<Boolean type="Collapsed" id="33554432" value="False"></Boolean>
				</Parameter>
			</ParameterValues>
		</Step>
		<Step hash="523DF9E1D4D472B671D4396AEA2C6D77" index="13" id="125" name="Else If" enable="True">
			<UUID>E972FC45-14F0-4066-BC9E-2A7EDAFC1847</UUID>
			<OwnerID></OwnerID>
			<Options>0</Options>
			<DDRREF kind="StepText" hash="9660CEE9051BA6A99E69AE6B8F7FA38F">_E972FC45-14F0-4066-BC9E-2A7EDAFC1847</DDRREF>
			<ParameterValues membercount="1">
				<Parameter type="Boolean">
					<Boolean type="Collapsed" id="33554432" value="False"></Boolean>
				</Parameter>
			</ParameterValues>
		</Step>
		<Step hash="86863B01A712D03F522CD62C2241C84F" index="14" id="69" name="Else" enable="True">
			<UUID>DFA96EC2-92D1-4926-8D91-2CAC4434BB41</UUID>
			<OwnerID></OwnerID>
			<Options>0</Options>
			<DDRREF kind="StepText" hash="6F1EFBD0E385EA5819D79DAEC3D0836C">_DFA96EC2-92D1-4926-8D91-2CAC4434BB41</DDRREF>
			<ParameterValues membercount="2">
				<Parameter type="Boolean">
					<Boolean type="Collapsed" id="33554432" value="False"></Boolean>
				</Parameter>
				<Parameter type="Boolean">
					<Boolean type="Collapsed" id="33554432" value="False"></Boolean>
				</Parameter>
			</ParameterValues>
		</Step>
		<Step hash="892A5D95774DF6528D0C638B7C22AF67" index="15" id="70" name="End If" enable="True">
			<UUID>AFA49885-419B-4A13-949B-9DA280C27275</UUID>
			<OwnerID></OwnerID>
			<Options>0</Options>
			<DDRREF kind="StepText" hash="98CDDC6CEC12AC2768A4F16CBBC2B285">_AFA49885-419B-4A13-949B-9DA280C27275</DDRREF>
		</Step>
		<Step hash="6F80083069328FEB7AFBBEF165D3BE88" index="16" id="89" name="# (comment)" enable="True">
			<UUID>ACFD4BE8-BB7B-4B69-8DA7-7742868A535F</UUID>
			<OwnerID></OwnerID>
			<Options>0</Options>
			<DDRREF kind="StepText" hash="CED9D55ED2A7442999B496838BDD695A">_ACFD4BE8-BB7B-4B69-8DA7-7742868A535F</DDRREF>
			<ParameterValues membercount="1">
				<Parameter type="Comment">
					<Comment></Comment>
				</Parameter>
			</ParameterValues>
		</Step>
		<Step hash="6B7C9E488C3193DE61A18A11BC48578B" index="17" id="71" name="Loop" enable="True">
			<UUID>61CBAE01-71AF-45CF-8DE5-8AC6DC812AFC</UUID>
			<OwnerID></OwnerID>
			<Options>256</Options>
			<DDRREF kind="StepText" hash="6E4E1F07A9653836C5D58BE5AD5DFEFC">_61CBAE01-71AF-45CF-8DE5-8AC6DC812AFC</DDRREF>
			<ParameterValues membercount="2">
				<Parameter type="Boolean">
					<Boolean type="Collapsed" id="33554432" value="False"></Boolean>
				</Parameter>
				<Parameter type="List">
					<List name="Always" value="1"></List>
				</Parameter>
			</ParameterValues>
		</Step>
		<Step hash="7697550EF0D62FADB3C09B2D64BFC76B" index="18" id="72" name="Exit Loop If" enable="True">
			<UUID>4C6B4C55-04C1-4BC7-AF91-147239879003</UUID>
			<OwnerID></OwnerID>
			<Options>16384</Options>
			<DDRREF kind="StepText" hash="337C949F65F1EBC7DCFE29060C403489">_4C6B4C55-04C1-4BC7-AF91-147239879003</DDRREF>
			<ParameterValues membercount="1">
				<Parameter type="Calculation">
					<Calculation datatype="7" position="0">
						<Calculation>
							<DDRREF kind="ChunkList" hash="B15835F133FF2E27C7CB28117BFAE8F4">_4C6B4C55-04C1-4BC7-AF91-147239879003_0</DDRREF>
							<Text><![CDATA[True]]></Text>
						</Calculation>
					</Calculation>
				</Parameter>
			</ParameterValues>
		</Step>
		<Step hash="2284B4D9B98FCA8ECC4DD8DFD6372A16" index="19" id="73" name="End Loop" enable="True">
			<UUID>34AC0803-27A1-4111-80C5-6A0ED37360F1</UUID>
			<OwnerID></OwnerID>
			<Options>0</Options>
			<DDRREF kind="StepText" hash="464122A394CFB35FF60C4E2341DC7097">_34AC0803-27A1-4111-80C5-6A0ED37360F1</DDRREF>
		</Step>
		<Step hash="506AC47B01E73340EBF554794C039EA9" index="20" id="89" name="# (comment)" enable="True">
			<UUID>0D72AFEE-0E07-4BA4-A8A6-B42D96DA839A</UUID>
			<OwnerID></OwnerID>
			<Options>0</Options>
			<DDRREF kind="StepText" hash="A4A212A20C15233B8E05E1CC29A5FBF4">_0D72AFEE-0E07-4BA4-A8A6-B42D96DA839A</DDRREF>
			<ParameterValues membercount="1">
				<Parameter type="Comment">
					<Comment></Comment>
				</Parameter>
			</ParameterValues>
		</Step>
		<Step hash="3F34142772866F55D65FBE6DDA74335E" index="21" id="148" name="Install OnTimer Script" enable="True">
			<UUID>90874701-0B11-40D3-9AC3-D847CE3B9FFC</UUID>
			<OwnerID></OwnerID>
			<Options>0</Options>
			<DDRREF kind="StepText" hash="D5D051B350C6C6843EF358CD85659CEB">_90874701-0B11-40D3-9AC3-D847CE3B9FFC</DDRREF>
		</Step>
		<Step hash="912CEF1CC2FD6F869170110E67F6F894" index="22" id="89" name="# (comment)" enable="True">
			<UUID>AE686C43-9875-4025-8FB0-D0B4159A8354</UUID>
			<OwnerID></OwnerID>
			<Options>0</Options>
			<DDRREF kind="StepText" hash="1692665E0C7DEE365FE76D7F4C14F6DB">_AE686C43-9875-4025-8FB0-D0B4159A8354</DDRREF>
			<ParameterValues membercount="1">
				<Parameter type="Comment">
					<Comment></Comment>
				</Parameter>
			</ParameterValues>
		</Step>
		<Step hash="802FCA87180373DA13192FDCC8E8EB9B" index="23" id="62" name="Pause/Resume Script" enable="True">
			<UUID>D818B07B-E8A9-45C0-96BB-547B3FE3843D</UUID>
			<OwnerID></OwnerID>
			<Options>0</Options>
			<DDRREF kind="StepText" hash="8D4C9379653EDA687DA470A3E5DADCD4">_D818B07B-E8A9-45C0-96BB-547B3FE3843D</DDRREF>
			<ParameterValues membercount="1">
				<Parameter type="Options">
					<Options type="Indefinitely"></Options>
				</Parameter>
			</ParameterValues>
		</Step>
		<Step hash="EB4B47B81C853DC97D157E119D517047" index="24" id="89" name="# (comment)" enable="True">
			<UUID>A065490A-19C3-4FF4-9F84-72FACA2735D1</UUID>
			<OwnerID></OwnerID>
			<Options>0</Options>
			<DDRREF kind="StepText" hash="8EC26484823818423E13613E400EB57D">_A065490A-19C3-4FF4-9F84-72FACA2735D1</DDRREF>
			<ParameterValues membercount="1">
				<Parameter type="Comment">
					<Comment></Comment>
				</Parameter>
			</ParameterValues>
		</Step>
		<Step hash="4F5154A4F9B790785A72F4D5E64E0D09" index="25" id="1" name="Perform Script" enable="True">
			<UUID>B2025C21-E6B7-4C0D-97A9-68BE9F1BA9DC</UUID>
			<OwnerID></OwnerID>
			<Options>0</Options>
			<DDRREF kind="StepText" hash="B647886710CDAF811C56B85D745EFB2A">_B2025C21-E6B7-4C0D-97A9-68BE9F1BA9DC</DDRREF>
			<ParameterValues membercount="2">
				<Parameter type="List">
					<List name="From list" value="1"></List>
				</Parameter>
				<Parameter type="Parameter">
					<Parameter></Parameter>
				</Parameter>
			</ParameterValues>
		</Step>
		<Step hash="D9521B974E1B3E368E5EF1B26BD9A925" index="26" id="164" name="Perform Script on Server" enable="True">
			<UUID>BF779181-63E7-49D9-8FC2-33F7FF0BF77C</UUID>
			<OwnerID></OwnerID>
			<Options>0</Options>
			<DDRREF kind="StepText" hash="2E9A8B56C687D1C43C81EF16E3F75306">_BF779181-63E7-49D9-8FC2-33F7FF0BF77C</DDRREF>
			<ParameterValues membercount="3">
				<Parameter type="List">
					<List name="From list" value="1"></List>
				</Parameter>
				<Parameter type="Parameter">
					<Parameter></Parameter>
				</Parameter>
				<Parameter type="Boolean">
					<Boolean type="Wait for completion" id="256" value="True"></Boolean>
				</Parameter>
			</ParameterValues>
		</Step>
		<Step hash="3BAA657B09C39BE13534210DF4C16323" index="27" id="210" name="Perform Script on Server with Callback" enable="True">
			<UUID>65DF8FD2-8AD8-48AE-8AE7-7B464D82BA6B</UUID>
			<OwnerID></OwnerID>
			<Options>2</Options>
			<DDRREF kind="StepText" hash="89BD9FEF1E2A82C6C07507AB43432052">_65DF8FD2-8AD8-48AE-8AE7-7B464D82BA6B</DDRREF>
			<ParameterValues membercount="4">
				<Parameter type="CallbackScriptState">
					<List name="Continue" value="0"></List>
				</Parameter>
				<Parameter type="CallbackScriptParameter"></Parameter>
				<Parameter type="List">
					<List name="From list" value="1"></List>
				</Parameter>
				<Parameter type="Parameter">
					<Parameter></Parameter>
				</Parameter>
			</ParameterValues>
		</Step>
		<Step hash="1EE9EF079173E6E51CDC4C683ED86AE8" index="28" id="89" name="# (comment)" enable="True">
			<UUID>0A712C34-15C6-41DF-896E-CB4BDC02A7FB</UUID>
			<OwnerID></OwnerID>
			<Options>0</Options>
			<DDRREF kind="StepText" hash="B14C60BF8DEE4C55425E2F2408CE65EB">_0A712C34-15C6-41DF-896E-CB4BDC02A7FB</DDRREF>
			<ParameterValues membercount="1">
				<Parameter type="Comment">
					<Comment></Comment>
				</Parameter>
			</ParameterValues>
		</Step>
		<Step hash="B8A6588ED58B025C4819C1BF04B2732B" index="29" id="86" name="Set Error Capture" enable="True">
			<UUID>3AF77670-ACAC-4B0C-B879-D9C76821CA41</UUID>
			<OwnerID></OwnerID>
			<Options>196608</Options>
			<DDRREF kind="StepText" hash="7F21A4F76CCB4152E053890C0DBBA280">_3AF77670-ACAC-4B0C-B879-D9C76821CA41</DDRREF>
			<ParameterValues membercount="1">
				<Parameter type="Boolean">
					<Boolean id="131072" value="True"></Boolean>
				</Parameter>
			</ParameterValues>
		</Step>
		<Step hash="E94219D5E88B4E5DCD6C1B8A7B5ABD2F" index="30" id="200" name="Set Error Logging" enable="True">
			<UUID>3E6612D2-989E-4EFA-B167-CAF2A5D45445</UUID>
			<OwnerID></OwnerID>
			<Options>0</Options>
			<DDRREF kind="StepText" hash="9AC3F1718D095CFA3DB63CBA452F2E48">_3E6612D2-989E-4EFA-B167-CAF2A5D45445</DDRREF>
			<ParameterValues membercount="1">
				<Parameter type="Boolean">
					<Boolean type="enabled" id="256" value="False"></Boolean>
				</Parameter>
			</ParameterValues>
		</Step>
		<Step hash="8A95ACA37DA73B6D4AE66C554D2D1C0D" index="31" id="168" name="Set Layout Object Animation" enable="True">
			<UUID>57EC796E-B0F2-4E34-B5F2-9CB5A31BD382</UUID>
			<OwnerID></OwnerID>
			<Options>196608</Options>
			<DDRREF kind="StepText" hash="8EE7C56B002D2B496D23CB62BBBB999E">_57EC796E-B0F2-4E34-B5F2-9CB5A31BD382</DDRREF>
			<ParameterValues membercount="1">
				<Parameter type="Boolean">
					<Boolean id="131072" value="True"></Boolean>
				</Parameter>
			</ParameterValues>
		</Step>
		<Step hash="60D3366DF7FE9A6C39C9CE0A70FBD184" index="32" id="141" name="Set Variable" enable="True">
			<UUID>3F301A52-1A38-4A29-ADC6-0F5FF865B785</UUID>
			<OwnerID></OwnerID>
			<Options>0</Options>
			<DDRREF kind="StepText" hash="B35F6601999BAC6C1E36C345BC7A3363">_3F301A52-1A38-4A29-ADC6-0F5FF865B785</DDRREF>
			<ParameterValues membercount="1">
				<Parameter type="Variable">
					<value></value>
					<Name value=""></Name>
					<repetition></repetition>
				</Parameter>
			</ParameterValues>
		</Step>
		<Step hash="AB026EDB19CE3D2075B330E9EE9723B1" index="33" id="211" name="Trigger Claris Connect Flow" enable="True">
			<UUID>1A13A127-0F4C-495C-941D-144327529B58</UUID>
			<OwnerID></OwnerID>
			<Options>20612</Options>
			<DDRREF kind="StepText" hash="EC480E5DD13191E83A88A709DEB8502D">_1A13A127-0F4C-495C-941D-144327529B58</DDRREF>
			<ParameterValues membercount="6">
				<Parameter type="Boolean">
					<Boolean type="Verify SSL Certificates" id="268435456" value="False"></Boolean>
				</Parameter>
				<Parameter type="Boolean">
					<Boolean type="Select" id="4096" value="True"></Boolean>
				</Parameter>
				<Parameter type="Boolean">
					<Boolean type="With dialog" id="128" value="False"></Boolean>
				</Parameter>
				<Parameter type="URL">
					<URL autoEncode="True"></URL>
				</Parameter>
				<Parameter type="Calculation">
					<Calculation datatype="1" position="1">
						<Calculation>
							<DDRREF kind="ChunkList" hash="FCB72AD17D3D2953E2F453D89B6BE179">_1A13A127-0F4C-495C-941D-144327529B58_1</DDRREF>
							<Text><![CDATA["--request POST --header \"Content-Type: application/json\" --data "]]></Text>
						</Calculation>
					</Calculation>
				</Parameter>
				<Parameter type="Flow">
					<Flow value="&lt;unknown&gt;"></Flow>
				</Parameter>
			</ParameterValues>
		</Step>
		<Step hash="C16B13AC049F833FE91CFDB6C4E8F2EA" index="34" id="89" name="# (comment)" enable="True">
			<UUID>6104561D-9696-4C66-82CB-D27077752EF3</UUID>
			<OwnerID></OwnerID>
			<Options>0</Options>
			<DDRREF kind="StepText" hash="02560C20D5845747A2C5012B0B484C58">_6104561D-9696-4C66-82CB-D27077752EF3</DDRREF>
			<ParameterValues membercount="1">
				<Parameter type="Comment">
					<Comment></Comment>
				</Parameter>
			</ParameterValues>
		</Step>
		<Step hash="C55A6018C09D2177E62CA2497FC38D51" index="35" id="103" name="Exit Script" enable="True">
			<UUID>F514803D-C451-4C09-AB83-C52D96BFB48D</UUID>
			<OwnerID></OwnerID>
			<Options>0</Options>
			<DDRREF kind="StepText" hash="B451F8A0897394071D97C4A0ABB626F7">_F514803D-C451-4C09-AB83-C52D96BFB48D</DDRREF>
		</Step>
		<Step hash="83FF801B8F5EFA682C143A4DFD2E49C1" index="36" id="90" name="Halt Script" enable="True">
			<UUID>B2FF0425-E086-4E9C-B071-21D03225D527</UUID>
			<OwnerID></OwnerID>
			<Options>0</Options>
			<DDRREF kind="StepText" hash="63C8E51D89E2F5DF86A6C01F9C97B57C">_B2FF0425-E086-4E9C-B071-21D03225D527</DDRREF>
		</Step>
		<Step hash="B6DF810F6F6A8E01035EE0228E5AD7D6" index="37" id="89" name="# (comment)" enable="True">
			<UUID>247289CF-14C0-49D0-8530-4F8FC174C56F</UUID>
			<OwnerID></OwnerID>
			<Options>0</Options>
			<DDRREF kind="StepText" hash="4E2A04FE53D0FDD8AD7CAA2023184A7F">_247289CF-14C0-49D0-8530-4F8FC174C56F</DDRREF>
			<ParameterValues membercount="1">
				<Parameter type="Comment">
					<Comment></Comment>
				</Parameter>
			</ParameterValues>
		</Step>
	</ObjectList>
</Script>
