---
source: src/tests.rs
expression: output_content
---
<Script>
	<ScriptReference id="33" name="Open Menu Item" UUID="A81A544D-4EF5-47F6-8E5B-CAA965E78F87"></ScriptReference>
	<ObjectList membercount="16">
		<Step hash="BADBA75868F2060CF23811980340286F" index="0" id="149" name="Open Edit Saved Finds" enable="True">
			<UUID>A5D4515C-3770-44B8-8829-002483F6E36A</UUID>
			<OwnerID></OwnerID>
			<Options>0</Options>
		</Step>
		<Step hash="DCF21F1E17BF3376AFE5801CE91D6470" index="1" id="183" name="Open Favorites" enable="True">
			<UUID>F3443A85-535B-4CA6-B077-4F89DF63AAC5</UUID>
			<OwnerID></OwnerID>
			<Options>0</Options>
		</Step>
		<Step hash="8FD50EF0EC904A21C99A3581C446FD80" index="2" id="114" name="Open File Options" enable="True">
			<UUID>5E635BEB-844B-4832-AD2A-9FC2425A0993</UUID>
			<OwnerID></OwnerID>
			<Options>0</Options>
		</Step>
		<Step hash="41D38773AF44731F78F56CF85927DCE2" index="3" id="129" name="Open Find/Replace" enable="True">
			<UUID>ABFA2FDC-2D54-4F8A-8094-A3F5ED0DF761</UUID>
			<OwnerID></OwnerID>
			<Options>0</Options>
		</Step>
		<Step hash="E0C478EE42E15B40EDA561F9DA190B57" index="4" id="32" name="Open Help" enable="True">
			<UUID>F084B33D-6B21-424E-95C5-047234C2DF07</UUID>
			<OwnerID></OwnerID>
			<Options>0</Options>
		</Step>
		<Step hash="2FEB108C930F778118443944C580C4F4" index="5" id="118" name="Open Hosts" enable="True">
			<UUID>E3F4C082-6D5D-48BE-8B25-B320162E257E</UUID>
			<OwnerID></OwnerID>
			<Options>0</Options>
		</Step>
		<Step hash="5934CE782F189F5CE8CE66A965B46B63" index="6" id="156" name="Open Manage Containers" enable="True">
			<UUID>DD8AD32A-24BF-4A89-8CEB-1211025AEEA5</UUID>
			<OwnerID></OwnerID>
			<Options>0</Options>
		</Step>
		<Step hash="4E2668920803593F5F9F92AA3A3AEE80" index="7" id="140" name="Open Manage Data Sources" enable="True">
			<UUID>B7216B28-EC8A-45E7-A031-D3AA2F07B2AB</UUID>
			<OwnerID></OwnerID>
			<Options>0</Options>
		</Step>
		<Step hash="0FD81F554EB4C6A1D0130249803B19FF" index="8" id="38" name="Open Manage Database" enable="True">
			<UUID>E0A55ECD-23B8-47B8-BA6A-0DEB835256DA</UUID>
			<OwnerID></OwnerID>
			<Options>0</Options>
		</Step>
		<Step hash="E104DBB36C6196DF9420DBB6556FBEA8" index="9" id="151" name="Open Manage Layouts" enable="True">
			<UUID>6F977DA6-D2A2-4D67-8137-9298B144ECBA</UUID>
			<OwnerID></OwnerID>
			<Options>0</Options>
		</Step>
		<Step hash="9B7CEE5D600365E5278765CBADD97D65" index="10" id="165" name="Open Manage Themes" enable="True">
			<UUID>4042716C-D789-4483-8C23-58223854E1AC</UUID>
			<OwnerID></OwnerID>
			<Options>0</Options>
		</Step>
		<Step hash="0EF7638ABE297C23AAEC2BC375349A26" index="11" id="112" name="Open Manage Value Lists" enable="True">
			<UUID>59C40E5F-B38E-41BA-B3EB-6CCC1284D01C</UUID>
			<OwnerID></OwnerID>
			<Options>0</Options>
		</Step>
		<Step hash="85C3E03FE7A59803789417C5F6FDAC30" index="12" id="88" name="Open Script Workspace" enable="True">
			<UUID>336D8B27-6DB2-4583-8B69-7595D2EEA025</UUID>
			<OwnerID></OwnerID>
			<Options>0</Options>
		</Step>
		<Step hash="D794A2D734CCCFD169EBC248DB874C50" index="13" id="105" name="Open Settings" enable="True">
			<UUID>10D482AE-A90B-4B71-A2C0-C7F6F52BF64A</UUID>
			<OwnerID></OwnerID>
			<Options>0</Options>
		</Step>
		<Step hash="8C52DD7034A2BDACEBB5CE18846B9ADD" index="14" id="113" name="Open Sharing" enable="True">
			<UUID>D72E12F6-0265-4F6C-A0D3-5C04BED39B25</UUID>
			<OwnerID></OwnerID>
			<Options>0</Options>
		</Step>
		<Step hash="AE4FE132C0E0CF53C6A9949B587C66E2" index="15" id="172" name="Open Upload to Host" enable="True">
			<UUID>ED84F1CC-9B38-440E-9675-D1D67678CD18</UUID>
			<OwnerID></OwnerID>
			<Options>0</Options>
		</Step>
	</ObjectList>
</Script>
