---
source: src/tests.rs
expression: output_content
---
<Script id="93" name="Sync License">
	<UUID modifications="53" userName="Mike Duncan" accountName="Admin" timestamp="2021-01-12T10:31:00">C7A89DE8-84F9-48C4-8826-103B737CABC4</UUID>
	<Options hidden="True" access="ReadWrite" SiriShortcutVisible="False" runwithfullaccess="False" compatibility="0">8</Options>
	<TagList></TagList>
</Script>
