---
source: src/main.rs
expression: output_content
---
<Script id="38" name="--" isFolder="Marker">
	<UUID modifications="1" userName="Mislav" accountName="admin" timestamp="2025-06-23T09:12:27">98082719-DA79-4ECC-9D4E-5BC973AA6411</UUID>
	<Options hidden="False" access="ReadWrite" SiriShortcutVisible="False" runwithfullaccess="False" compatibility="0">2</Options>
	<TagList></TagList>
</Script>
