---
source: src/tests.rs
expression: output_content
---
<Script>
	<ScriptReference id="1" name="Hello world"></ScriptReference>
	<ObjectList membercount="2">
		<Step hash="87569ECB7A26EBB3980E8F8E606CE888" id="87" name="Show Custom Dialog" enable="True">
			<Options>16389</Options>
			<DDRREF kind="StepText" hash="F651A2E18887A154C922FA7BCEFD6943">_6F72FB27-1286-4E7A-B9DF-B286D72F4BA0</DDRREF>
			<ParameterValues membercount="4">
				<Parameter type="Message">
					<Calculation datatype="1" position="1">
						<Calculation>
							<DDRREF kind="ChunkList" hash="3B20CCDBF31551BBCD804D9836FFED0A">_6F72FB27-1286-4E7A-B9DF-B286D72F4BA0_1</DDRREF>
							<Text><![CDATA["Hello " & Get ( ScriptParameter )]]></Text>
						</Calculation>
					</Calculation>
				</Parameter>
				<Parameter type="Button1" value="OK">
					<Boolean type="Commit" value="True"></Boolean>
				</Parameter>
				<Parameter type="Button2">
					<Boolean type="Commit" value="False"></Boolean>
				</Parameter>
				<Parameter type="Button3">
					<Boolean type="Commit" value="False"></Boolean>
				</Parameter>
			</ParameterValues>
		</Step>
		<Step hash="731E363CAA8BFA14214C47009D85621A" id="87" name="Show Custom Dialog" enable="True">
			<Options>16389</Options>
			<DDRREF kind="StepText" hash="733AE2BCE391AA63105995409AE25D27">_CC094DFE-72F3-44CC-A5FB-647309ACA305</DDRREF>
			<ParameterValues membercount="4">
				<Parameter type="Message">
					<Calculation datatype="1" position="1">
						<Calculation>
							<DDRREF kind="ChunkList" hash="3B20CCDBF31551BBCD804D9836FFED0A">_CC094DFE-72F3-44CC-A5FB-647309ACA305_1</DDRREF>
							<Text><![CDATA["Hello " & Get ( ScriptParameter )]]></Text>
						</Calculation>
					</Calculation>
				</Parameter>
				<Parameter type="Button1" value="OK">
					<Boolean type="Commit" value="True"></Boolean>
				</Parameter>
				<Parameter type="Button2">
					<Boolean type="Commit" value="False"></Boolean>
				</Parameter>
				<Parameter type="Button3">
					<Boolean type="Commit" value="False"></Boolean>
				</Parameter>
			</ParameterValues>
		</Step>
	</ObjectList>
</Script>
