---
source: src/tests.rs
expression: output_content
---
<CustomFunctionCalc>
	<CustomFunctionReference id="43" name="_ColorHex"></CustomFunctionReference>
	<Calculation>
		<Text><![CDATA[RGB( _0x( ZeichenMitte( pRRGGBB ; 1 ; 2 ) ) ; _0x( ZeichenMitte( pRRGGBB ; 3 ; 2 ) ) ; _0x( ZeichenMitte( pRRGGBB ; 5 ; 2 ) ) )]]></Text>
		<ChunkList hash="5210F413F5916F3EAE3E88FD1B1B8AD8">
			<Chunk type="FunctionRef">RGB</Chunk>
			<Chunk type="NoRef">( </Chunk>
			<Chunk type="CustomFunctionRef">_0x</Chunk>
			<Chunk type="NoRef">( </Chunk>
			<Chunk type="FunctionRef">ZeichenMitte</Chunk>
			<Chunk type="NoRef">( </Chunk>
			<Chunk type="VariableReference">pRRGGBB</Chunk>
			<Chunk type="NoRef"> ; 1 ; 2 ) ) ; </Chunk>
			<Chunk type="CustomFunctionRef">_0x</Chunk>
			<Chunk type="NoRef">( </Chunk>
			<Chunk type="FunctionRef">ZeichenMitte</Chunk>
			<Chunk type="NoRef">( </Chunk>
			<Chunk type="VariableReference">pRRGGBB</Chunk>
			<Chunk type="NoRef"> ; 3 ; 2 ) ) ; </Chunk>
			<Chunk type="CustomFunctionRef">_0x</Chunk>
			<Chunk type="NoRef">( </Chunk>
			<Chunk type="FunctionRef">ZeichenMitte</Chunk>
			<Chunk type="NoRef">( </Chunk>
			<Chunk type="VariableReference">pRRGGBB</Chunk>
			<Chunk type="NoRef"> ; 5 ; 2 ) ) )</Chunk>
		</ChunkList>
	</Calculation>
</CustomFunctionCalc>
