---
source: src/main.rs
expression: output_content
---
<Relationship id="27">
	<UUID modifications="2" userName="R.Watson" accountName="admin" timestamp="2020-08-04T09:52:12">2D5BDF05-93AF-4563-92DC-CED01A404698</UUID>
	<LeftTable cascadeCreate="False" cascadeDelete="False" type="Local">
		<TableOccurrenceReference id="1065112" name="_Color" UUID="23B6D95D-F37E-4E21-A3C9-2DE12699CBF9"></TableOccurrenceReference>
		<SortSpecification value="False" maintain="True"></SortSpecification>
	</LeftTable>
	<RightTable cascadeCreate="True" cascadeDelete="False" type="Local">
		<TableOccurrenceReference id="1065128" name="Color.Palette_byID" UUID="960C91FF-AEB4-41DF-93C6-2A67639FC520"></TableOccurrenceReference>
		<SortSpecification value="False" maintain="True"></SortSpecification>
	</RightTable>
	<JoinPredicateList membercount="1">
		<JoinPredicate type="Equal">
			<LeftField>
				<FieldReference id="11" name="_ID_Palette" UUID="F2E00A14-C813-47E1-B7A9-0CD253B74DA4">
					<TableOccurrenceReference id="1065112" name="_Color" UUID="23B6D95D-F37E-4E21-A3C9-2DE12699CBF9"></TableOccurrenceReference>
				</FieldReference>
			</LeftField>
			<RightField>
				<FieldReference id="1" name="__ID" UUID="EE515269-07CC-4FDD-A7F4-E75DE2E0AD09">
					<TableOccurrenceReference id="1065128" name="Color.Palette_byID" UUID="960C91FF-AEB4-41DF-93C6-2A67639FC520"></TableOccurrenceReference>
				</FieldReference>
			</RightField>
		</JoinPredicate>
	</JoinPredicateList>
	<TagList></TagList>
</Relationship>
