---
source: src/main.rs
expression: output_content
---
<Script id="163" name="Home_Midimised">
	<UUID modifications="35" userName="R.Watson" accountName="admin" timestamp="2020-08-04T09:52:12">6BA6BB57-41A0-4C2A-BBAB-DC9F93C5B42A</UUID>
	<Options hidden="True" access="ReadWrite" SiriShortcutVisible="False" runwithfullaccess="False" compatibility="0">8</Options>
	<TagList></TagList>
</Script>
