---
source: src/main.rs
expression: output_content
---
<TableOccurrence viewState="Related" height="38" id="1065113" name="_Syntax" type="Local">
	<UUID modifications="107" userName="R.Watson" accountName="admin" timestamp="2020-08-04T09:52:12">2F73E4BF-801D-4854-8CB1-0B02B9B99906</UUID>
	<BaseTableSourceReference type="BaseTableReference">
		<BaseTableReference id="133" name="_Syntax" UUID="CB651CC6-B3D6-4B68-9E07-42874AFD375B"></BaseTableReference>
	</BaseTableSourceReference>
	<CoordRect top="359" left="56" bottom="549" right="263"></CoordRect>
	<Color red="255" green="0" blue="153" alpha="1.00"></Color>
	<TagList></TagList>
</TableOccurrence>
