---
source: src/main.rs
expression: output_content
---
<Script>
	<ScriptReference id="121" name="Comment Column i-Header" UUID="62AF5660-2AE2-4398-AE58-464BB7CEB808"></ScriptReference>
	<ObjectList membercount="8">
		<Step index="0" id="89" name="# (Kommentar)" enable="True">
			<UUID>E037C27A-38E2-4DD5-AAD1-5A3274323ADA</UUID>
			<OwnerID></OwnerID>
			<Options>0</Options>
			<ParameterValues membercount="1">
				<Parameter type="Comment">
					<Comment></Comment>
				</Parameter>
			</ParameterValues>
		</Step>
		<Step index="1" id="89" name="# (Kommentar)" enable="True">
			<UUID>65D0A0D7-D7B9-4C5C-9AFA-39513D98A0E2</UUID>
			<OwnerID></OwnerID>
			<Options>4</Options>
			<ParameterValues membercount="1">
				<Parameter type="Comment">
					<Comment value="20121102 MrW "></Comment>
				</Parameter>
			</ParameterValues>
		</Step>
		<Step index="2" id="89" name="# (Kommentar)" enable="True">
			<UUID>68E614BB-5576-4AE8-8906-7D4FA3B086D0</UUID>
			<OwnerID></OwnerID>
			<Options>0</Options>
			<ParameterValues membercount="1">
				<Parameter type="Comment">
					<Comment></Comment>
				</Parameter>
			</ParameterValues>
		</Step>
		<Step index="3" id="85" name="AnwenderAbbruchZulassen setzen" enable="True">
			<UUID>F7C67D8E-250E-4DF4-AC97-36C914EF2484</UUID>
			<OwnerID></OwnerID>
			<Options>65536</Options>
			<ParameterValues membercount="1">
				<Parameter type="Boolean">
					<Boolean id="131072" value="False"></Boolean>
				</Parameter>
			</ParameterValues>
		</Step>
		<Step index="4" id="86" name="Fehleraufzeichnung setzen" enable="True">
			<UUID>CA85FE00-2160-49D0-85EE-460F566AB78A</UUID>
			<OwnerID></OwnerID>
			<Options>196608</Options>
			<ParameterValues membercount="1">
				<Parameter type="Boolean">
					<Boolean id="131072" value="True"></Boolean>
				</Parameter>
			</ParameterValues>
		</Step>
		<Step index="5" id="89" name="# (Kommentar)" enable="True">
			<UUID>50925B3A-AEA7-4A52-82BE-DFE157BAD142</UUID>
			<OwnerID></OwnerID>
			<Options>0</Options>
			<ParameterValues membercount="1">
				<Parameter type="Comment">
					<Comment></Comment>
				</Parameter>
			</ParameterValues>
		</Step>
		<Step index="6" id="87" name="Eigenes Dialogfeld anzeigen" enable="True">
			<UUID>0836CF01-D624-4C05-AFE0-E16329544B6C</UUID>
			<OwnerID></OwnerID>
			<Options>16389</Options>
			<ParameterValues membercount="5">
				<Parameter type="Title">
					<Calculation datatype="1" position="0">
						<Calculation>
							<Text><![CDATA["Comments"]]></Text>
							<ChunkList hash="CE2771436CBDAA445803D87A57C96C95">
								<Chunk type="NoRef">&quot;Comments&quot;</Chunk>
							</ChunkList>
						</Calculation>
					</Calculation>
				</Parameter>
				<Parameter type="Message">
					<Calculation datatype="1" position="1">
						<Calculation>
							<Text><![CDATA["Click in this column to read or edit comments."]]></Text>
							<ChunkList hash="C1294955C9D032CF8AD28A5BDABB5030">
								<Chunk type="NoRef">&quot;Click in this column to read or edit comments.&quot;</Chunk>
							</ChunkList>
						</Calculation>
					</Calculation>
				</Parameter>
				<Parameter type="Button1" value="OK">
					<Boolean type="Commit" value="True"></Boolean>
				</Parameter>
				<Parameter type="Button2">
					<Boolean type="Commit" value="False"></Boolean>
				</Parameter>
				<Parameter type="Button3">
					<Boolean type="Commit" value="False"></Boolean>
				</Parameter>
			</ParameterValues>
		</Step>
		<Step index="7" id="89" name="# (Kommentar)" enable="True">
			<UUID>646DF866-758F-49C4-A4BD-2334E813D483</UUID>
			<OwnerID></OwnerID>
			<Options>0</Options>
			<ParameterValues membercount="1">
				<Parameter type="Comment">
					<Comment></Comment>
				</Parameter>
			</ParameterValues>
		</Step>
	</ObjectList>
</Script>
