---
source: src/tests.rs
expression: output_content
---
<Script>
	<ScriptReference id="47" name="Disconnect Client ( json )" UUID="33C609A4-C9A1-4FBA-8B6C-16650C1E1D14"></ScriptReference>
	<ObjectList membercount="63">
		<Step index="0" id="89" name="# (Kommentar)" enable="True">
			<UUID>0479BBFB-92CC-479D-8BDA-EE939C9F3249</UUID>
			<OwnerID></OwnerID>
			<Options>4</Options>
			<ParameterValues membercount="1">
				<Parameter type="Comment">
					<Comment value=" PURPOSE: disconnect client"></Comment>
				</Parameter>
			</ParameterValues>
		</Step>
		<Step index="1" id="89" name="# (Kommentar)" enable="True">
			<UUID>9FCA02A8-49D7-423C-9F65-77A654FF3BB4</UUID>
			<OwnerID></OwnerID>
			<Options>4</Options>
			<ParameterValues membercount="1">
				<Parameter type="Comment">
					<Comment value=" HISTORY:&#13;   - Created:   2018-05-09 by Mike Duncan (mduncan@soliantconsulting.com)&#13;   - Modified:  2018-06-28 by FName LName"></Comment>
				</Parameter>
			</ParameterValues>
		</Step>
		<Step index="2" id="89" name="# (Kommentar)" enable="True">
			<UUID>5EC1F458-907C-4743-BB28-6A1885D201C7</UUID>
			<OwnerID></OwnerID>
			<Options>4</Options>
			<ParameterValues membercount="1">
				<Parameter type="Comment">
					<Comment value="JSON DOCUMENTATION:"></Comment>
				</Parameter>
			</ParameterValues>
		</Step>
		<Step index="3" id="89" name="# (Kommentar)" enable="True">
			<UUID>28B90130-4BBE-4106-97EE-7A0741619E24</UUID>
			<OwnerID></OwnerID>
			<Options>4</Options>
			<ParameterValues membercount="1">
				<Parameter type="Comment">
					<Comment value="Notes: The following parameters are documented here. For each action, additional parameters are also listed, optional parameters are shown in square brackets &quot;[]&quot;."></Comment>
				</Parameter>
			</ParameterValues>
		</Step>
		<Step index="4" id="89" name="# (Kommentar)" enable="True">
			<UUID>F4281296-179F-40FA-9AD6-9C6FE4526FDF</UUID>
			<OwnerID></OwnerID>
			<Options>4</Options>
			<ParameterValues membercount="1">
				<Parameter type="Comment">
					<Comment value=" param"></Comment>
				</Parameter>
			</ParameterValues>
		</Step>
		<Step index="5" id="89" name="# (Kommentar)" enable="True">
			<UUID>C43AF4FD-078F-4CAD-8142-AA730E962E16</UUID>
			<OwnerID></OwnerID>
			<Options>0</Options>
			<ParameterValues membercount="1">
				<Parameter type="Comment">
					<Comment></Comment>
				</Parameter>
			</ParameterValues>
		</Step>
		<Step index="6" id="89" name="# (Kommentar)" enable="True">
			<UUID>13F61F96-AAE0-4AF2-8D08-06A8EECC7CDE</UUID>
			<OwnerID></OwnerID>
			<Options>4</Options>
			<ParameterValues membercount="1">
				<Parameter type="Comment">
					<Comment value=" JSON EXAMPLE:"></Comment>
				</Parameter>
			</ParameterValues>
		</Step>
		<Step index="7" id="89" name="# (Kommentar)" enable="True">
			<UUID>724B28E6-8E10-409A-8544-77686798923A</UUID>
			<OwnerID></OwnerID>
			<Options>4</Options>
			<ParameterValues membercount="1">
				<Parameter type="Comment">
					<Comment value="JSONSetElement ( &quot;&quot; &#13; ; [ &quot;param&quot; ; &quot;msg&quot; ; JSONString ]&#13;)"></Comment>
				</Parameter>
			</ParameterValues>
		</Step>
		<Step index="8" id="89" name="# (Kommentar)" enable="True">
			<UUID>D3C034C5-8496-4B12-89D3-7A251FC98BC0</UUID>
			<OwnerID></OwnerID>
			<Options>0</Options>
			<ParameterValues membercount="1">
				<Parameter type="Comment">
					<Comment></Comment>
				</Parameter>
			</ParameterValues>
		</Step>
		<Step index="9" id="85" name="AnwenderAbbruchZulassen setzen" enable="True">
			<UUID>D5C34E81-781C-4B52-BA7B-990F5BE15B9D</UUID>
			<OwnerID></OwnerID>
			<Options>196608</Options>
			<ParameterValues membercount="1">
				<Parameter type="Boolean">
					<Boolean id="131072" value="True"></Boolean>
				</Parameter>
			</ParameterValues>
		</Step>
		<Step index="10" id="86" name="Fehleraufzeichnung setzen" enable="True">
			<UUID>A8E32D7F-6437-48C3-A9D7-D0BCB9C9156B</UUID>
			<OwnerID></OwnerID>
			<Options>196608</Options>
			<ParameterValues membercount="1">
				<Parameter type="Boolean">
					<Boolean id="131072" value="True"></Boolean>
				</Parameter>
			</ParameterValues>
		</Step>
		<Step index="11" id="141" name="Variable setzen" enable="True">
			<UUID>1E8678E4-266B-44B7-A5A2-F9AA1EE2C6C4</UUID>
			<OwnerID></OwnerID>
			<Options>16388</Options>
			<ParameterValues membercount="1">
				<Parameter type="Variable">
					<value>
						<Calculation datatype="1" position="1">
							<Calculation>
								<Text><![CDATA[0]]></Text>
								<ChunkList hash="9BF55A5D51230A8EA20D4BAA0F468EEC">
									<Chunk type="NoRef">0</Chunk>
								</ChunkList>
							</Calculation>
						</Calculation>
					</value>
					<Name value="$error"></Name>
					<repetition></repetition>
				</Parameter>
			</ParameterValues>
		</Step>
		<Step index="12" id="89" name="# (Kommentar)" enable="True">
			<UUID>AAA64126-1935-4C73-BAA1-8D730F21DE2F</UUID>
			<OwnerID></OwnerID>
			<Options>0</Options>
			<ParameterValues membercount="1">
				<Parameter type="Comment">
					<Comment></Comment>
				</Parameter>
			</ParameterValues>
		</Step>
		<Step index="13" id="89" name="# (Kommentar)" enable="True">
			<UUID>39D69942-B157-45DB-9BAC-0BF44266C933</UUID>
			<OwnerID></OwnerID>
			<Options>4</Options>
			<ParameterValues membercount="1">
				<Parameter type="Comment">
					<Comment value=" Validate json parameter and load it into local variables"></Comment>
				</Parameter>
			</ParameterValues>
		</Step>
		<Step index="14" id="68" name="Wenn" enable="True">
			<UUID>972C9BA5-C4E0-4A99-A8E8-26D6A2CAA842</UUID>
			<OwnerID></OwnerID>
			<Options>16384</Options>
			<ParameterValues membercount="1">
				<Parameter type="Calculation">
					<Calculation datatype="7" position="0">
						<Calculation>
							<Text><![CDATA[JsonToVars ( Hole ( ScriptParameter ) ; "_" )]]></Text>
							<ChunkList hash="7FA2D123E7C16EA06BC7AA1AD91C7776">
								<Chunk type="CustomFunctionRef">JsonToVars</Chunk>
								<Chunk type="NoRef"> ( </Chunk>
								<Chunk type="FunctionRef">Hole</Chunk>
								<Chunk type="NoRef"> ( </Chunk>
								<Chunk type="FunctionRef">ScriptParameter</Chunk>
								<Chunk type="NoRef"> ) ; &quot;_&quot; )</Chunk>
							</ChunkList>
						</Calculation>
					</Calculation>
				</Parameter>
			</ParameterValues>
		</Step>
		<Step index="15" id="87" name="Eigenes Dialogfeld anzeigen" enable="True">
			<UUID>C0F33C0F-DE77-48EF-9FFB-FEED75A01982</UUID>
			<OwnerID></OwnerID>
			<Options>16388</Options>
			<ParameterValues membercount="5">
				<Parameter type="Title">
					<Calculation datatype="1" position="0">
						<Calculation>
							<Text><![CDATA["Error"]]></Text>
							<ChunkList hash="F44200DB64CC5E44F7B9D3970A81E5A0">
								<Chunk type="NoRef">&quot;Error&quot;</Chunk>
							</ChunkList>
						</Calculation>
					</Calculation>
				</Parameter>
				<Parameter type="Message">
					<Calculation datatype="1" position="1">
						<Calculation>
							<Text><![CDATA["There was an error evaluating variables: " & JSONGetElement ( $json_debug ; "json" ) & " - " & GetErrorDesc_en ( JSONGetElement ( $json_debug ; "json" ) )]]></Text>
							<ChunkList hash="8DFE731E1E432A1D9D27978B32E807FD">
								<Chunk type="NoRef">&quot;There was an error evaluating variables: &quot; &amp; </Chunk>
								<Chunk type="FunctionRef">JSONGetElement</Chunk>
								<Chunk type="NoRef"> ( </Chunk>
								<Chunk type="VariableReference">$json_debug</Chunk>
								<Chunk type="NoRef"> ; &quot;json&quot; ) &amp; &quot; - &quot; &amp; </Chunk>
								<Chunk type="CustomFunctionRef">GetErrorDesc_en</Chunk>
								<Chunk type="NoRef"> ( </Chunk>
								<Chunk type="FunctionRef">JSONGetElement</Chunk>
								<Chunk type="NoRef"> ( </Chunk>
								<Chunk type="VariableReference">$json_debug</Chunk>
								<Chunk type="NoRef"> ; &quot;json&quot; ) )</Chunk>
							</ChunkList>
						</Calculation>
					</Calculation>
				</Parameter>
				<Parameter type="Button1" value="OK">
					<Boolean type="Commit" value="True"></Boolean>
				</Parameter>
				<Parameter type="Button2">
					<Boolean type="Commit" value="False"></Boolean>
				</Parameter>
				<Parameter type="Button3">
					<Boolean type="Commit" value="False"></Boolean>
				</Parameter>
			</ParameterValues>
		</Step>
		<Step index="16" id="103" name="Aktuelles Script verlassen" enable="True">
			<UUID>B91EADE7-5693-40E1-BC90-CBAC136D261C</UUID>
			<OwnerID></OwnerID>
			<Options>16384</Options>
			<ParameterValues membercount="1">
				<Parameter type="Calculation">
					<Calculation datatype="1" position="0">
						<Calculation>
							<Text><![CDATA[5 // command is invalid]]></Text>
							<ChunkList hash="AC41216BFBC1D0E0407CDF907029BABE">
								<Chunk type="NoRef">5 // command is invalid</Chunk>
							</ChunkList>
						</Calculation>
					</Calculation>
				</Parameter>
			</ParameterValues>
		</Step>
		<Step index="17" id="70" name="Ende (wenn)" enable="True">
			<UUID>87E3A676-EC12-4BA7-BF55-E28AE21D563F</UUID>
			<OwnerID></OwnerID>
			<Options>0</Options>
		</Step>
		<Step index="18" id="89" name="# (Kommentar)" enable="True">
			<UUID>5DBE5A31-7D09-41B7-B74E-5C48DE023116</UUID>
			<OwnerID></OwnerID>
			<Options>0</Options>
			<ParameterValues membercount="1">
				<Parameter type="Comment">
					<Comment></Comment>
				</Parameter>
			</ParameterValues>
		</Step>
		<Step index="19" id="89" name="# (Kommentar)" enable="True">
			<UUID>088F2432-3A8A-454B-98DA-F8A07D31F2B0</UUID>
			<OwnerID></OwnerID>
			<Options>4</Options>
			<ParameterValues membercount="1">
				<Parameter type="Comment">
					<Comment value="-------------------------------------------------------------"></Comment>
				</Parameter>
			</ParameterValues>
		</Step>
		<Step index="20" id="89" name="# (Kommentar)" enable="True">
			<UUID>0328D647-B2B3-4EB3-800A-188EAF48E700</UUID>
			<OwnerID></OwnerID>
			<Options>4</Options>
			<ParameterValues membercount="1">
				<Parameter type="Comment">
					<Comment value=" SET-UP"></Comment>
				</Parameter>
			</ParameterValues>
		</Step>
		<Step index="21" id="89" name="# (Kommentar)" enable="True">
			<UUID>EE475B16-9ACB-4CBB-929E-240599A68062</UUID>
			<OwnerID></OwnerID>
			<Options>4</Options>
			<ParameterValues membercount="1">
				<Parameter type="Comment">
					<Comment value="-------------------------------------------------------------"></Comment>
				</Parameter>
			</ParameterValues>
		</Step>
		<Step index="22" id="68" name="Wenn" enable="True">
			<UUID>5059382E-37FC-445E-B3BD-49EB25CE63C0</UUID>
			<OwnerID></OwnerID>
			<Options>16384</Options>
			<ParameterValues membercount="1">
				<Parameter type="Calculation">
					<Calculation datatype="7" position="0">
						<Calculation>
							<Text><![CDATA[$_param = "msg"]]></Text>
							<ChunkList hash="2B060213D52F0D3910FB7E5CDB3F890A">
								<Chunk type="VariableReference">$_param</Chunk>
								<Chunk type="NoRef"> = &quot;msg&quot;</Chunk>
							</ChunkList>
						</Calculation>
					</Calculation>
				</Parameter>
			</ParameterValues>
		</Step>
		<Step index="23" id="141" name="Variable setzen" enable="True">
			<UUID>3BCBF5B5-6A35-47C4-9236-8D9C3075F1A1</UUID>
			<OwnerID></OwnerID>
			<Options>16388</Options>
			<ParameterValues membercount="1">
				<Parameter type="Variable">
					<value>
						<Calculation datatype="1" position="1">
							<Calculation>
								<Text><![CDATA[FMS_CLI__clients::id_client]]></Text>
								<ChunkList hash="EA3F0847D6F162E6C45C517DFE775B4D">
									<Chunk type="FieldRef">
										<FieldReference id="11" name="id_client" repetition="1" UUID="F1AC1B95-D197-41E1-B119-E3CE2412F048">
											<TableOccurrenceReference id="1065100" name="FMS_CLI__clients" UUID="FB73033E-712E-4F24-9C31-F2CDD317C0F0"></TableOccurrenceReference>
										</FieldReference>
									</Chunk>
								</ChunkList>
							</Calculation>
						</Calculation>
					</value>
					<Name value="$$this.id_client"></Name>
					<repetition></repetition>
				</Parameter>
			</ParameterValues>
		</Step>
		<Step index="24" id="76" name="Feldwert setzen" enable="True">
			<UUID>CF0F55BD-B704-44DF-BAC7-DB92E805F335</UUID>
			<OwnerID></OwnerID>
			<Options>16385</Options>
			<ParameterValues membercount="2">
				<Parameter type="FieldReference">
					<FieldReference id="29" name="zz_msg_g" UUID="FAFAA66E-9D93-4E84-9680-CB695BE7D3B3">
						<repetition value="1"></repetition>
						<TableOccurrenceReference id="1065089" name="FMS__fmserver" UUID="597569C5-24CD-486D-84D6-D79B9D3BDD5B"></TableOccurrenceReference>
					</FieldReference>
				</Parameter>
				<Parameter type="Calculation">
					<Calculation datatype="1" position="0">
						<Calculation>
							<Text><![CDATA[""]]></Text>
							<ChunkList hash="26631CDF3EEB0CE74C7FC665903CAC32">
								<Chunk type="NoRef">&quot;&quot;</Chunk>
							</ChunkList>
						</Calculation>
					</Calculation>
				</Parameter>
			</ParameterValues>
		</Step>
		<Step index="25" id="76" name="Feldwert setzen" enable="True">
			<UUID>194B0789-3AF5-458A-9347-0E3551A5D611</UUID>
			<OwnerID></OwnerID>
			<Options>16385</Options>
			<ParameterValues membercount="2">
				<Parameter type="FieldReference">
					<FieldReference id="30" name="zz_gracetime_g" UUID="1E1DF057-894D-4EC6-A876-874E95DAB973">
						<repetition value="1"></repetition>
						<TableOccurrenceReference id="1065089" name="FMS__fmserver" UUID="597569C5-24CD-486D-84D6-D79B9D3BDD5B"></TableOccurrenceReference>
					</FieldReference>
				</Parameter>
				<Parameter type="Calculation">
					<Calculation datatype="1" position="0">
						<Calculation>
							<Text><![CDATA["90" // default gracetime]]></Text>
							<ChunkList hash="2373C06E14C389DAAC7C55CDCC35BC3D">
								<Chunk type="NoRef">&quot;90&quot; // default gracetime</Chunk>
							</ChunkList>
						</Calculation>
					</Calculation>
				</Parameter>
			</ParameterValues>
		</Step>
		<Step index="26" id="145" name="Gehe zu Objekt" enable="True">
			<UUID>2C53213C-69A4-4F60-9A2D-4585741932A0</UUID>
			<OwnerID></OwnerID>
			<Options>16384</Options>
			<ParameterValues membercount="1">
				<Parameter type="Object">
					<Name>
						<Calculation datatype="1" position="0">
							<Calculation>
								<Text><![CDATA["panel_msg_client_disconnect"]]></Text>
								<ChunkList hash="F5B17B94132580275630393A4ED04B3B">
									<Chunk type="NoRef">&quot;panel_msg_client_disconnect&quot;</Chunk>
								</ChunkList>
							</Calculation>
						</Calculation>
					</Name>
					<repetition></repetition>
				</Parameter>
			</ParameterValues>
		</Step>
		<Step index="27" id="17" name="Gehe zu Feld" enable="True">
			<UUID>8399EC8F-F300-4CA8-899B-8703A6FC76D6</UUID>
			<OwnerID></OwnerID>
			<Options>4097</Options>
			<ParameterValues membercount="2">
				<Parameter type="Boolean">
					<Boolean type="Auswählen/Ausführen" id="4096" value="True"></Boolean>
				</Parameter>
				<Parameter type="FieldReference">
					<FieldReference id="29" name="zz_msg_g" UUID="FAFAA66E-9D93-4E84-9680-CB695BE7D3B3">
						<repetition value="1"></repetition>
						<TableOccurrenceReference id="1065089" name="FMS__fmserver" UUID="597569C5-24CD-486D-84D6-D79B9D3BDD5B"></TableOccurrenceReference>
					</FieldReference>
				</Parameter>
			</ParameterValues>
		</Step>
		<Step index="28" id="89" name="# (Kommentar)" enable="True">
			<UUID>F12BA4A6-A470-4352-992F-568A3138CCDA</UUID>
			<OwnerID></OwnerID>
			<Options>0</Options>
			<ParameterValues membercount="1">
				<Parameter type="Comment">
					<Comment></Comment>
				</Parameter>
			</ParameterValues>
		</Step>
		<Step index="29" id="125" name="Sonst, wenn" enable="True">
			<UUID>5F777B96-1FB0-42B2-95A5-839CCF15B217</UUID>
			<OwnerID></OwnerID>
			<Options>16384</Options>
			<ParameterValues membercount="1">
				<Parameter type="Calculation">
					<Calculation datatype="7" position="0">
						<Calculation>
							<Text><![CDATA[$_param = "selectMsg"]]></Text>
							<ChunkList hash="8706DEF62DFBBC03B5252B24A1E4277E">
								<Chunk type="VariableReference">$_param</Chunk>
								<Chunk type="NoRef"> = &quot;selectMsg&quot;</Chunk>
							</ChunkList>
						</Calculation>
					</Calculation>
				</Parameter>
			</ParameterValues>
		</Step>
		<Step index="30" id="141" name="Variable setzen" enable="True">
			<UUID>06C5BC40-5271-48DE-866F-31A09B6CBB66</UUID>
			<OwnerID></OwnerID>
			<Options>16388</Options>
			<ParameterValues membercount="1">
				<Parameter type="Variable">
					<value>
						<Calculation datatype="1" position="1">
							<Calculation>
								<Text><![CDATA[FMS_GFI_CLI__clients::id_client]]></Text>
								<ChunkList hash="9173CE2221144297AED63D7CA0921DC1">
									<Chunk type="FieldRef">
										<FieldReference id="11" name="id_client" repetition="1" UUID="F1AC1B95-D197-41E1-B119-E3CE2412F048">
											<TableOccurrenceReference id="1065095" name="FMS_GFI_CLI__clients" UUID="25C65727-31BA-410C-A632-9571603FC0E6"></TableOccurrenceReference>
										</FieldReference>
									</Chunk>
								</ChunkList>
							</Calculation>
						</Calculation>
					</value>
					<Name value="$$this.id_client"></Name>
					<repetition></repetition>
				</Parameter>
			</ParameterValues>
		</Step>
		<Step index="31" id="76" name="Feldwert setzen" enable="True">
			<UUID>1615D5E1-99C5-413A-A43E-28FB0C934EF6</UUID>
			<OwnerID></OwnerID>
			<Options>16385</Options>
			<ParameterValues membercount="2">
				<Parameter type="FieldReference">
					<FieldReference id="29" name="zz_msg_g" UUID="FAFAA66E-9D93-4E84-9680-CB695BE7D3B3">
						<repetition value="1"></repetition>
						<TableOccurrenceReference id="1065089" name="FMS__fmserver" UUID="597569C5-24CD-486D-84D6-D79B9D3BDD5B"></TableOccurrenceReference>
					</FieldReference>
				</Parameter>
				<Parameter type="Calculation">
					<Calculation datatype="1" position="0">
						<Calculation>
							<Text><![CDATA[""]]></Text>
							<ChunkList hash="26631CDF3EEB0CE74C7FC665903CAC32">
								<Chunk type="NoRef">&quot;&quot;</Chunk>
							</ChunkList>
						</Calculation>
					</Calculation>
				</Parameter>
			</ParameterValues>
		</Step>
		<Step index="32" id="76" name="Feldwert setzen" enable="True">
			<UUID>D3A9D963-15EE-4DA0-992C-6193F74C2B08</UUID>
			<OwnerID></OwnerID>
			<Options>16385</Options>
			<ParameterValues membercount="2">
				<Parameter type="FieldReference">
					<FieldReference id="30" name="zz_gracetime_g" UUID="1E1DF057-894D-4EC6-A876-874E95DAB973">
						<repetition value="1"></repetition>
						<TableOccurrenceReference id="1065089" name="FMS__fmserver" UUID="597569C5-24CD-486D-84D6-D79B9D3BDD5B"></TableOccurrenceReference>
					</FieldReference>
				</Parameter>
				<Parameter type="Calculation">
					<Calculation datatype="1" position="0">
						<Calculation>
							<Text><![CDATA["90" // default gracetime]]></Text>
							<ChunkList hash="2373C06E14C389DAAC7C55CDCC35BC3D">
								<Chunk type="NoRef">&quot;90&quot; // default gracetime</Chunk>
							</ChunkList>
						</Calculation>
					</Calculation>
				</Parameter>
			</ParameterValues>
		</Step>
		<Step index="33" id="145" name="Gehe zu Objekt" enable="True">
			<UUID>D693A203-6C28-4170-9CDF-FFFD56FC86C2</UUID>
			<OwnerID></OwnerID>
			<Options>16384</Options>
			<ParameterValues membercount="1">
				<Parameter type="Object">
					<Name>
						<Calculation datatype="1" position="0">
							<Calculation>
								<Text><![CDATA["panel_msg_client_disconnect"]]></Text>
								<ChunkList hash="F5B17B94132580275630393A4ED04B3B">
									<Chunk type="NoRef">&quot;panel_msg_client_disconnect&quot;</Chunk>
								</ChunkList>
							</Calculation>
						</Calculation>
					</Name>
					<repetition></repetition>
				</Parameter>
			</ParameterValues>
		</Step>
		<Step index="34" id="17" name="Gehe zu Feld" enable="True">
			<UUID>EF22A3B7-C35E-475E-9D67-788A9F3EF0E2</UUID>
			<OwnerID></OwnerID>
			<Options>4097</Options>
			<ParameterValues membercount="2">
				<Parameter type="Boolean">
					<Boolean type="Auswählen/Ausführen" id="4096" value="True"></Boolean>
				</Parameter>
				<Parameter type="FieldReference">
					<FieldReference id="29" name="zz_msg_g" UUID="FAFAA66E-9D93-4E84-9680-CB695BE7D3B3">
						<repetition value="1"></repetition>
						<TableOccurrenceReference id="1065089" name="FMS__fmserver" UUID="597569C5-24CD-486D-84D6-D79B9D3BDD5B"></TableOccurrenceReference>
					</FieldReference>
				</Parameter>
			</ParameterValues>
		</Step>
		<Step index="35" id="89" name="# (Kommentar)" enable="True">
			<UUID>18DC8923-7EDF-4265-BD8D-5519C9D59036</UUID>
			<OwnerID></OwnerID>
			<Options>0</Options>
			<ParameterValues membercount="1">
				<Parameter type="Comment">
					<Comment></Comment>
				</Parameter>
			</ParameterValues>
		</Step>
		<Step index="36" id="125" name="Sonst, wenn" enable="True">
			<UUID>A9F44E96-E12D-4140-9AF1-4DBC45CDA81E</UUID>
			<OwnerID></OwnerID>
			<Options>16384</Options>
			<ParameterValues membercount="1">
				<Parameter type="Calculation">
					<Calculation datatype="7" position="0">
						<Calculation>
							<Text><![CDATA[$_param = "disconnect"]]></Text>
							<ChunkList hash="B99BE85159F2F0DFFF0360FBA501322A">
								<Chunk type="VariableReference">$_param</Chunk>
								<Chunk type="NoRef"> = &quot;disconnect&quot;</Chunk>
							</ChunkList>
						</Calculation>
					</Calculation>
				</Parameter>
			</ParameterValues>
		</Step>
		<Step index="37" id="1" name="Script ausführen" enable="True">
			<UUID>1AA8446C-F477-4859-BC10-6BC74D322D2A</UUID>
			<OwnerID></OwnerID>
			<Options>64</Options>
			<ParameterValues membercount="2">
				<Parameter type="List">
					<List name="Aus Liste" value="1">
						<ScriptReference id="35" name="Set Config" UUID="6E806D84-9200-44AE-B032-89A6016326FF"></ScriptReference>
					</List>
				</Parameter>
				<Parameter type="Parameter">
					<Parameter></Parameter>
				</Parameter>
			</ParameterValues>
		</Step>
		<Step index="38" id="141" name="Variable setzen" enable="True">
			<UUID>1299FA8A-C032-4536-94C1-B5AAF66736F0</UUID>
			<OwnerID></OwnerID>
			<Options>16388</Options>
			<ParameterValues membercount="1">
				<Parameter type="Variable">
					<value>
						<Calculation datatype="1" position="1">
							<Calculation>
								<Text><![CDATA["/clients/" & $$this.id_client & "?messageText=" & LiesAlsURLVerschlüsselt ( FMS__fmserver::zz_msg_g ) & "&graceTime=" & FMS__fmserver::zz_gracetime_g]]></Text>
								<ChunkList hash="5E616A567F43265CDE4FC798F5187D31">
									<Chunk type="NoRef">&quot;/clients/&quot; &amp; </Chunk>
									<Chunk type="VariableReference">$$this.id_client</Chunk>
									<Chunk type="NoRef"> &amp; &quot;?messageText=&quot; &amp; </Chunk>
									<Chunk type="FunctionRef">LiesAlsURLVerschlüsselt</Chunk>
									<Chunk type="NoRef"> ( </Chunk>
									<Chunk type="FieldRef">
										<FieldReference id="29" name="zz_msg_g" repetition="1" UUID="FAFAA66E-9D93-4E84-9680-CB695BE7D3B3">
											<TableOccurrenceReference id="1065089" name="FMS__fmserver" UUID="597569C5-24CD-486D-84D6-D79B9D3BDD5B"></TableOccurrenceReference>
										</FieldReference>
									</Chunk>
									<Chunk type="NoRef"> ) &amp; &quot;&amp;graceTime=&quot; &amp; </Chunk>
									<Chunk type="FieldRef">
										<FieldReference id="30" name="zz_gracetime_g" repetition="1" UUID="1E1DF057-894D-4EC6-A876-874E95DAB973">
											<TableOccurrenceReference id="1065089" name="FMS__fmserver" UUID="597569C5-24CD-486D-84D6-D79B9D3BDD5B"></TableOccurrenceReference>
										</FieldReference>
									</Chunk>
								</ChunkList>
							</Calculation>
						</Calculation>
					</value>
					<Name value="$endpoint"></Name>
					<repetition></repetition>
				</Parameter>
			</ParameterValues>
		</Step>
		<Step index="39" id="141" name="Variable setzen" enable="True">
			<UUID>78F9C961-EF68-4D15-88EA-BCB7FB8EE541</UUID>
			<OwnerID></OwnerID>
			<Options>16388</Options>
			<ParameterValues membercount="1">
				<Parameter type="Variable">
					<value>
						<Calculation datatype="1" position="1">
							<Calculation>
								<Text><![CDATA[" --request DELETE" &" --header \"Authorization: Bearer " & $$my.token & "\"" &" --header \"Content-Type: application/json\"" &" --dump-header $$my.headers"]]></Text>
								<ChunkList hash="5873F1CCFBC4D30BBAB957E18951DB9D">
									<Chunk type="NoRef">&quot; --request DELETE&quot; &amp;&#13;&quot; --header \&quot;Authorization: Bearer &quot; &amp; </Chunk>
									<Chunk type="VariableReference">$$my.token</Chunk>
									<Chunk type="NoRef"> &amp; &quot;\&quot;&quot; &amp;&#13;&quot; --header \&quot;Content-Type: application/json\&quot;&quot; &amp;&#13;&#13;&quot; --dump-header $$my.headers&quot;</Chunk>
								</ChunkList>
							</Calculation>
						</Calculation>
					</value>
					<Name value="$curloptions"></Name>
					<repetition></repetition>
				</Parameter>
			</ParameterValues>
		</Step>
		<Step index="40" id="89" name="# (Kommentar)" enable="True">
			<UUID>CC0178BA-70E7-4667-B667-041FAF13BC4F</UUID>
			<OwnerID></OwnerID>
			<Options>4</Options>
			<ParameterValues membercount="1">
				<Parameter type="Comment">
					<Comment value="set api update variable"></Comment>
				</Parameter>
			</ParameterValues>
		</Step>
		<Step index="41" id="141" name="Variable setzen" enable="True">
			<UUID>CC829425-811B-42E2-82E0-047A6DDE42A3</UUID>
			<OwnerID></OwnerID>
			<Options>16388</Options>
			<ParameterValues membercount="1">
				<Parameter type="Variable">
					<value>
						<Calculation datatype="1" position="1">
							<Calculation>
								<Text><![CDATA["1"]]></Text>
								<ChunkList hash="E42599A078EF5CBB8E2C8EC3C24F3514">
									<Chunk type="NoRef">&quot;1&quot;</Chunk>
								</ChunkList>
							</Calculation>
						</Calculation>
					</value>
					<Name value="$$API.UPDATE"></Name>
					<repetition></repetition>
				</Parameter>
			</ParameterValues>
		</Step>
		<Step index="42" id="89" name="# (Kommentar)" enable="True">
			<UUID>F79FE488-D5B3-4046-974D-A59D9EAA5B20</UUID>
			<OwnerID></OwnerID>
			<Options>0</Options>
			<ParameterValues membercount="1">
				<Parameter type="Comment">
					<Comment></Comment>
				</Parameter>
			</ParameterValues>
		</Step>
		<Step index="43" id="89" name="# (Kommentar)" enable="True">
			<UUID>F85E9E09-CC89-4239-9FC9-8915142BAFD5</UUID>
			<OwnerID></OwnerID>
			<Options>4</Options>
			<ParameterValues membercount="1">
				<Parameter type="Comment">
					<Comment value="-------------------------------------------------------------"></Comment>
				</Parameter>
			</ParameterValues>
		</Step>
		<Step index="44" id="89" name="# (Kommentar)" enable="True">
			<UUID>EEC6CC36-80EF-4FCC-B7CB-9D6028EC7706</UUID>
			<OwnerID></OwnerID>
			<Options>4</Options>
			<ParameterValues membercount="1">
				<Parameter type="Comment">
					<Comment value=" PROCESS"></Comment>
				</Parameter>
			</ParameterValues>
		</Step>
		<Step index="45" id="89" name="# (Kommentar)" enable="True">
			<UUID>FC5FDCA3-4E62-42EC-B26C-66495A9643AE</UUID>
			<OwnerID></OwnerID>
			<Options>4</Options>
			<ParameterValues membercount="1">
				<Parameter type="Comment">
					<Comment value="-------------------------------------------------------------"></Comment>
				</Parameter>
			</ParameterValues>
		</Step>
		<Step index="46" id="160" name="Aus URL einfügen" enable="True">
			<UUID>A1D5FC91-C1C7-43F1-911D-BECC6602C368</UUID>
			<OwnerID></OwnerID>
			<Options>20613</Options>
			<ParameterValues membercount="6">
				<Parameter type="Boolean">
					<Boolean type="SSL-Zertifikate verifizieren" id="268435456" value="False"></Boolean>
				</Parameter>
				<Parameter type="Boolean">
					<Boolean type="Auswahl" id="4096" value="True"></Boolean>
				</Parameter>
				<Parameter type="Boolean">
					<Boolean type="Mit Dialog" id="128" value="False"></Boolean>
				</Parameter>
				<Parameter type="Target">
					<Variable value="$$my.result">
						<repetition value="1"></repetition>
					</Variable>
				</Parameter>
				<Parameter type="URL">
					<URL autoEncode="True">
						<Calculation datatype="1" position="0">
							<Calculation>
								<Text><![CDATA[$$server & $endpoint]]></Text>
								<ChunkList hash="9EA92AEF077FA44AE68308694556F8CB">
									<Chunk type="VariableReference">$$server</Chunk>
									<Chunk type="NoRef"> &amp; </Chunk>
									<Chunk type="VariableReference">$endpoint</Chunk>
								</ChunkList>
							</Calculation>
						</Calculation>
					</URL>
				</Parameter>
				<Parameter type="Calculation">
					<Calculation datatype="1" position="1">
						<Calculation>
							<Text><![CDATA[$curloptions]]></Text>
							<ChunkList hash="205B4DA1BAD160DEDA31FE70167BBA78">
								<Chunk type="VariableReference">$curloptions</Chunk>
							</ChunkList>
						</Calculation>
					</Calculation>
				</Parameter>
			</ParameterValues>
		</Step>
		<Step index="47" id="1" name="Script ausführen" enable="True">
			<UUID>D1ADDA17-58F2-4941-973B-DDD5566598E8</UUID>
			<OwnerID></OwnerID>
			<Options>64</Options>
			<ParameterValues membercount="2">
				<Parameter type="List">
					<List name="Aus Liste" value="1">
						<ScriptReference id="31" name="Handle response" UUID="44FA18ED-6DEA-4F32-BDDB-09F438F6D005"></ScriptReference>
					</List>
				</Parameter>
				<Parameter type="Parameter">
					<Parameter></Parameter>
				</Parameter>
			</ParameterValues>
		</Step>
		<Step index="48" id="89" name="# (Kommentar)" enable="True">
			<UUID>CF8F98CD-7C3B-470E-9EFA-155968BACF05</UUID>
			<OwnerID></OwnerID>
			<Options>4</Options>
			<ParameterValues membercount="1">
				<Parameter type="Comment">
					<Comment value="update database listing"></Comment>
				</Parameter>
			</ParameterValues>
		</Step>
		<Step index="49" id="1" name="Script ausführen" enable="True">
			<UUID>38E5EC53-4247-4271-A3FC-6FE25524A7A8</UUID>
			<OwnerID></OwnerID>
			<Options>64</Options>
			<ParameterValues membercount="2">
				<Parameter type="List">
					<List name="Aus Liste" value="1">
						<ScriptReference id="65" name="List Clients" UUID="B30EA7F8-3338-465C-9E22-194179E36E8C"></ScriptReference>
					</List>
				</Parameter>
				<Parameter type="Parameter">
					<Parameter></Parameter>
				</Parameter>
			</ParameterValues>
		</Step>
		<Step index="50" id="89" name="# (Kommentar)" enable="True">
			<UUID>62B6EA74-CC80-4859-8451-106F78A2177D</UUID>
			<OwnerID></OwnerID>
			<Options>0</Options>
			<ParameterValues membercount="1">
				<Parameter type="Comment">
					<Comment></Comment>
				</Parameter>
			</ParameterValues>
		</Step>
		<Step index="51" id="70" name="Ende (wenn)" enable="True">
			<UUID>80E243DD-05F8-40B0-9ADE-AE9AE6A0FF26</UUID>
			<OwnerID></OwnerID>
			<Options>0</Options>
		</Step>
		<Step index="52" id="89" name="# (Kommentar)" enable="True">
			<UUID>140BA58D-BB97-488C-9E1B-EE14C9D13351</UUID>
			<OwnerID></OwnerID>
			<Options>0</Options>
			<ParameterValues membercount="1">
				<Parameter type="Comment">
					<Comment></Comment>
				</Parameter>
			</ParameterValues>
		</Step>
		<Step index="53" id="89" name="# (Kommentar)" enable="True">
			<UUID>0C851697-BF99-47F9-A44B-50A050151DBA</UUID>
			<OwnerID></OwnerID>
			<Options>4</Options>
			<ParameterValues membercount="1">
				<Parameter type="Comment">
					<Comment value="-------------------------------------------------------------"></Comment>
				</Parameter>
			</ParameterValues>
		</Step>
		<Step index="54" id="89" name="# (Kommentar)" enable="True">
			<UUID>2ECD5FD8-3F5E-45E9-BC05-CC1222824F69</UUID>
			<OwnerID></OwnerID>
			<Options>4</Options>
			<ParameterValues membercount="1">
				<Parameter type="Comment">
					<Comment value=" CLEAN UP"></Comment>
				</Parameter>
			</ParameterValues>
		</Step>
		<Step index="55" id="89" name="# (Kommentar)" enable="True">
			<UUID>AD4D5427-703A-4B61-94A9-A896BDFB914B</UUID>
			<OwnerID></OwnerID>
			<Options>4</Options>
			<ParameterValues membercount="1">
				<Parameter type="Comment">
					<Comment value="-------------------------------------------------------------"></Comment>
				</Parameter>
			</ParameterValues>
		</Step>
		<Step index="56" id="68" name="Wenn" enable="True">
			<UUID>A85D2E29-9FDA-46C9-852A-3CDD0D7696BE</UUID>
			<OwnerID></OwnerID>
			<Options>16384</Options>
			<ParameterValues membercount="1">
				<Parameter type="Calculation">
					<Calculation datatype="7" position="0">
						<Calculation>
							<Text><![CDATA[$error = 0]]></Text>
							<ChunkList hash="CE3C173E2CD2554CBB236CEE7C56CBB6">
								<Chunk type="VariableReference">$error</Chunk>
								<Chunk type="NoRef"> = 0</Chunk>
							</ChunkList>
						</Calculation>
					</Calculation>
				</Parameter>
			</ParameterValues>
		</Step>
		<Step index="57" id="89" name="# (Kommentar)" enable="True">
			<UUID>3CFCC3CB-3ECF-44D4-A654-44B40061AF6F</UUID>
			<OwnerID></OwnerID>
			<Options>4</Options>
			<ParameterValues membercount="1">
				<Parameter type="Comment">
					<Comment value=" set to exit true if you do not need to pass an error"></Comment>
				</Parameter>
			</ParameterValues>
		</Step>
		<Step index="58" id="141" name="Variable setzen" enable="True">
			<UUID>7A81BAA9-C83B-4D22-BD57-432BB4EF3FAF</UUID>
			<OwnerID></OwnerID>
			<Options>16388</Options>
			<ParameterValues membercount="1">
				<Parameter type="Variable">
					<value>
						<Calculation datatype="1" position="1">
							<Calculation>
								<Text><![CDATA[1 // exit true]]></Text>
								<ChunkList hash="DC134DF247804ECF23193E2024A59A1B">
									<Chunk type="NoRef">1 // exit true</Chunk>
								</ChunkList>
							</Calculation>
						</Calculation>
					</value>
					<Name value="$error"></Name>
					<repetition></repetition>
				</Parameter>
			</ParameterValues>
		</Step>
		<Step index="59" id="70" name="Ende (wenn)" enable="True">
			<UUID>E8892040-EE22-4A19-9B36-07F5A4E4202A</UUID>
			<OwnerID></OwnerID>
			<Options>0</Options>
		</Step>
		<Step index="60" id="89" name="# (Kommentar)" enable="True">
			<UUID>1AA27087-5CA0-4C5B-9423-5DC64F75868B</UUID>
			<OwnerID></OwnerID>
			<Options>0</Options>
			<ParameterValues membercount="1">
				<Parameter type="Comment">
					<Comment></Comment>
				</Parameter>
			</ParameterValues>
		</Step>
		<Step index="61" id="103" name="Aktuelles Script verlassen" enable="True">
			<UUID>1E0D9D48-D275-4AAC-AE43-5C51AD48402E</UUID>
			<OwnerID></OwnerID>
			<Options>16384</Options>
			<ParameterValues membercount="1">
				<Parameter type="Calculation">
					<Calculation datatype="1" position="0">
						<Calculation>
							<Text><![CDATA[$error]]></Text>
							<ChunkList hash="926F59D0E89012933FB1C2137ABF78F1">
								<Chunk type="VariableReference">$error</Chunk>
							</ChunkList>
						</Calculation>
					</Calculation>
				</Parameter>
			</ParameterValues>
		</Step>
		<Step index="62" id="89" name="# (Kommentar)" enable="True">
			<UUID>DDA03350-F04D-4181-9CCF-49431F445962</UUID>
			<OwnerID></OwnerID>
			<Options>0</Options>
			<ParameterValues membercount="1">
				<Parameter type="Comment">
					<Comment></Comment>
				</Parameter>
			</ParameterValues>
		</Step>
	</ObjectList>
</Script>
