---
source: src/main.rs
expression: output_content
---
<Script>
	<ScriptReference id="88" name="Colorize!"></ScriptReference>
	<ObjectList membercount="29">
		<Step id="89" name="# (Kommentar)" enable="True">
			<ParameterValues membercount="1">
				<Parameter type="Comment">
					<Comment></Comment>
				</Parameter>
			</ParameterValues>
		</Step>
		<Step id="89" name="# (Kommentar)" enable="True">
			<Options>4</Options>
			<ParameterValues membercount="1">
				<Parameter type="Comment">
					<Comment value="20160923 MrW SyntaxColorizing for specific FM-Versions"></Comment>
				</Parameter>
			</ParameterValues>
		</Step>
		<Step id="89" name="# (Kommentar)" enable="True">
			<Options>4</Options>
			<ParameterValues membercount="1">
				<Parameter type="Comment">
					<Comment value="20121101 MrW "></Comment>
				</Parameter>
			</ParameterValues>
		</Step>
		<Step id="89" name="# (Kommentar)" enable="True">
			<ParameterValues membercount="1">
				<Parameter type="Comment">
					<Comment></Comment>
				</Parameter>
			</ParameterValues>
		</Step>
		<Step id="85" name="AnwenderAbbruchZulassen setzen" enable="True">
			<Options>65536</Options>
			<ParameterValues membercount="1">
				<Parameter type="Boolean">
					<Boolean id="131072" value="False"></Boolean>
				</Parameter>
			</ParameterValues>
		</Step>
		<Step id="86" name="Fehleraufzeichnung setzen" enable="True">
			<Options>196608</Options>
			<ParameterValues membercount="1">
				<Parameter type="Boolean">
					<Boolean id="131072" value="True"></Boolean>
				</Parameter>
			</ParameterValues>
		</Step>
		<Step id="89" name="# (Kommentar)" enable="True">
			<ParameterValues membercount="1">
				<Parameter type="Comment">
					<Comment></Comment>
				</Parameter>
			</ParameterValues>
		</Step>
		<Step id="89" name="# (Kommentar)" enable="True">
			<Options>4</Options>
			<ParameterValues membercount="1">
				<Parameter type="Comment">
					<Comment value="Check MBS"></Comment>
				</Parameter>
			</ParameterValues>
		</Step>
		<Step id="1" name="Script ausführen" enable="True">
			<Options>64</Options>
			<ParameterValues membercount="2">
				<Parameter type="List">
					<List name="Aus Liste" value="1">
						<ScriptReference id="42" name="MBS Plugin check"></ScriptReference>
					</List>
				</Parameter>
				<Parameter type="Parameter">
					<Parameter></Parameter>
				</Parameter>
			</ParameterValues>
		</Step>
		<Step id="89" name="# (Kommentar)" enable="True">
			<ParameterValues membercount="1">
				<Parameter type="Comment">
					<Comment></Comment>
				</Parameter>
			</ParameterValues>
		</Step>
		<Step id="89" name="# (Kommentar)" enable="True">
			<Options>4</Options>
			<ParameterValues membercount="1">
				<Parameter type="Comment">
					<Comment value="Clean up, Reset colors"></Comment>
				</Parameter>
			</ParameterValues>
		</Step>
		<Step id="1" name="Script ausführen" enable="True">
			<Options>16448</Options>
			<ParameterValues membercount="2">
				<Parameter type="List">
					<List name="Aus Liste" value="1">
						<ScriptReference id="41" name="MBS_SyntaxColoring( Action )"></ScriptReference>
					</List>
				</Parameter>
				<Parameter type="Parameter">
					<Parameter>
						<Calculation datatype="1" position="0">
							<Calculation>
								<Text><![CDATA["Clear" & "¶" & 1]]></Text>
								<ChunkList hash="3D1D4B2C6509065DC956CF9735836316">
									<Chunk type="NoRef">&quot;Clear&quot; &amp; &quot;¶&quot; &amp; 1</Chunk>
								</ChunkList>
							</Calculation>
						</Calculation>
					</Parameter>
				</Parameter>
			</ParameterValues>
		</Step>
		<Step id="1" name="Script ausführen" enable="True">
			<Options>64</Options>
			<ParameterValues membercount="2">
				<Parameter type="List">
					<List name="Aus Liste" value="1">
						<ScriptReference id="153" name="Set LineNumber Color"></ScriptReference>
					</List>
				</Parameter>
				<Parameter type="Parameter">
					<Parameter></Parameter>
				</Parameter>
			</ParameterValues>
		</Step>
		<Step id="1" name="Script ausführen" enable="True">
			<Options>16448</Options>
			<ParameterValues membercount="2">
				<Parameter type="List">
					<List name="Aus Liste" value="1">
						<ScriptReference id="41" name="MBS_SyntaxColoring( Action )"></ScriptReference>
					</List>
				</Parameter>
				<Parameter type="Parameter">
					<Parameter>
						<Calculation datatype="1" position="0">
							<Calculation>
								<Text><![CDATA["Enable"]]></Text>
								<ChunkList hash="1AE890ED6E5754C5F71F106F559D0E9B">
									<Chunk type="NoRef">&quot;Enable&quot;</Chunk>
								</ChunkList>
							</Calculation>
						</Calculation>
					</Parameter>
				</Parameter>
			</ParameterValues>
		</Step>
		<Step id="89" name="# (Kommentar)" enable="True">
			<ParameterValues membercount="1">
				<Parameter type="Comment">
					<Comment></Comment>
				</Parameter>
			</ParameterValues>
		</Step>
		<Step id="89" name="# (Kommentar)" enable="True">
			<Options>4</Options>
			<ParameterValues membercount="1">
				<Parameter type="Comment">
					<Comment value="Select the necessary entries"></Comment>
				</Parameter>
			</ParameterValues>
		</Step>
		<Step id="1" name="Script ausführen" enable="False">
			<Options>64</Options>
			<ParameterValues membercount="2">
				<Parameter type="List">
					<List name="Aus Liste" value="1">
						<ScriptReference id="91" name="Show All Syntax"></ScriptReference>
					</List>
				</Parameter>
				<Parameter type="Parameter">
					<Parameter></Parameter>
				</Parameter>
			</ParameterValues>
		</Step>
		<Step id="1" name="Script ausführen" enable="True">
			<Options>64</Options>
			<ParameterValues membercount="2">
				<Parameter type="List">
					<List name="Aus Liste" value="1">
						<ScriptReference id="173" name="Go to Syntax for given FM-Version"></ScriptReference>
					</List>
				</Parameter>
				<Parameter type="Parameter">
					<Parameter></Parameter>
				</Parameter>
			</ParameterValues>
		</Step>
		<Step id="89" name="# (Kommentar)" enable="True">
			<ParameterValues membercount="1">
				<Parameter type="Comment">
					<Comment></Comment>
				</Parameter>
			</ParameterValues>
		</Step>
		<Step id="89" name="# (Kommentar)" enable="True">
			<Options>4</Options>
			<ParameterValues membercount="1">
				<Parameter type="Comment">
					<Comment value="Apply colors from the current palette"></Comment>
				</Parameter>
			</ParameterValues>
		</Step>
		<Step id="68" name="Wenn" enable="True">
			<Options>16384</Options>
			<ParameterValues membercount="1">
				<Parameter type="Calculation">
					<Calculation datatype="7" position="0">
						<Calculation>
							<Text><![CDATA[Syntax.Palette_Active::_k1 = 1]]></Text>
							<ChunkList hash="FEEE9F823D3C638D05F6E3710CBD60C9">
								<Chunk type="FieldRef">
									<FieldReference id="11" name="_k1" repetition="1">
										<TableOccurrenceReference id="1065131" name="Syntax.Palette_Active"></TableOccurrenceReference>
									</FieldReference>
								</Chunk>
								<Chunk type="NoRef"> = 1</Chunk>
							</ChunkList>
						</Calculation>
					</Calculation>
				</Parameter>
			</ParameterValues>
		</Step>
		<Step id="1" name="Script ausführen" enable="True">
			<Options>64</Options>
			<ParameterValues membercount="2">
				<Parameter type="List">
					<List name="Aus Liste" value="1">
						<ScriptReference id="43" name="Change Palette"></ScriptReference>
					</List>
				</Parameter>
				<Parameter type="Parameter">
					<Parameter></Parameter>
				</Parameter>
			</ParameterValues>
		</Step>
		<Step id="69" name="Sonst" enable="True">
		</Step>
		<Step id="1" name="Script ausführen" enable="True">
			<Options>64</Options>
			<ParameterValues membercount="2">
				<Parameter type="List">
					<List name="Aus Liste" value="1">
						<ScriptReference id="113" name="Show Default Palette"></ScriptReference>
					</List>
				</Parameter>
				<Parameter type="Parameter">
					<Parameter></Parameter>
				</Parameter>
			</ParameterValues>
		</Step>
		<Step id="1" name="Script ausführen" enable="True">
			<Options>64</Options>
			<ParameterValues membercount="2">
				<Parameter type="List">
					<List name="Aus Liste" value="1">
						<ScriptReference id="75" name="Apply Palette"></ScriptReference>
					</List>
				</Parameter>
				<Parameter type="Parameter">
					<Parameter></Parameter>
				</Parameter>
			</ParameterValues>
		</Step>
		<Step id="70" name="Ende (wenn)" enable="True">
		</Step>
		<Step id="89" name="# (Kommentar)" enable="True">
			<ParameterValues membercount="1">
				<Parameter type="Comment">
					<Comment></Comment>
				</Parameter>
			</ParameterValues>
		</Step>
		<Step id="6" name="Gehe zu Layout" enable="True">
			<ParameterValues membercount="2">
				<Parameter type="LayoutReferenceContainer">
					<LayoutReferenceContainer value="1">
						<Label>Originallayout</Label>
					</LayoutReferenceContainer>
				</Parameter>
				<Parameter type="Animation">
					<Animation name="Ohne" value="0"></Animation>
				</Parameter>
			</ParameterValues>
		</Step>
		<Step id="89" name="# (Kommentar)" enable="True">
			<ParameterValues membercount="1">
				<Parameter type="Comment">
					<Comment></Comment>
				</Parameter>
			</ParameterValues>
		</Step>
	</ObjectList>
</Script>
