---
source: src/tests.rs
expression: output_content
---
<Layout id="14" name="Card - Public Keys" width="615">
	<TableOccurrenceReference id="1065117" name="PUB__publickeys"></TableOccurrenceReference>
	<LayoutThemeReference id="2" name="com.filemaker.theme.custom.A0ED6AD4_DD83_4D4B_97BA_F42453BB7F66" Display="Enlightened fmsadmin" Base="com.filemaker.theme.enlightened"></LayoutThemeReference>
	<PartsList membercount="2">
		<Part type="Kopfbereich" kind="1">
			<Definition type="Kopfbereich" kind="1" size="10" absolute="0" Options="0"></Definition>
			<ObjectList membercount="1">
				<LayoutObject id="253" type="Rechteck" name="" kind="5">
					<Bounds top="0" left="0" bottom="7" right="615"></Bounds>
					<Options>805306628</Options>
					<Rectangle renderFormat="0"></Rectangle>
					<LocalCSS name="FM-D3474E3E-669E-4831-9980-E1E3EBE0D28B"><![CDATA[self.FM-D3474E3E-669E-4831-9980-E1E3EBE0D28B
{
}
]]></LocalCSS>
					<Conditions>
						<Hide findMode="True">
							<Calculation>
								<Text><![CDATA[1]]></Text>
								<ChunkList hash="A93F17BC54CA1958073B692697D5ED21">
									<Chunk type="NoRef">1</Chunk>
								</ChunkList>
							</Calculation>
						</Hide>
					</Conditions>
				</LayoutObject>
			</ObjectList>
		</Part>
		<Part type="Datenbereich" kind="4">
			<Definition type="Datenbereich" kind="4" size="458" absolute="10" Options="0">
				<LocalCSS name="form_body"><![CDATA[self.form_body
{
}
]]></LocalCSS>
			</Definition>
			<ObjectList membercount="32">
				<LayoutObject id="6" type="Bearbeitungsfeld" name="" kind="1">
					<Bounds top="21" left="86" bottom="42" right="491"></Bounds>
					<Options>805306368</Options>
					<Field>
						<FieldReference id="8" name="name" repetition="1">
							<TableOccurrenceReference id="1065117" name="PUB__publickeys"></TableOccurrenceReference>
						</FieldReference>
						<Options>32</Options>
						<Display Style="0" show="1"></Display>
						<Usage inputMode="0" type="1"></Usage>
					</Field>
					<ExtendedAttributes>
						<Formatting>
							<Graphic>
								<Options>5</Options>
							</Graphic>
							<Time>
								<Options>143</Options>
							</Time>
							<Numeric>
								<Options>2304</Options>
								<Style>
									<Negative>
										<Color red="221" green="0" blue="0" alpha="1.00"></Color>
									</Negative>
								</Style>
								<DecimalDigits>2</DecimalDigits>
							</Numeric>
						</Formatting>
					</ExtendedAttributes>
					<Accessibility>
						<Label>86</Label>
					</Accessibility>
				</LayoutObject>
				<LayoutObject id="11" type="Text" name="" kind="2">
					<Bounds top="10" left="1378" bottom="26" right="1440"></Bounds>
					<Options>805306368</Options>
					<Text>
						<Options>2</Options>
						<StyledText>
							<Data><![CDATA[Number]]></Data>
						</StyledText>
					</Text>
				</LayoutObject>
				<LayoutObject id="12" type="Text" name="" kind="2">
					<Bounds top="31" left="1378" bottom="48" right="1440"></Bounds>
					<Options>805306368</Options>
					<Text>
						<Options>2</Options>
						<StyledText>
							<Data><![CDATA[Number]]></Data>
						</StyledText>
					</Text>
				</LayoutObject>
				<LayoutObject id="16" type="Text" name="" kind="2">
					<Bounds top="56" left="1378" bottom="73" right="1440"></Bounds>
					<Options>805306368</Options>
					<Text>
						<Options>2</Options>
						<StyledText>
							<Data><![CDATA[Number]]></Data>
						</StyledText>
					</Text>
				</LayoutObject>
				<LayoutObject id="34" type="Text" name="" kind="2">
					<Bounds top="106" left="1378" bottom="123" right="1487"></Bounds>
					<Options>805306368</Options>
					<Text>
						<Options>2</Options>
						<StyledText>
							<Data><![CDATA[Boolean]]></Data>
						</StyledText>
					</Text>
					<LocalCSS name=""><![CDATA[self:normal .self
{
	font-family: -fm-font-family(Arial,ArialMT);
}
]]></LocalCSS>
				</LayoutObject>
				<LayoutObject id="49" type="Text" name="" kind="2">
					<Bounds top="136" left="1378" bottom="153" right="1487"></Bounds>
					<Options>805306368</Options>
					<Text>
						<Options>2</Options>
						<StyledText>
							<Data><![CDATA[Boolean]]></Data>
						</StyledText>
					</Text>
					<LocalCSS name=""><![CDATA[self:normal .self
{
	font-family: -fm-font-family(Arial,ArialMT);
}
]]></LocalCSS>
				</LayoutObject>
				<LayoutObject id="66" type="Text" name="" kind="2">
					<Bounds top="24" left="507" bottom="41" right="614"></Bounds>
					<Options>805306368</Options>
					<Text>
						<Options>2</Options>
						<StyledText>
							<Data><![CDATA[required]]></Data>
						</StyledText>
					</Text>
					<LocalCSS name=""><![CDATA[self:normal .self
{
	color: rgba(100%,15.2941%,7.05882%,1);
}
]]></LocalCSS>
				</LayoutObject>
				<LayoutObject id="86" type="Text" name="" kind="2">
					<Bounds top="24" left="38" bottom="41" right="78"></Bounds>
					<Options>805306368</Options>
					<Text>
						<StyledText>
							<Data><![CDATA[name]]></Data>
						</StyledText>
					</Text>
					<LocalCSS name=""><![CDATA[self:normal .self
{
	text-align: right;
}
]]></LocalCSS>
				</LayoutObject>
				<LayoutObject id="375" type="Taste" name="" kind="10">
					<Bounds top="139" left="435" bottom="162" right="490"></Bounds>
					<Options>805306372</Options>
					<Button>
						<Label>
							<Text>
								<Options>2</Options>
								<StyledText>
									<Data><![CDATA[Post Schedule]]></Data>
								</StyledText>
							</Text>
						</Label>
						<IconData type="0" size="12"></IconData>
						<action>
							<Options>4</Options>
							<ScriptReference id="175" name="Add FileMaker Admin API Public Keys Server Setting"></ScriptReference>
							<Calculation>
								<Text><![CDATA[JSONSetElement ( ""   ; [ "name" ; PUB__publickeys::name ; JSONString ])]]></Text>
								<ChunkList hash="E056C9714C91FD9A3A73AC516DD11C3D">
									<Chunk type="FunctionRef">JSONSetElement</Chunk>
									<Chunk type="NoRef"> ( &quot;&quot; &#13;  ; [ &quot;name&quot; ; </Chunk>
									<Chunk type="FieldRef">
										<FieldReference id="8" name="name" repetition="1">
											<TableOccurrenceReference id="1065117" name="PUB__publickeys"></TableOccurrenceReference>
										</FieldReference>
									</Chunk>
									<Chunk type="NoRef"> ; </Chunk>
									<Chunk type="FunctionRef">JSONString</Chunk>
									<Chunk type="NoRef"> ]&#13;)</Chunk>
								</ChunkList>
							</Calculation>
						</action>
					</Button>
					<LocalCSS name="FM-B8AD8310-7AAB-4A1D-8AEB-E8A158D04A32"><![CDATA[self.FM-B8AD8310-7AAB-4A1D-8AEB-E8A158D04A32
{
}
]]></LocalCSS>
					<Conditions>
						<Hide findMode="False">
							<Calculation>
								<Text><![CDATA[NICHT ( IstLeer ( PUB__publickeys::dateAdded ) )]]></Text>
								<ChunkList hash="703DDEFB431F55C91D68E7A3B2BB3FF2">
									<Chunk type="FunctionRef">NICHT</Chunk>
									<Chunk type="NoRef"> ( </Chunk>
									<Chunk type="FunctionRef">IstLeer</Chunk>
									<Chunk type="NoRef"> ( </Chunk>
									<Chunk type="FieldRef">
										<FieldReference id="10" name="dateAdded" repetition="1">
											<TableOccurrenceReference id="1065117" name="PUB__publickeys"></TableOccurrenceReference>
										</FieldReference>
									</Chunk>
									<Chunk type="NoRef"> ) )</Chunk>
								</ChunkList>
							</Calculation>
						</Hide>
					</Conditions>
				</LayoutObject>
				<LayoutObject id="377" type="Text" name="" kind="2">
					<Bounds top="144" left="501" bottom="161" right="609"></Bounds>
					<Options>805306372</Options>
					<Text>
						<Options>2</Options>
						<StyledText>
							<Data><![CDATA[Create API Key]]></Data>
						</StyledText>
					</Text>
					<LocalCSS name=""><![CDATA[self:normal .self
{
	font-family: -fm-font-family(Arial,Arial-BoldMT);
	font-weight: bold;
}
]]></LocalCSS>
					<Conditions>
						<Hide findMode="False">
							<Calculation>
								<Text><![CDATA[NICHT ( IstLeer ( PUB__publickeys::dateAdded ) )]]></Text>
								<ChunkList hash="703DDEFB431F55C91D68E7A3B2BB3FF2">
									<Chunk type="FunctionRef">NICHT</Chunk>
									<Chunk type="NoRef"> ( </Chunk>
									<Chunk type="FunctionRef">IstLeer</Chunk>
									<Chunk type="NoRef"> ( </Chunk>
									<Chunk type="FieldRef">
										<FieldReference id="10" name="dateAdded" repetition="1">
											<TableOccurrenceReference id="1065117" name="PUB__publickeys"></TableOccurrenceReference>
										</FieldReference>
									</Chunk>
									<Chunk type="NoRef"> ) )</Chunk>
								</ChunkList>
							</Calculation>
						</Hide>
					</Conditions>
				</LayoutObject>
				<LayoutObject id="439" type="Taste" name="" kind="10">
					<Bounds top="139" left="435" bottom="162" right="490"></Bounds>
					<Options>805306372</Options>
					<Button>
						<Label>
							<Text>
								<Options>2</Options>
								<StyledText>
									<Data><![CDATA[Patch]]></Data>
								</StyledText>
							</Text>
						</Label>
						<IconData type="0" size="12"></IconData>
						<action>
							<Options>4</Options>
							<ScriptReference id="174" name="Update FileMaker Admin API Public Keys Server Setting"></ScriptReference>
							<Calculation>
								<Text><![CDATA[JSONSetElement ( ""   ; [ "name" ; PUB__publickeys::name ; JSONString ])]]></Text>
								<ChunkList hash="E056C9714C91FD9A3A73AC516DD11C3D">
									<Chunk type="FunctionRef">JSONSetElement</Chunk>
									<Chunk type="NoRef"> ( &quot;&quot; &#13;  ; [ &quot;name&quot; ; </Chunk>
									<Chunk type="FieldRef">
										<FieldReference id="8" name="name" repetition="1">
											<TableOccurrenceReference id="1065117" name="PUB__publickeys"></TableOccurrenceReference>
										</FieldReference>
									</Chunk>
									<Chunk type="NoRef"> ; </Chunk>
									<Chunk type="FunctionRef">JSONString</Chunk>
									<Chunk type="NoRef"> ]&#13;)</Chunk>
								</ChunkList>
							</Calculation>
						</action>
					</Button>
					<LocalCSS name="FM-73208538-E9C6-4563-94E4-2229FDB52900"><![CDATA[self.FM-73208538-E9C6-4563-94E4-2229FDB52900
{
}
]]></LocalCSS>
					<Conditions>
						<Hide findMode="False">
							<Calculation>
								<Text><![CDATA[IstLeer ( PUB__publickeys::dateAdded )]]></Text>
								<ChunkList hash="53F18CB20B4087B22B0E51CAA996B0B1">
									<Chunk type="FunctionRef">IstLeer</Chunk>
									<Chunk type="NoRef"> ( </Chunk>
									<Chunk type="FieldRef">
										<FieldReference id="10" name="dateAdded" repetition="1">
											<TableOccurrenceReference id="1065117" name="PUB__publickeys"></TableOccurrenceReference>
										</FieldReference>
									</Chunk>
									<Chunk type="NoRef"> )</Chunk>
								</ChunkList>
							</Calculation>
						</Hide>
					</Conditions>
				</LayoutObject>
				<LayoutObject id="440" type="Text" name="" kind="2">
					<Bounds top="144" left="501" bottom="161" right="609"></Bounds>
					<Options>805306372</Options>
					<Text>
						<Options>2</Options>
						<StyledText>
							<Data><![CDATA[Edit API Key]]></Data>
						</StyledText>
					</Text>
					<LocalCSS name=""><![CDATA[self:normal .self
{
	font-family: -fm-font-family(Arial,Arial-BoldMT);
	font-weight: bold;
}
]]></LocalCSS>
					<Conditions>
						<Hide findMode="False">
							<Calculation>
								<Text><![CDATA[IstLeer ( PUB__publickeys::dateAdded )]]></Text>
								<ChunkList hash="53F18CB20B4087B22B0E51CAA996B0B1">
									<Chunk type="FunctionRef">IstLeer</Chunk>
									<Chunk type="NoRef"> ( </Chunk>
									<Chunk type="FieldRef">
										<FieldReference id="10" name="dateAdded" repetition="1">
											<TableOccurrenceReference id="1065117" name="PUB__publickeys"></TableOccurrenceReference>
										</FieldReference>
									</Chunk>
									<Chunk type="NoRef"> )</Chunk>
								</ChunkList>
							</Calculation>
						</Hide>
					</Conditions>
				</LayoutObject>
				<LayoutObject id="645" type="Container" name="" kind="1">
					<Bounds top="24" left="725" bottom="83" right="804"></Bounds>
					<Options>805306368</Options>
					<Field>
						<FieldReference id="14" name="privateKey_r" repetition="1">
							<TableOccurrenceReference id="1065117" name="PUB__publickeys"></TableOccurrenceReference>
						</FieldReference>
						<Options>1048608</Options>
						<Display Style="0" show="1"></Display>
						<Usage inputMode="0" type="1"></Usage>
					</Field>
					<ExtendedAttributes>
						<Formatting>
							<Graphic>
								<Options>5</Options>
							</Graphic>
							<Time>
								<Options>143</Options>
							</Time>
							<Numeric>
								<Options>2304</Options>
								<Style>
									<Negative>
										<Color red="221" green="0" blue="0" alpha="1.00"></Color>
									</Negative>
								</Style>
								<DecimalDigits>2</DecimalDigits>
							</Numeric>
						</Formatting>
					</ExtendedAttributes>
					<Accessibility>
						<Label>646</Label>
					</Accessibility>
				</LayoutObject>
				<LayoutObject id="646" type="Text" name="" kind="2">
					<Bounds top="27" left="637" bottom="44" right="713"></Bounds>
					<Options>805306368</Options>
					<Text>
						<StyledText>
							<Data><![CDATA[privateKey_r]]></Data>
						</StyledText>
					</Text>
					<LocalCSS name=""><![CDATA[self:normal .self
{
	text-align: right;
}
]]></LocalCSS>
				</LayoutObject>
				<LayoutObject id="647" type="Container" name="" kind="1">
					<Bounds top="95" left="725" bottom="154" right="804"></Bounds>
					<Options>805306376</Options>
					<Field>
						<FieldReference id="15" name="publicKey_r" repetition="1">
							<TableOccurrenceReference id="1065117" name="PUB__publickeys"></TableOccurrenceReference>
						</FieldReference>
						<Options>1048608</Options>
						<Display Style="0" show="1"></Display>
						<Usage inputMode="0" type="1"></Usage>
					</Field>
					<ExtendedAttributes>
						<Formatting>
							<Graphic>
								<Options>5</Options>
							</Graphic>
							<Time>
								<Options>143</Options>
							</Time>
							<Numeric>
								<Options>2304</Options>
								<Style>
									<Negative>
										<Color red="221" green="0" blue="0" alpha="1.00"></Color>
									</Negative>
								</Style>
								<DecimalDigits>2</DecimalDigits>
							</Numeric>
						</Formatting>
					</ExtendedAttributes>
					<Accessibility>
						<Label>648</Label>
					</Accessibility>
				</LayoutObject>
				<LayoutObject id="648" type="Text" name="" kind="2">
					<Bounds top="98" left="642" bottom="115" right="713"></Bounds>
					<Options>805306368</Options>
					<Text>
						<StyledText>
							<Data><![CDATA[publicKey_r]]></Data>
						</StyledText>
					</Text>
					<LocalCSS name=""><![CDATA[self:normal .self
{
	text-align: right;
}
]]></LocalCSS>
				</LayoutObject>
				<LayoutObject id="649" type="Bearbeitungsfeld" name="" kind="1">
					<Bounds top="43" left="86" bottom="136" right="491"></Bounds>
					<Options>805306376</Options>
					<Field>
						<FieldReference id="9" name="publicKey" repetition="1">
							<TableOccurrenceReference id="1065117" name="PUB__publickeys"></TableOccurrenceReference>
						</FieldReference>
						<Options>290</Options>
						<Display Style="0" show="1"></Display>
						<Usage inputMode="0" type="1"></Usage>
					</Field>
					<ExtendedAttributes>
						<Formatting>
							<Graphic>
								<Options>5</Options>
							</Graphic>
							<Time>
								<Options>143</Options>
							</Time>
							<Numeric>
								<Options>2304</Options>
								<Style>
									<Negative>
										<Color red="221" green="0" blue="0" alpha="1.00"></Color>
									</Negative>
								</Style>
								<DecimalDigits>2</DecimalDigits>
							</Numeric>
						</Formatting>
					</ExtendedAttributes>
				</LayoutObject>
				<LayoutObject id="650" type="Text" name="" kind="2">
					<Bounds top="46" left="22" bottom="63" right="78"></Bounds>
					<Options>805306368</Options>
					<Text>
						<StyledText>
							<Data><![CDATA[publicKey]]></Data>
						</StyledText>
					</Text>
					<LocalCSS name=""><![CDATA[self:normal .self
{
	text-align: right;
}
]]></LocalCSS>
				</LayoutObject>
				<LayoutObject id="651" type="Text" name="" kind="2">
					<Bounds top="46" left="507" bottom="63" right="614"></Bounds>
					<Options>805306368</Options>
					<Text>
						<Options>2</Options>
						<StyledText>
							<Data><![CDATA[required]]></Data>
						</StyledText>
					</Text>
					<LocalCSS name=""><![CDATA[self:normal .self
{
	color: rgba(100%,15.2941%,7.05882%,1);
}
]]></LocalCSS>
				</LayoutObject>
				<LayoutObject id="652" type="Bearbeitungsfeld" name="" kind="1">
					<Bounds top="176" left="86" bottom="269" right="491"></Bounds>
					<Options>805306376</Options>
					<Field>
						<FieldReference id="13" name="privateKey" repetition="1">
							<TableOccurrenceReference id="1065117" name="PUB__publickeys"></TableOccurrenceReference>
						</FieldReference>
						<Options>290</Options>
						<Display Style="0" show="1"></Display>
						<Usage inputMode="0" type="1"></Usage>
					</Field>
					<ExtendedAttributes>
						<Formatting>
							<Graphic>
								<Options>5</Options>
							</Graphic>
							<Time>
								<Options>143</Options>
							</Time>
							<Numeric>
								<Options>2304</Options>
								<Style>
									<Negative>
										<Color red="221" green="0" blue="0" alpha="1.00"></Color>
									</Negative>
								</Style>
								<DecimalDigits>2</DecimalDigits>
							</Numeric>
						</Formatting>
					</ExtendedAttributes>
				</LayoutObject>
				<LayoutObject id="653" type="Text" name="" kind="2">
					<Bounds top="179" left="18" bottom="196" right="78"></Bounds>
					<Options>805306368</Options>
					<Text>
						<StyledText>
							<Data><![CDATA[privateKey]]></Data>
						</StyledText>
					</Text>
					<LocalCSS name=""><![CDATA[self:normal .self
{
	text-align: right;
}
]]></LocalCSS>
				</LayoutObject>
				<LayoutObject id="654" type="Bearbeitungsfeld" name="" kind="1">
					<Bounds top="312" left="86" bottom="405" right="491"></Bounds>
					<Options>805306376</Options>
					<Field>
						<FieldReference id="17" name="jwt" repetition="1">
							<TableOccurrenceReference id="1065117" name="PUB__publickeys"></TableOccurrenceReference>
						</FieldReference>
						<Options>290</Options>
						<Display Style="0" show="1"></Display>
						<Usage inputMode="0" type="1"></Usage>
					</Field>
					<ExtendedAttributes>
						<Formatting>
							<Graphic>
								<Options>5</Options>
							</Graphic>
							<Time>
								<Options>143</Options>
							</Time>
							<Numeric>
								<Options>2304</Options>
								<Style>
									<Negative>
										<Color red="221" green="0" blue="0" alpha="1.00"></Color>
									</Negative>
								</Style>
								<DecimalDigits>2</DecimalDigits>
							</Numeric>
						</Formatting>
					</ExtendedAttributes>
				</LayoutObject>
				<LayoutObject id="655" type="Text" name="" kind="2">
					<Bounds top="315" left="60" bottom="332" right="78"></Bounds>
					<Options>805306368</Options>
					<Text>
						<StyledText>
							<Data><![CDATA[jwt]]></Data>
						</StyledText>
					</Text>
					<LocalCSS name=""><![CDATA[self:normal .self
{
	text-align: right;
}
]]></LocalCSS>
				</LayoutObject>
				<LayoutObject id="656" type="Linie" name="" kind="4">
					<Bounds top="169" left="5" bottom="169" right="608"></Bounds>
					<Options>805306368</Options>
					<Line></Line>
				</LayoutObject>
				<LayoutObject id="657" type="Taste" name="" kind="10">
					<Bounds top="139" left="86" bottom="162" right="289"></Bounds>
					<Options>805306380</Options>
					<Button>
						<Label>
							<Text>
								<Options>2</Options>
								<StyledText>
									<Data><![CDATA[Generate Public/Private Keys]]></Data>
								</StyledText>
							</Text>
						</Label>
						<IconData type="0" size="12"></IconData>
						<action>
							<Options>4</Options>
							<ScriptReference id="178" name="Generate SSH Keys"></ScriptReference>
						</action>
					</Button>
					<LocalCSS name="FM-EBD64279-059D-4A91-9C44-4A5756BD4421"><![CDATA[self.FM-EBD64279-059D-4A91-9C44-4A5756BD4421
{
}
]]></LocalCSS>
					<Conditions>
						<Hide findMode="False">
							<Calculation>
								<Text><![CDATA[NICHT IstLeer ( PUB__publickeys::publicKey )]]></Text>
								<ChunkList hash="B037BA1922961586B3DC55BD26F8717B">
									<Chunk type="FunctionRef">NICHT</Chunk>
									<Chunk type="NoRef"> </Chunk>
									<Chunk type="FunctionRef">IstLeer</Chunk>
									<Chunk type="NoRef"> ( </Chunk>
									<Chunk type="FieldRef">
										<FieldReference id="9" name="publicKey" repetition="1">
											<TableOccurrenceReference id="1065117" name="PUB__publickeys"></TableOccurrenceReference>
										</FieldReference>
									</Chunk>
									<Chunk type="NoRef"> )</Chunk>
								</ChunkList>
							</Calculation>
						</Hide>
					</Conditions>
				</LayoutObject>
				<LayoutObject id="659" type="Bearbeitungsfeld" name="" kind="1">
					<Bounds top="283" left="183" bottom="306" right="272"></Bounds>
					<Options>805306376</Options>
					<Field>
						<FieldReference id="16" name="Expires_days" repetition="1">
							<TableOccurrenceReference id="1065117" name="PUB__publickeys"></TableOccurrenceReference>
						</FieldReference>
						<Options>131104</Options>
						<Display Style="0" show="1">
							<Placeholder findMode="True">
								<Calculation>
									<Text><![CDATA["Default: 365"]]></Text>
									<ChunkList hash="C98F485FD0DF51F01EC6F965FF7B6606">
										<Chunk type="NoRef">&quot;Default: 365&quot;</Chunk>
									</ChunkList>
								</Calculation>
							</Placeholder>
						</Display>
						<Usage inputMode="0" type="1"></Usage>
					</Field>
					<ExtendedAttributes>
						<Formatting>
							<Graphic>
								<Options>5</Options>
							</Graphic>
							<Time>
								<Options>143</Options>
							</Time>
							<Numeric>
								<Options>2304</Options>
								<Style>
									<Negative>
										<Color red="221" green="0" blue="0" alpha="1.00"></Color>
									</Negative>
								</Style>
								<DecimalDigits>2</DecimalDigits>
							</Numeric>
						</Formatting>
					</ExtendedAttributes>
				</LayoutObject>
				<LayoutObject id="660" type="Bearbeitungsfeld" name="" kind="1">
					<Bounds top="409" left="86" bottom="432" right="491"></Bounds>
					<Options>805306376</Options>
					<Field>
						<FieldReference id="18" name="Expires_m" repetition="1">
							<TableOccurrenceReference id="1065117" name="PUB__publickeys"></TableOccurrenceReference>
						</FieldReference>
						<Options>32</Options>
						<Display Style="0" show="1"></Display>
						<Usage inputMode="0" type="1"></Usage>
					</Field>
					<ExtendedAttributes>
						<Formatting>
							<Graphic>
								<Options>5</Options>
							</Graphic>
							<Time>
								<Options>143</Options>
							</Time>
							<Numeric>
								<Options>2304</Options>
								<Style>
									<Negative>
										<Color red="221" green="0" blue="0" alpha="1.00"></Color>
									</Negative>
								</Style>
								<DecimalDigits>2</DecimalDigits>
							</Numeric>
						</Formatting>
					</ExtendedAttributes>
				</LayoutObject>
				<LayoutObject id="661" type="Text" name="" kind="2">
					<Bounds top="412" left="0" bottom="429" right="78"></Bounds>
					<Options>805306368</Options>
					<Text>
						<StyledText>
							<Data><![CDATA[expires (UTC)]]></Data>
						</StyledText>
					</Text>
					<LocalCSS name=""><![CDATA[self:normal .self
{
	text-align: right;
}
]]></LocalCSS>
				</LayoutObject>
				<LayoutObject id="662" type="Text" name="" kind="2">
					<Bounds top="286" left="86" bottom="303" right="173"></Bounds>
					<Options>805306368</Options>
					<Text>
						<StyledText>
							<Data><![CDATA[Expire (in days)]]></Data>
						</StyledText>
					</Text>
					<LocalCSS name=""><![CDATA[self:normal .self
{
	text-align: right;
}
]]></LocalCSS>
				</LayoutObject>
				<LayoutObject id="663" type="Taste" name="" kind="10">
					<Bounds top="283" left="289" bottom="306" right="492"></Bounds>
					<Options>805306376</Options>
					<Button>
						<Label>
							<Text>
								<Options>2</Options>
								<StyledText>
									<Data><![CDATA[Generate JWT]]></Data>
								</StyledText>
							</Text>
						</Label>
						<IconData type="0" size="12"></IconData>
						<action>
							<Options>4</Options>
							<ScriptReference id="179" name="Generate JWT"></ScriptReference>
						</action>
					</Button>
					<LocalCSS name="FM-EBD64279-059D-4A91-9C44-4A5756BD4421"><![CDATA[self.FM-EBD64279-059D-4A91-9C44-4A5756BD4421
{
}
]]></LocalCSS>
				</LayoutObject>
				<LayoutObject id="665" type="Taste" name="" kind="10">
					<Bounds top="438" left="436" bottom="461" right="491"></Bounds>
					<Options>805306376</Options>
					<Button>
						<Label>
							<Text>
								<Options>2</Options>
								<StyledText>
									<Data><![CDATA[Delete]]></Data>
								</StyledText>
							</Text>
						</Label>
						<IconData type="0" size="12"></IconData>
						<action>
							<Options>4</Options>
							<ScriptReference id="176" name="Delete FileMaker Admin API Public Keys"></ScriptReference>
							<Calculation>
								<Text><![CDATA[JSONSetElement ( ""  ; [ "name" ; PUB__publickeys::name ; JSONString ])]]></Text>
								<ChunkList hash="DC12C8E3F2B8A5DAC5B1A23BF570FAE8">
									<Chunk type="FunctionRef">JSONSetElement</Chunk>
									<Chunk type="NoRef"> ( &quot;&quot; &#13; ; [ &quot;name&quot; ; </Chunk>
									<Chunk type="FieldRef">
										<FieldReference id="8" name="name" repetition="1">
											<TableOccurrenceReference id="1065117" name="PUB__publickeys"></TableOccurrenceReference>
										</FieldReference>
									</Chunk>
									<Chunk type="NoRef"> ; </Chunk>
									<Chunk type="FunctionRef">JSONString</Chunk>
									<Chunk type="NoRef"> ]&#13;)</Chunk>
								</ChunkList>
							</Calculation>
						</action>
					</Button>
					<LocalCSS name="FM-765516D0-37FD-4A82-90BF-B2D152033D8F"><![CDATA[self.FM-765516D0-37FD-4A82-90BF-B2D152033D8F
{
}
]]></LocalCSS>
				</LayoutObject>
				<LayoutObject id="666" type="Linie" name="" kind="4">
					<Bounds top="275" left="5" bottom="275" right="608"></Bounds>
					<Options>805306368</Options>
					<Line></Line>
				</LayoutObject>
			</ObjectList>
		</Part>
	</PartsList>
	<UUID modifications="193" userName="Mike Duncan" accountName="Admin" timestamp="2023-01-25T10:18:15">6C9AC143-1DAB-41F0-83DD-BE2206EF3AE1</UUID>
	<ClientType>0</ClientType>
	<Options hidden="True">284395532</Options>
</Layout>
