---
source: src/main.rs
expression: output_content
---
<ExtendedPrivilege id="1" name="fmwebdirect">
	<Description>Access via FileMaker WebDirect</Description>
	<UUID modifications="2" userName="Mislav" accountName="admin" timestamp="2025-06-09T11:42:52">9DAF020D-94C6-49A8-97C4-0525BDFE2D50</UUID>
	<TagList></TagList>
	<ObjectList membercount="2">
		<PrivilegeSetReference id="1" name="[Full Access]"></PrivilegeSetReference>
		<PrivilegeSetReference id="4" name="MyRestrictedPrivilegeSet"></PrivilegeSetReference>
	</ObjectList>
</ExtendedPrivilege>
