---
source: src/tests.rs
expression: output_content
---
# 20140429 MrW

AnwenderAbbruchZulassen setzen [ OFF ]
Fehleraufzeichnung setzen [ ON ]

Gehe zu Layout [ Layout: "I_SyntaxTemp ADMIN" ; Animation: Ohne ]
Wenn [ Hole( AnzahlDatensätzeGesamt ) ]
	Alle Datensätze anzeigen
	Alle Datensätze löschen [ Mit Dialog: OFF ]
Ende (wenn)
Gehe zu Layout [ Layout: <Originallayout> ; Animation: Ohne ]
