---
source: src/tests.rs
expression: output_content
---
<Script>
	<ScriptReference id="36" name="MBS Plug-In"></ScriptReference>
	<ObjectList membercount="1">
		<Step hash="AD928EC50FD1E6BCCDEC6E01EAAA95B0" id="186" name="&lt;Unknown external script step from missing plug-in ( MBSP 2 )&gt;" enable="True">
			<Options>21248</Options>
			<External Source="MBSP" selectAll="True"></External>
			<ParameterValues membercount="0"></ParameterValues>
		</Step>
	</ObjectList>
</Script>
