---
source: src/main.rs
expression: output_content
---
<Script id="36" name="Get Server Security Settings">
	<UUID modifications="30" userName="Mike Duncan" accountName="Admin" timestamp="2022-12-09T10:21:36">B48027BA-019D-4D95-9AB0-66242F41C9A2</UUID>
	<Options hidden="True" access="ReadWrite" SiriShortcutVisible="False" runwithfullaccess="False" compatibility="0">8</Options>
	<TagList></TagList>
</Script>
