---
source: src/tests.rs
expression: output_content
---
<Script id="25" name="Fields">
	<UUID modifications="2" userName="Mislav" accountName="admin" timestamp="2025-06-20T18:21:37">89BCD2CC-B945-4CA7-B1B2-D37B2EC74DD3</UUID>
	<Options hidden="False" access="ReadWrite" SiriShortcutVisible="False" runwithfullaccess="False" compatibility="0">0</Options>
	<TagList></TagList>
</Script>
