---
source: src/tests.rs
expression: output_content
---
<Script id="32" name="Spelling">
	<UUID modifications="2" userName="Mislav" accountName="admin" timestamp="2025-06-20T18:24:57">8035073C-2907-44CE-B1D3-766A5CFBBE8A</UUID>
	<Options hidden="False" access="ReadWrite" SiriShortcutVisible="False" runwithfullaccess="False" compatibility="0">0</Options>
	<TagList></TagList>
</Script>
