---
source: src/main.rs
expression: output_content
---
<Script id="34" name="-" isSeparatorItem="True">
	<UUID modifications="2" userName="Malte Bastian" accountName="Admin" timestamp="2024-02-18T17:38:30">25036F55-23C3-4089-9B98-67D9B66F8B2D</UUID>
	<Options hidden="True" access="ReadWrite" SiriShortcutVisible="False" runwithfullaccess="False" compatibility="0">8</Options>
	<TagList></TagList>
</Script>
