---
source: src/tests.rs
expression: output_content
---
<Script id="47" name="--" isFolder="Marker">
	<UUID modifications="2" userName="R.Watson" accountName="admin" timestamp="2020-08-04T09:52:12">85253BD6-AD46-468E-86C6-9B9D06E5AEFB</UUID>
	<Options hidden="False" access="ReadWrite" SiriShortcutVisible="False" runwithfullaccess="False" compatibility="0">2</Options>
	<TagList></TagList>
</Script>
