---
source: src/main.rs
expression: output_content
---
<Relationship id="48">
	<UUID modifications="4" userName="R.Watson" accountName="admin" timestamp="2020-08-04T09:52:12">3EEFF1DC-861B-4BE3-901E-1AD53075A267</UUID>
	<LeftTable cascadeCreate="False" cascadeDelete="False" type="Local">
		<TableOccurrenceReference id="1065123" name="_Home" UUID="DED63781-79A4-481F-93A7-15FB9149DCD6"></TableOccurrenceReference>
		<SortSpecification value="False" maintain="True"></SortSpecification>
	</LeftTable>
	<RightTable cascadeCreate="False" cascadeDelete="False" type="Local">
		<TableOccurrenceReference id="1065153" name="Home.MBS_DeveloperOptions" UUID="D534749E-0046-488A-B348-834F70D376C4"></TableOccurrenceReference>
		<SortSpecification value="True" maintain="True">
			<SortList membercount="2">
				<Sort type="Ascending">
					<PrimaryField>
						<FieldReference id="15" name="Prio" UUID="5B659683-EF8E-4170-A72F-D889FE52A586">
							<TableOccurrenceReference id="1065153" name="Home.MBS_DeveloperOptions" UUID="D534749E-0046-488A-B348-834F70D376C4"></TableOccurrenceReference>
						</FieldReference>
					</PrimaryField>
				</Sort>
				<Sort type="Ascending">
					<PrimaryField>
						<FieldReference id="4" name="OptionName" UUID="E449D0E5-C2C8-45E0-87B0-646F69870834">
							<TableOccurrenceReference id="1065153" name="Home.MBS_DeveloperOptions" UUID="D534749E-0046-488A-B348-834F70D376C4"></TableOccurrenceReference>
						</FieldReference>
					</PrimaryField>
				</Sort>
			</SortList>
		</SortSpecification>
	</RightTable>
	<JoinPredicateList membercount="1">
		<JoinPredicate type="CartesianProduct">
			<LeftField>
				<FieldReference id="5" name="_k1" UUID="CBF607D7-D3B1-43EF-B523-8169ACD3C118">
					<TableOccurrenceReference id="1065123" name="_Home" UUID="DED63781-79A4-481F-93A7-15FB9149DCD6"></TableOccurrenceReference>
				</FieldReference>
			</LeftField>
			<RightField>
				<FieldReference id="8" name="_k1" UUID="EEA5119B-8FB6-4EDE-8DD1-05BA1AC63B34">
					<TableOccurrenceReference id="1065153" name="Home.MBS_DeveloperOptions" UUID="D534749E-0046-488A-B348-834F70D376C4"></TableOccurrenceReference>
				</FieldReference>
			</RightField>
		</JoinPredicate>
	</JoinPredicateList>
	<TagList></TagList>
</Relationship>
