---
source: src/main.rs
expression: output_content
---
<Script>
	<ScriptReference id="71" name="Update WPE Settings" UUID="69A44A10-B5A9-4D88-A22D-AA4461ECD388"></ScriptReference>
	<ObjectList membercount="45">
		<Step index="0" id="89" name="# (Kommentar)" enable="True">
			<UUID>503E455C-C431-4DED-9DA9-4089BEB085ED</UUID>
			<OwnerID></OwnerID>
			<Options>4</Options>
			<ParameterValues membercount="1">
				<Parameter type="Comment">
					<Comment value=" PURPOSE: WPE Settings for a Machine"></Comment>
				</Parameter>
			</ParameterValues>
		</Step>
		<Step index="1" id="89" name="# (Kommentar)" enable="True">
			<UUID>D55F03C4-EBCE-454A-A719-58EB1BD98699</UUID>
			<OwnerID></OwnerID>
			<Options>4</Options>
			<ParameterValues membercount="1">
				<Parameter type="Comment">
					<Comment value=" HISTORY:&#13;   - Created:   2019-06-11 by Mike Duncan (mduncan@soliantconsulting.com)&#13;   - Modified:  2018-MM-DD by FName LName"></Comment>
				</Parameter>
			</ParameterValues>
		</Step>
		<Step index="2" id="89" name="# (Kommentar)" enable="True">
			<UUID>FCA8798B-DAEE-4A78-9FFA-11B20117B5D6</UUID>
			<OwnerID></OwnerID>
			<Options>0</Options>
			<ParameterValues membercount="1">
				<Parameter type="Comment">
					<Comment></Comment>
				</Parameter>
			</ParameterValues>
		</Step>
		<Step index="3" id="85" name="AnwenderAbbruchZulassen setzen" enable="True">
			<UUID>40D11A6B-25EB-4CDE-AE0A-EAF1E3D0CA02</UUID>
			<OwnerID></OwnerID>
			<Options>196608</Options>
			<ParameterValues membercount="1">
				<Parameter type="Boolean">
					<Boolean id="131072" value="True"></Boolean>
				</Parameter>
			</ParameterValues>
		</Step>
		<Step index="4" id="86" name="Fehleraufzeichnung setzen" enable="True">
			<UUID>55CD8F16-33F5-4051-BF8B-FB86F657495B</UUID>
			<OwnerID></OwnerID>
			<Options>196608</Options>
			<ParameterValues membercount="1">
				<Parameter type="Boolean">
					<Boolean id="131072" value="True"></Boolean>
				</Parameter>
			</ParameterValues>
		</Step>
		<Step index="5" id="141" name="Variable setzen" enable="True">
			<UUID>AC6F0788-D939-4195-9625-17886C4BB056</UUID>
			<OwnerID></OwnerID>
			<Options>16388</Options>
			<ParameterValues membercount="1">
				<Parameter type="Variable">
					<value>
						<Calculation datatype="1" position="1">
							<Calculation>
								<Text><![CDATA[0]]></Text>
								<ChunkList hash="9BF55A5D51230A8EA20D4BAA0F468EEC">
									<Chunk type="NoRef">0</Chunk>
								</ChunkList>
							</Calculation>
						</Calculation>
					</value>
					<Name value="$error"></Name>
					<repetition></repetition>
				</Parameter>
			</ParameterValues>
		</Step>
		<Step index="6" id="89" name="# (Kommentar)" enable="True">
			<UUID>62C65DDD-C6B9-42AC-9D3E-51F9A84AE7C4</UUID>
			<OwnerID></OwnerID>
			<Options>0</Options>
			<ParameterValues membercount="1">
				<Parameter type="Comment">
					<Comment></Comment>
				</Parameter>
			</ParameterValues>
		</Step>
		<Step index="7" id="89" name="# (Kommentar)" enable="True">
			<UUID>5736ADEA-0F90-46EF-9EA3-C82A48E2737E</UUID>
			<OwnerID></OwnerID>
			<Options>4</Options>
			<ParameterValues membercount="1">
				<Parameter type="Comment">
					<Comment value="-------------------------------------------------------------"></Comment>
				</Parameter>
			</ParameterValues>
		</Step>
		<Step index="8" id="89" name="# (Kommentar)" enable="True">
			<UUID>ED91C367-C291-4775-892C-53C9F06379F4</UUID>
			<OwnerID></OwnerID>
			<Options>4</Options>
			<ParameterValues membercount="1">
				<Parameter type="Comment">
					<Comment value=" SET-UP"></Comment>
				</Parameter>
			</ParameterValues>
		</Step>
		<Step index="9" id="89" name="# (Kommentar)" enable="True">
			<UUID>C0254FA2-F207-487B-9982-75F17C1D763F</UUID>
			<OwnerID></OwnerID>
			<Options>4</Options>
			<ParameterValues membercount="1">
				<Parameter type="Comment">
					<Comment value="-------------------------------------------------------------"></Comment>
				</Parameter>
			</ParameterValues>
		</Step>
		<Step index="10" id="141" name="Variable setzen" enable="True">
			<UUID>5D5ED86A-FC24-4F57-806B-7E36F178840F</UUID>
			<OwnerID></OwnerID>
			<Options>16388</Options>
			<ParameterValues membercount="1">
				<Parameter type="Variable">
					<value>
						<Calculation datatype="1" position="1">
							<Calculation>
								<Text><![CDATA[Hole ( AktiveAusschnittZeileNr )]]></Text>
								<ChunkList hash="4AE52EB14E10587E4121F791051BF0F9">
									<Chunk type="FunctionRef">Hole</Chunk>
									<Chunk type="NoRef"> ( </Chunk>
									<Chunk type="FunctionRef">AktiveAusschnittZeileNr</Chunk>
									<Chunk type="NoRef"> )</Chunk>
								</ChunkList>
							</Calculation>
						</Calculation>
					</value>
					<Name value="$my.portal_row"></Name>
					<repetition></repetition>
				</Parameter>
			</ParameterValues>
		</Step>
		<Step index="11" id="89" name="# (Kommentar)" enable="True">
			<UUID>1F1E2F58-0FCA-47F0-8D1B-896F20DEC790</UUID>
			<OwnerID></OwnerID>
			<Options>0</Options>
			<ParameterValues membercount="1">
				<Parameter type="Comment">
					<Comment></Comment>
				</Parameter>
			</ParameterValues>
		</Step>
		<Step index="12" id="1" name="Script ausführen" enable="True">
			<UUID>02CDA89A-4188-419B-9E05-11AA556BC73F</UUID>
			<OwnerID></OwnerID>
			<Options>64</Options>
			<ParameterValues membercount="2">
				<Parameter type="List">
					<List name="Aus Liste" value="1">
						<ScriptReference id="35" name="Set Config" UUID="6E806D84-9200-44AE-B032-89A6016326FF"></ScriptReference>
					</List>
				</Parameter>
				<Parameter type="Parameter">
					<Parameter></Parameter>
				</Parameter>
			</ParameterValues>
		</Step>
		<Step index="13" id="141" name="Variable setzen" enable="True">
			<UUID>4366744E-328E-474B-962B-429FADB82AF5</UUID>
			<OwnerID></OwnerID>
			<Options>16388</Options>
			<ParameterValues membercount="1">
				<Parameter type="Variable">
					<value>
						<Calculation datatype="1" position="1">
							<Calculation>
								<Text><![CDATA["/wpe/config/" & FMS_WPE__wpe::id_wpe]]></Text>
								<ChunkList hash="C1ADAC85FFFDA4C1A8BABB37E2C76D3F">
									<Chunk type="NoRef">&quot;/wpe/config/&quot; &amp; </Chunk>
									<Chunk type="FieldRef">
										<FieldReference id="6" name="id_wpe" repetition="1" UUID="B93E9F25-0011-494A-9E5A-03DE44285ECB">
											<TableOccurrenceReference id="1065106" name="FMS_WPE__wpe" UUID="8CB12FD5-4B5D-43B7-A98E-89170C4922BB"></TableOccurrenceReference>
										</FieldReference>
									</Chunk>
								</ChunkList>
							</Calculation>
						</Calculation>
					</value>
					<Name value="$endpoint"></Name>
					<repetition></repetition>
				</Parameter>
			</ParameterValues>
		</Step>
		<Step index="14" id="141" name="Variable setzen" enable="True">
			<UUID>CBCD9217-275C-4757-8603-68123D6A976F</UUID>
			<OwnerID></OwnerID>
			<Options>16388</Options>
			<ParameterValues membercount="1">
				<Parameter type="Variable">
					<value>
						<Calculation datatype="1" position="1">
							<Calculation>
								<Text><![CDATA[JSONSetElement ( "" ;   [ "enabled"; FMS_WPE__wpe::enabled ; JSONBoolean ] )]]></Text>
								<ChunkList hash="BB494874D89518EA13F041D51850D8A9">
									<Chunk type="FunctionRef">JSONSetElement</Chunk>
									<Chunk type="NoRef"> ( &quot;&quot; ; &#13;  [ &quot;enabled&quot;; </Chunk>
									<Chunk type="FieldRef">
										<FieldReference id="10" name="enabled" repetition="1" UUID="F1F9F636-7D10-4056-970D-A359AB0E29CC">
											<TableOccurrenceReference id="1065106" name="FMS_WPE__wpe" UUID="8CB12FD5-4B5D-43B7-A98E-89170C4922BB"></TableOccurrenceReference>
										</FieldReference>
									</Chunk>
									<Chunk type="NoRef"> ; </Chunk>
									<Chunk type="FunctionRef">JSONBoolean</Chunk>
									<Chunk type="NoRef"> ]&#13; )</Chunk>
								</ChunkList>
							</Calculation>
						</Calculation>
					</value>
					<Name value="$json"></Name>
					<repetition></repetition>
				</Parameter>
			</ParameterValues>
		</Step>
		<Step index="15" id="141" name="Variable setzen" enable="True">
			<UUID>85B3679F-4D46-4034-99FE-5BF6DD85946C</UUID>
			<OwnerID></OwnerID>
			<Options>16388</Options>
			<ParameterValues membercount="1">
				<Parameter type="Variable">
					<value>
						<Calculation datatype="1" position="1">
							<Calculation>
								<Text><![CDATA[" --request PATCH" &" --header \"Authorization: Bearer " & $$my.token & "\"" &" --header \"Content-Type: application/json\"" &" --data @$json" &" --dump-header $$my.headers"]]></Text>
								<ChunkList hash="6647F483744AACEB16B9320A2A818240">
									<Chunk type="NoRef">&quot; --request PATCH&quot; &amp;&#13;&quot; --header \&quot;Authorization: Bearer &quot; &amp; </Chunk>
									<Chunk type="VariableReference">$$my.token</Chunk>
									<Chunk type="NoRef"> &amp; &quot;\&quot;&quot; &amp;&#13;&quot; --header \&quot;Content-Type: application/json\&quot;&quot; &amp;&#13;&quot; --data @$json&quot; &amp;&#13;&quot; --dump-header $$my.headers&quot;</Chunk>
								</ChunkList>
							</Calculation>
						</Calculation>
					</value>
					<Name value="$curloptions"></Name>
					<repetition></repetition>
				</Parameter>
			</ParameterValues>
		</Step>
		<Step index="16" id="89" name="# (Kommentar)" enable="True">
			<UUID>970B3F0E-BC31-4629-8077-C7B0AC7D9DF9</UUID>
			<OwnerID></OwnerID>
			<Options>4</Options>
			<ParameterValues membercount="1">
				<Parameter type="Comment">
					<Comment value="set api update variable"></Comment>
				</Parameter>
			</ParameterValues>
		</Step>
		<Step index="17" id="141" name="Variable setzen" enable="True">
			<UUID>17C80B18-C1E5-4A85-A001-D29FE2ABAC11</UUID>
			<OwnerID></OwnerID>
			<Options>16388</Options>
			<ParameterValues membercount="1">
				<Parameter type="Variable">
					<value>
						<Calculation datatype="1" position="1">
							<Calculation>
								<Text><![CDATA["1"]]></Text>
								<ChunkList hash="E42599A078EF5CBB8E2C8EC3C24F3514">
									<Chunk type="NoRef">&quot;1&quot;</Chunk>
								</ChunkList>
							</Calculation>
						</Calculation>
					</value>
					<Name value="$$API.UPDATE"></Name>
					<repetition></repetition>
				</Parameter>
			</ParameterValues>
		</Step>
		<Step index="18" id="89" name="# (Kommentar)" enable="True">
			<UUID>73456D1A-9F03-4D5F-AC06-994463CE6A06</UUID>
			<OwnerID></OwnerID>
			<Options>0</Options>
			<ParameterValues membercount="1">
				<Parameter type="Comment">
					<Comment></Comment>
				</Parameter>
			</ParameterValues>
		</Step>
		<Step index="19" id="89" name="# (Kommentar)" enable="True">
			<UUID>DAF8ABFE-46AB-4243-A45D-6A9F6DF58D69</UUID>
			<OwnerID></OwnerID>
			<Options>4</Options>
			<ParameterValues membercount="1">
				<Parameter type="Comment">
					<Comment value="-------------------------------------------------------------"></Comment>
				</Parameter>
			</ParameterValues>
		</Step>
		<Step index="20" id="89" name="# (Kommentar)" enable="True">
			<UUID>6C08B653-04C0-4A61-860B-0A5A74B4CE32</UUID>
			<OwnerID></OwnerID>
			<Options>4</Options>
			<ParameterValues membercount="1">
				<Parameter type="Comment">
					<Comment value=" PROCESS"></Comment>
				</Parameter>
			</ParameterValues>
		</Step>
		<Step index="21" id="89" name="# (Kommentar)" enable="True">
			<UUID>8382FC5E-D6A3-4B4B-9603-3AC984F5D294</UUID>
			<OwnerID></OwnerID>
			<Options>4</Options>
			<ParameterValues membercount="1">
				<Parameter type="Comment">
					<Comment value="-------------------------------------------------------------"></Comment>
				</Parameter>
			</ParameterValues>
		</Step>
		<Step index="22" id="160" name="Aus URL einfügen" enable="True">
			<UUID>43D9C498-6A82-440A-9CF6-7A34D4E8A6B8</UUID>
			<OwnerID></OwnerID>
			<Options>20613</Options>
			<ParameterValues membercount="6">
				<Parameter type="Boolean">
					<Boolean type="SSL-Zertifikate verifizieren" id="268435456" value="False"></Boolean>
				</Parameter>
				<Parameter type="Boolean">
					<Boolean type="Auswahl" id="4096" value="True"></Boolean>
				</Parameter>
				<Parameter type="Boolean">
					<Boolean type="Mit Dialog" id="128" value="False"></Boolean>
				</Parameter>
				<Parameter type="Target">
					<Variable value="$$my.result">
						<repetition value="1"></repetition>
					</Variable>
				</Parameter>
				<Parameter type="URL">
					<URL autoEncode="True">
						<Calculation datatype="1" position="0">
							<Calculation>
								<Text><![CDATA[$$server & $endpoint]]></Text>
								<ChunkList hash="9EA92AEF077FA44AE68308694556F8CB">
									<Chunk type="VariableReference">$$server</Chunk>
									<Chunk type="NoRef"> &amp; </Chunk>
									<Chunk type="VariableReference">$endpoint</Chunk>
								</ChunkList>
							</Calculation>
						</Calculation>
					</URL>
				</Parameter>
				<Parameter type="Calculation">
					<Calculation datatype="1" position="1">
						<Calculation>
							<Text><![CDATA[$curloptions]]></Text>
							<ChunkList hash="205B4DA1BAD160DEDA31FE70167BBA78">
								<Chunk type="VariableReference">$curloptions</Chunk>
							</ChunkList>
						</Calculation>
					</Calculation>
				</Parameter>
			</ParameterValues>
		</Step>
		<Step index="23" id="1" name="Script ausführen" enable="True">
			<UUID>BEEB4D1A-2A33-4451-A869-E7A8A1982B9D</UUID>
			<OwnerID></OwnerID>
			<Options>64</Options>
			<ParameterValues membercount="2">
				<Parameter type="List">
					<List name="Aus Liste" value="1">
						<ScriptReference id="31" name="Handle response" UUID="44FA18ED-6DEA-4F32-BDDB-09F438F6D005"></ScriptReference>
					</List>
				</Parameter>
				<Parameter type="Parameter">
					<Parameter></Parameter>
				</Parameter>
			</ParameterValues>
		</Step>
		<Step index="24" id="89" name="# (Kommentar)" enable="True">
			<UUID>AE71436A-D178-411B-83C5-FDBA08344F99</UUID>
			<OwnerID></OwnerID>
			<Options>0</Options>
			<ParameterValues membercount="1">
				<Parameter type="Comment">
					<Comment></Comment>
				</Parameter>
			</ParameterValues>
		</Step>
		<Step index="25" id="68" name="Wenn" enable="True">
			<UUID>FBD58DA6-ED04-4580-931B-6FF4A5549621</UUID>
			<OwnerID></OwnerID>
			<Options>1064960</Options>
			<ParameterValues membercount="1">
				<Parameter type="Calculation">
					<Calculation datatype="7" position="0">
						<Calculation>
							<Text><![CDATA[Hole ( ScriptErgebnis ) = "1"]]></Text>
							<ChunkList hash="8C6CBCB21CCFFBA5E461DF278EC4FA0D">
								<Chunk type="FunctionRef">Hole</Chunk>
								<Chunk type="NoRef"> ( </Chunk>
								<Chunk type="FunctionRef">ScriptErgebnis</Chunk>
								<Chunk type="NoRef"> ) = &quot;1&quot;</Chunk>
							</ChunkList>
						</Calculation>
					</Calculation>
				</Parameter>
			</ParameterValues>
		</Step>
		<Step index="26" id="89" name="# (Kommentar)" enable="True">
			<UUID>8162396E-5ECD-4F57-8C2B-3459589E6775</UUID>
			<OwnerID></OwnerID>
			<Options>4</Options>
			<ParameterValues membercount="1">
				<Parameter type="Comment">
					<Comment value="parse json response"></Comment>
				</Parameter>
			</ParameterValues>
		</Step>
		<Step index="27" id="17" name="Gehe zu Feld" enable="True">
			<UUID>F8159D3B-97F8-4638-994D-5B018A169203</UUID>
			<OwnerID></OwnerID>
			<Options>1</Options>
			<ParameterValues membercount="2">
				<Parameter type="Boolean">
					<Boolean type="Auswählen/Ausführen" id="4096" value="False"></Boolean>
				</Parameter>
				<Parameter type="FieldReference">
					<FieldReference id="11" name="host" UUID="562EBD35-9C50-462D-83AD-34C3EF9DEC4B">
						<repetition value="1"></repetition>
						<TableOccurrenceReference id="1065106" name="FMS_WPE__wpe" UUID="8CB12FD5-4B5D-43B7-A98E-89170C4922BB"></TableOccurrenceReference>
					</FieldReference>
				</Parameter>
			</ParameterValues>
		</Step>
		<Step index="28" id="99" name="Gehe zu Ausschnittreihe" enable="True">
			<UUID>F85BADEE-5A8D-465B-91F9-A9C3081A89E6</UUID>
			<OwnerID></OwnerID>
			<Options>20610</Options>
			<ParameterValues membercount="2">
				<Parameter type="Boolean">
					<Boolean type="Auswahl" id="4096" value="True"></Boolean>
				</Parameter>
				<Parameter type="Portal">
					<List name="Nach Formel…" value="5">
						<Boolean type="Mit Dialog" position="156" value="False"></Boolean>
						<Calculation datatype="1" position="0">
							<Calculation>
								<Text><![CDATA[$my.portal_row]]></Text>
								<ChunkList hash="40824B6033B9B985DA1752A652788E14">
									<Chunk type="VariableReference">$my.portal_row</Chunk>
								</ChunkList>
							</Calculation>
						</Calculation>
					</List>
				</Parameter>
			</ParameterValues>
		</Step>
		<Step index="29" id="68" name="Wenn" enable="True">
			<UUID>A4A7FC95-BB2A-4D03-9A4F-B46D814D425B</UUID>
			<OwnerID></OwnerID>
			<Options>16384</Options>
			<ParameterValues membercount="1">
				<Parameter type="Calculation">
					<Calculation datatype="7" position="0">
						<Calculation>
							<Text><![CDATA[NICHT IstLeer ( JSONGetElement ( $$my.result ; "response.enabled" ) )]]></Text>
							<ChunkList hash="29BB5B3F8CEE0927B20A37DA0737AA7F">
								<Chunk type="FunctionRef">NICHT</Chunk>
								<Chunk type="NoRef"> </Chunk>
								<Chunk type="FunctionRef">IstLeer</Chunk>
								<Chunk type="NoRef"> ( </Chunk>
								<Chunk type="FunctionRef">JSONGetElement</Chunk>
								<Chunk type="NoRef"> ( </Chunk>
								<Chunk type="VariableReference">$$my.result</Chunk>
								<Chunk type="NoRef"> ; &quot;response.enabled&quot; ) )</Chunk>
							</ChunkList>
						</Calculation>
					</Calculation>
				</Parameter>
			</ParameterValues>
		</Step>
		<Step index="30" id="76" name="Feldwert setzen" enable="True">
			<UUID>3B356386-226A-4000-A01C-41BBB7D495B2</UUID>
			<OwnerID></OwnerID>
			<Options>16385</Options>
			<ParameterValues membercount="2">
				<Parameter type="FieldReference">
					<FieldReference id="10" name="enabled" UUID="F1F9F636-7D10-4056-970D-A359AB0E29CC">
						<repetition value="1"></repetition>
						<TableOccurrenceReference id="1065106" name="FMS_WPE__wpe" UUID="8CB12FD5-4B5D-43B7-A98E-89170C4922BB"></TableOccurrenceReference>
					</FieldReference>
				</Parameter>
				<Parameter type="Calculation">
					<Calculation datatype="1" position="0">
						<Calculation>
							<Text><![CDATA[JSONGetElement ( $$my.result ; "response.enabled" )]]></Text>
							<ChunkList hash="29A2524F996FD70658961FEA97F52F1E">
								<Chunk type="FunctionRef">JSONGetElement</Chunk>
								<Chunk type="NoRef"> ( </Chunk>
								<Chunk type="VariableReference">$$my.result</Chunk>
								<Chunk type="NoRef"> ; &quot;response.enabled&quot; )</Chunk>
							</ChunkList>
						</Calculation>
					</Calculation>
				</Parameter>
			</ParameterValues>
		</Step>
		<Step index="31" id="70" name="Ende (wenn)" enable="True">
			<UUID>E6551CFE-BADF-41FD-A22E-158189697B52</UUID>
			<OwnerID></OwnerID>
			<Options>0</Options>
		</Step>
		<Step index="32" id="89" name="# (Kommentar)" enable="True">
			<UUID>43D8B7EA-3946-40A0-9A4D-9F76DF55363E</UUID>
			<OwnerID></OwnerID>
			<Options>0</Options>
			<ParameterValues membercount="1">
				<Parameter type="Comment">
					<Comment></Comment>
				</Parameter>
			</ParameterValues>
		</Step>
		<Step index="33" id="70" name="Ende (wenn)" enable="True">
			<UUID>2E4FC78E-5C82-43C2-A65E-7D226711768F</UUID>
			<OwnerID></OwnerID>
			<Options>0</Options>
		</Step>
		<Step index="34" id="89" name="# (Kommentar)" enable="True">
			<UUID>FFA31FF4-6282-4961-B5FB-406BDFE374ED</UUID>
			<OwnerID></OwnerID>
			<Options>0</Options>
			<ParameterValues membercount="1">
				<Parameter type="Comment">
					<Comment></Comment>
				</Parameter>
			</ParameterValues>
		</Step>
		<Step index="35" id="89" name="# (Kommentar)" enable="True">
			<UUID>5300AA21-807F-4604-B4B9-B3E3774A8BFA</UUID>
			<OwnerID></OwnerID>
			<Options>4</Options>
			<ParameterValues membercount="1">
				<Parameter type="Comment">
					<Comment value="-------------------------------------------------------------"></Comment>
				</Parameter>
			</ParameterValues>
		</Step>
		<Step index="36" id="89" name="# (Kommentar)" enable="True">
			<UUID>1D748C14-01AC-4BA1-9F0D-5414B8BFD406</UUID>
			<OwnerID></OwnerID>
			<Options>4</Options>
			<ParameterValues membercount="1">
				<Parameter type="Comment">
					<Comment value=" CLEAN UP"></Comment>
				</Parameter>
			</ParameterValues>
		</Step>
		<Step index="37" id="89" name="# (Kommentar)" enable="True">
			<UUID>780F2DCF-001E-4237-8912-E5A3AC97F2B5</UUID>
			<OwnerID></OwnerID>
			<Options>4</Options>
			<ParameterValues membercount="1">
				<Parameter type="Comment">
					<Comment value="-------------------------------------------------------------"></Comment>
				</Parameter>
			</ParameterValues>
		</Step>
		<Step index="38" id="68" name="Wenn" enable="True">
			<UUID>81542111-D780-4DB9-AEC4-028485FCEE14</UUID>
			<OwnerID></OwnerID>
			<Options>16384</Options>
			<ParameterValues membercount="1">
				<Parameter type="Calculation">
					<Calculation datatype="7" position="0">
						<Calculation>
							<Text><![CDATA[$error = 0]]></Text>
							<ChunkList hash="CE3C173E2CD2554CBB236CEE7C56CBB6">
								<Chunk type="VariableReference">$error</Chunk>
								<Chunk type="NoRef"> = 0</Chunk>
							</ChunkList>
						</Calculation>
					</Calculation>
				</Parameter>
			</ParameterValues>
		</Step>
		<Step index="39" id="89" name="# (Kommentar)" enable="True">
			<UUID>1BA2888A-B731-461A-85E1-CE566B03DBAA</UUID>
			<OwnerID></OwnerID>
			<Options>4</Options>
			<ParameterValues membercount="1">
				<Parameter type="Comment">
					<Comment value=" set to exit true if you do not need to pass an error"></Comment>
				</Parameter>
			</ParameterValues>
		</Step>
		<Step index="40" id="141" name="Variable setzen" enable="True">
			<UUID>116DA036-D38D-49D3-8C25-67DBF6E29E8C</UUID>
			<OwnerID></OwnerID>
			<Options>16388</Options>
			<ParameterValues membercount="1">
				<Parameter type="Variable">
					<value>
						<Calculation datatype="1" position="1">
							<Calculation>
								<Text><![CDATA[1 // exit true]]></Text>
								<ChunkList hash="DC134DF247804ECF23193E2024A59A1B">
									<Chunk type="NoRef">1 // exit true</Chunk>
								</ChunkList>
							</Calculation>
						</Calculation>
					</value>
					<Name value="$error"></Name>
					<repetition></repetition>
				</Parameter>
			</ParameterValues>
		</Step>
		<Step index="41" id="70" name="Ende (wenn)" enable="True">
			<UUID>EF29F491-7C8A-4653-89A7-1C3790A1C127</UUID>
			<OwnerID></OwnerID>
			<Options>0</Options>
		</Step>
		<Step index="42" id="89" name="# (Kommentar)" enable="True">
			<UUID>E77D2F89-198E-44D0-934A-234B675496F9</UUID>
			<OwnerID></OwnerID>
			<Options>0</Options>
			<ParameterValues membercount="1">
				<Parameter type="Comment">
					<Comment></Comment>
				</Parameter>
			</ParameterValues>
		</Step>
		<Step index="43" id="103" name="Aktuelles Script verlassen" enable="True">
			<UUID>98148361-A6D2-455F-9985-4A6A2D868929</UUID>
			<OwnerID></OwnerID>
			<Options>16384</Options>
			<ParameterValues membercount="1">
				<Parameter type="Calculation">
					<Calculation datatype="1" position="0">
						<Calculation>
							<Text><![CDATA[$error]]></Text>
							<ChunkList hash="926F59D0E89012933FB1C2137ABF78F1">
								<Chunk type="VariableReference">$error</Chunk>
							</ChunkList>
						</Calculation>
					</Calculation>
				</Parameter>
			</ParameterValues>
		</Step>
		<Step index="44" id="89" name="# (Kommentar)" enable="True">
			<UUID>13C92800-34D0-48AD-8791-1C9F032BE984</UUID>
			<OwnerID></OwnerID>
			<Options>0</Options>
			<ParameterValues membercount="1">
				<Parameter type="Comment">
					<Comment></Comment>
				</Parameter>
			</ParameterValues>
		</Step>
	</ObjectList>
</Script>
