---
source: src/main.rs
expression: output_content
---
<Script id="238" name="fmIDE Module" isFolder="True">
	<UUID modifications="1" userName="GBS-Support-FMS" accountName="Admin" timestamp="2022-09-02T19:20:37">4A8810E9-C857-4F1E-83E6-AF1BFBD4C4DA</UUID>
	<Options hidden="True" access="ReadWrite" SiriShortcutVisible="False" runwithfullaccess="False" compatibility="0">9</Options>
	<TagList></TagList>
</Script>
