---
source: src/tests.rs
expression: output_content
---
<Script id="178" name="Generate SSH Keys">
	<UUID modifications="2" userName="Mike Duncan" accountName="Admin" timestamp="2023-01-24T16:57:36">0364E358-2395-41DF-AC87-B2D8DA1C905B</UUID>
	<Options hidden="True" access="ReadWrite" SiriShortcutVisible="False" runwithfullaccess="False" compatibility="0">8</Options>
</Script>
