---
source: src/main.rs
expression: output_content
---
<Script>
	<ScriptReference id="171" name="Omit RecordNav BTN" UUID="B2DD6C34-C94C-4395-BC8B-120D974A9F36"></ScriptReference>
	<ObjectList membercount="27">
		<Step index="0" id="89" name="# (Kommentar)" enable="True">
			<UUID>3DD02C64-DE92-4B39-9BDC-84CE74504223</UUID>
			<OwnerID></OwnerID>
			<Options>0</Options>
			<ParameterValues membercount="1">
				<Parameter type="Comment">
					<Comment></Comment>
				</Parameter>
			</ParameterValues>
		</Step>
		<Step index="1" id="89" name="# (Kommentar)" enable="True">
			<UUID>B7F6C254-6E1E-4DF3-B7F4-9C3DD36E6492</UUID>
			<OwnerID></OwnerID>
			<Options>4</Options>
			<ParameterValues membercount="1">
				<Parameter type="Comment">
					<Comment value="20160603 MrW More intelligent"></Comment>
				</Parameter>
			</ParameterValues>
		</Step>
		<Step index="2" id="89" name="# (Kommentar)" enable="True">
			<UUID>7FCA4168-2AD6-45B2-A097-3E25A11EA72C</UUID>
			<OwnerID></OwnerID>
			<Options>4</Options>
			<ParameterValues membercount="1">
				<Parameter type="Comment">
					<Comment value="20151006 MrW Intelligent omit button"></Comment>
				</Parameter>
			</ParameterValues>
		</Step>
		<Step index="3" id="89" name="# (Kommentar)" enable="True">
			<UUID>7303DA15-00B2-4E48-BC51-8AD9F8269BDA</UUID>
			<OwnerID></OwnerID>
			<Options>0</Options>
			<ParameterValues membercount="1">
				<Parameter type="Comment">
					<Comment></Comment>
				</Parameter>
			</ParameterValues>
		</Step>
		<Step index="4" id="86" name="Fehleraufzeichnung setzen" enable="True">
			<UUID>AEB55964-9964-4DD5-80BD-6FCBAE227E72</UUID>
			<OwnerID></OwnerID>
			<Options>196608</Options>
			<ParameterValues membercount="1">
				<Parameter type="Boolean">
					<Boolean id="131072" value="True"></Boolean>
				</Parameter>
			</ParameterValues>
		</Step>
		<Step index="5" id="85" name="AnwenderAbbruchZulassen setzen" enable="True">
			<UUID>7896167C-E338-430C-B564-9781D24A37AF</UUID>
			<OwnerID></OwnerID>
			<Options>65536</Options>
			<ParameterValues membercount="1">
				<Parameter type="Boolean">
					<Boolean id="131072" value="False"></Boolean>
				</Parameter>
			</ParameterValues>
		</Step>
		<Step index="6" id="89" name="# (Kommentar)" enable="True">
			<UUID>04FEF8CC-B55C-43EE-92EB-0BF15115B8EA</UUID>
			<OwnerID></OwnerID>
			<Options>0</Options>
			<ParameterValues membercount="1">
				<Parameter type="Comment">
					<Comment></Comment>
				</Parameter>
			</ParameterValues>
		</Step>
		<Step index="7" id="89" name="# (Kommentar)" enable="True">
			<UUID>00231A06-8D9C-4662-91B3-732909B7E3C1</UUID>
			<OwnerID></OwnerID>
			<Options>4</Options>
			<ParameterValues membercount="1">
				<Parameter type="Comment">
					<Comment value="Parameter"></Comment>
				</Parameter>
			</ParameterValues>
		</Step>
		<Step index="8" id="141" name="Variable setzen" enable="True">
			<UUID>E9B1E25A-0A81-4C71-8F7D-D7948C5E854C</UUID>
			<OwnerID></OwnerID>
			<Options>16388</Options>
			<ParameterValues membercount="1">
				<Parameter type="Variable">
					<value>
						<Calculation datatype="1" position="1">
							<Calculation>
								<Text><![CDATA[_SP( 1 )]]></Text>
								<ChunkList hash="0833C8A527A8E2C55E64700265CC2606">
									<Chunk type="CustomFunctionRef">_SP</Chunk>
									<Chunk type="NoRef">( 1 )</Chunk>
								</ChunkList>
							</Calculation>
						</Calculation>
					</value>
					<Name value="$Param"></Name>
					<repetition></repetition>
				</Parameter>
			</ParameterValues>
		</Step>
		<Step index="9" id="89" name="# (Kommentar)" enable="True">
			<UUID>3F3C8446-57C7-4181-A145-F5694A85CEF2</UUID>
			<OwnerID></OwnerID>
			<Options>0</Options>
			<ParameterValues membercount="1">
				<Parameter type="Comment">
					<Comment></Comment>
				</Parameter>
			</ParameterValues>
		</Step>
		<Step index="10" id="68" name="Wenn" enable="True">
			<UUID>86A60358-605A-477B-B240-BA4407712FBF</UUID>
			<OwnerID></OwnerID>
			<Options>16384</Options>
			<ParameterValues membercount="1">
				<Parameter type="Calculation">
					<Calculation datatype="7" position="0">
						<Calculation>
							<Text><![CDATA[/*_IsFindMode*/]]></Text>
							<ChunkList hash="2CB1401B56C3358DC99FE658BCBC95E1">
								<Chunk type="NoRef">/*_IsFindMode*/</Chunk>
							</ChunkList>
						</Calculation>
					</Calculation>
				</Parameter>
			</ParameterValues>
		</Step>
		<Step index="11" id="25" name="Aktuellen Datens. ausschließen" enable="True">
			<UUID>53BCEDEC-2A3B-4F22-94B4-8B618DB93618</UUID>
			<OwnerID></OwnerID>
			<Options>0</Options>
		</Step>
		<Step index="12" id="125" name="Sonst, wenn" enable="True">
			<UUID>D21CBE62-EC3C-4707-8785-A7371C1F09F3</UUID>
			<OwnerID></OwnerID>
			<Options>16384</Options>
			<ParameterValues membercount="1">
				<Parameter type="Calculation">
					<Calculation datatype="7" position="0">
						<Calculation>
							<Text><![CDATA[_IsKeySHIFT]]></Text>
							<ChunkList hash="169BE26EC32C18978E67ADC61D28267D">
								<Chunk type="CustomFunctionRef">_IsKeySHIFT</Chunk>
							</ChunkList>
						</Calculation>
					</Calculation>
				</Parameter>
			</ParameterValues>
		</Step>
		<Step index="13" id="27" name="Nur Ausgeschlossene anzeigen" enable="True">
			<UUID>B8DD4E4C-19F6-4969-88C7-7799D9A8603F</UUID>
			<OwnerID></OwnerID>
			<Options>0</Options>
		</Step>
		<Step index="14" id="125" name="Sonst, wenn" enable="True">
			<UUID>257F4D41-D023-4961-A26F-45AE21E18BC2</UUID>
			<OwnerID></OwnerID>
			<Options>16384</Options>
			<ParameterValues membercount="1">
				<Parameter type="Calculation">
					<Calculation datatype="7" position="0">
						<Calculation>
							<Text><![CDATA[_IsKeyALT UND NICHT _IsKeySHIFT]]></Text>
							<ChunkList hash="1F6C915BF6C7273A87FEB3F29C1C80C7">
								<Chunk type="CustomFunctionRef">_IsKeyALT</Chunk>
								<Chunk type="NoRef"> </Chunk>
								<Chunk type="FunctionRef">UND</Chunk>
								<Chunk type="NoRef"> </Chunk>
								<Chunk type="FunctionRef">NICHT</Chunk>
								<Chunk type="NoRef"> </Chunk>
								<Chunk type="CustomFunctionRef">_IsKeySHIFT</Chunk>
							</ChunkList>
						</Calculation>
					</Calculation>
				</Parameter>
			</ParameterValues>
		</Step>
		<Step index="15" id="89" name="# (Kommentar)" enable="True">
			<UUID>1C0AD7F1-CBCE-417C-A6C7-9DE578CD15B6</UUID>
			<OwnerID></OwnerID>
			<Options>4</Options>
			<ParameterValues membercount="1">
				<Parameter type="Comment">
					<Comment value="Remove this and rest"></Comment>
				</Parameter>
			</ParameterValues>
		</Step>
		<Step index="16" id="141" name="Variable setzen" enable="True">
			<UUID>2E6FC5D4-8AC2-434A-8152-291077279CC3</UUID>
			<OwnerID></OwnerID>
			<Options>16388</Options>
			<ParameterValues membercount="1">
				<Parameter type="Variable">
					<value>
						<Calculation datatype="1" position="1">
							<Calculation>
								<Text><![CDATA[Hole( AnzahlGefundeneDatensätze ) - Hole( DatensatzPositionInErgebnismenge ) + 1]]></Text>
								<ChunkList hash="8A890B71B8FAC874C6FFAA7D42144687">
									<Chunk type="FunctionRef">Hole</Chunk>
									<Chunk type="NoRef">( </Chunk>
									<Chunk type="FunctionRef">AnzahlGefundeneDatensätze</Chunk>
									<Chunk type="NoRef"> ) - </Chunk>
									<Chunk type="FunctionRef">Hole</Chunk>
									<Chunk type="NoRef">( </Chunk>
									<Chunk type="FunctionRef">DatensatzPositionInErgebnismenge</Chunk>
									<Chunk type="NoRef"> ) + 1</Chunk>
								</ChunkList>
							</Calculation>
						</Calculation>
					</value>
					<Name value="$Rest"></Name>
					<repetition></repetition>
				</Parameter>
			</ParameterValues>
		</Step>
		<Step index="17" id="26" name="Mehrere ausschließen" enable="True">
			<UUID>FDF42AAA-5237-4BD5-8E2F-0E52C33BFB14</UUID>
			<OwnerID></OwnerID>
			<Options>16512</Options>
			<ParameterValues membercount="2">
				<Parameter type="Boolean">
					<Boolean type="Mit Dialog" id="128" value="False"></Boolean>
				</Parameter>
				<Parameter type="Calculation">
					<Calculation datatype="1" position="0">
						<Calculation>
							<Text><![CDATA[$Rest]]></Text>
							<ChunkList hash="C63C556C9CB9113409861FA9FE37A230">
								<Chunk type="VariableReference">$Rest</Chunk>
							</ChunkList>
						</Calculation>
					</Calculation>
				</Parameter>
			</ParameterValues>
		</Step>
		<Step index="18" id="125" name="Sonst, wenn" enable="True">
			<UUID>44A554AA-6499-4CA6-82D0-05B849FA7442</UUID>
			<OwnerID></OwnerID>
			<Options>16384</Options>
			<ParameterValues membercount="1">
				<Parameter type="Calculation">
					<Calculation datatype="7" position="0">
						<Calculation>
							<Text><![CDATA[_IsKeyALT UND _IsKeySHIFT]]></Text>
							<ChunkList hash="0533B154449F34ADBCD868A6A964C21A">
								<Chunk type="CustomFunctionRef">_IsKeyALT</Chunk>
								<Chunk type="NoRef"> </Chunk>
								<Chunk type="FunctionRef">UND</Chunk>
								<Chunk type="NoRef"> </Chunk>
								<Chunk type="CustomFunctionRef">_IsKeySHIFT</Chunk>
							</ChunkList>
						</Calculation>
					</Calculation>
				</Parameter>
			</ParameterValues>
		</Step>
		<Step index="19" id="89" name="# (Kommentar)" enable="True">
			<UUID>FB8EFC4C-CF88-40F3-B7A2-609242556F0C</UUID>
			<OwnerID></OwnerID>
			<Options>4</Options>
			<ParameterValues membercount="1">
				<Parameter type="Comment">
					<Comment value="Keep this and rest"></Comment>
				</Parameter>
			</ParameterValues>
		</Step>
		<Step index="20" id="141" name="Variable setzen" enable="True">
			<UUID>D0EEB1B2-967E-4263-AFED-44951BC1AB63</UUID>
			<OwnerID></OwnerID>
			<Options>16388</Options>
			<ParameterValues membercount="1">
				<Parameter type="Variable">
					<value>
						<Calculation datatype="1" position="1">
							<Calculation>
								<Text><![CDATA[Hole( DatensatzPositionInErgebnismenge ) - 1]]></Text>
								<ChunkList hash="BC71CEC5B6F160FC859EC010865D59CD">
									<Chunk type="FunctionRef">Hole</Chunk>
									<Chunk type="NoRef">( </Chunk>
									<Chunk type="FunctionRef">DatensatzPositionInErgebnismenge</Chunk>
									<Chunk type="NoRef"> ) - 1</Chunk>
								</ChunkList>
							</Calculation>
						</Calculation>
					</value>
					<Name value="$Rest"></Name>
					<repetition></repetition>
				</Parameter>
			</ParameterValues>
		</Step>
		<Step index="21" id="16" name="Gehe zu Datens./Abfrage/Seite" enable="True">
			<UUID>4DF34E5F-4149-4F79-9911-A3804BCD298F</UUID>
			<OwnerID></OwnerID>
			<Options>2</Options>
			<ParameterValues membercount="1">
				<Parameter type="Records">
					<List name="Erste(r)" value="1"></List>
				</Parameter>
			</ParameterValues>
		</Step>
		<Step index="22" id="26" name="Mehrere ausschließen" enable="True">
			<UUID>11D09B17-0B45-4822-AEA8-283672AB0D22</UUID>
			<OwnerID></OwnerID>
			<Options>16512</Options>
			<ParameterValues membercount="2">
				<Parameter type="Boolean">
					<Boolean type="Mit Dialog" id="128" value="False"></Boolean>
				</Parameter>
				<Parameter type="Calculation">
					<Calculation datatype="1" position="0">
						<Calculation>
							<Text><![CDATA[$Rest]]></Text>
							<ChunkList hash="C63C556C9CB9113409861FA9FE37A230">
								<Chunk type="VariableReference">$Rest</Chunk>
							</ChunkList>
						</Calculation>
					</Calculation>
				</Parameter>
			</ParameterValues>
		</Step>
		<Step index="23" id="69" name="Sonst" enable="True">
			<UUID>E3675679-E3A2-4545-A5B6-E60DEB74A5AC</UUID>
			<OwnerID></OwnerID>
			<Options>0</Options>
		</Step>
		<Step index="24" id="25" name="Aktuellen Datens. ausschließen" enable="True">
			<UUID>B52426A5-BA01-429F-8DBB-A60460D986A6</UUID>
			<OwnerID></OwnerID>
			<Options>0</Options>
		</Step>
		<Step index="25" id="70" name="Ende (wenn)" enable="True">
			<UUID>7281902C-5CF6-493D-96F4-52E35F7057AD</UUID>
			<OwnerID></OwnerID>
			<Options>0</Options>
		</Step>
		<Step index="26" id="89" name="# (Kommentar)" enable="True">
			<UUID>6F28B2BE-76F1-4682-83E2-E926FDE8AA11</UUID>
			<OwnerID></OwnerID>
			<Options>0</Options>
			<ParameterValues membercount="1">
				<Parameter type="Comment">
					<Comment></Comment>
				</Parameter>
			</ParameterValues>
		</Step>
	</ObjectList>
</Script>
