---
source: src/tests.rs
expression: output_content
---
<Script>
	<ScriptReference id="35" name="MBS Logo BTN" UUID="72739632-B17D-46B8-804D-C373747B4696"></ScriptReference>
	<ObjectList membercount="8">
		<Step index="0" id="89" name="# (Kommentar)" enable="True">
			<UUID>C3B5E07A-9BF3-4424-B8EF-EAE75E1EAF06</UUID>
			<OwnerID></OwnerID>
			<Options>0</Options>
			<ParameterValues membercount="1">
				<Parameter type="Comment">
					<Comment></Comment>
				</Parameter>
			</ParameterValues>
		</Step>
		<Step index="1" id="89" name="# (Kommentar)" enable="True">
			<UUID>C426E853-9654-4A7F-8CC8-CF9B58F9B8FC</UUID>
			<OwnerID></OwnerID>
			<Options>4</Options>
			<ParameterValues membercount="1">
				<Parameter type="Comment">
					<Comment value="20121025 MrW "></Comment>
				</Parameter>
			</ParameterValues>
		</Step>
		<Step index="2" id="89" name="# (Kommentar)" enable="True">
			<UUID>4FAFB06D-BF4B-4B70-B7EE-3294CB26CCA1</UUID>
			<OwnerID></OwnerID>
			<Options>0</Options>
			<ParameterValues membercount="1">
				<Parameter type="Comment">
					<Comment></Comment>
				</Parameter>
			</ParameterValues>
		</Step>
		<Step index="3" id="86" name="Fehleraufzeichnung setzen" enable="True">
			<UUID>741C0561-9E09-4980-9A2D-6FD3BF03D2BE</UUID>
			<OwnerID></OwnerID>
			<Options>196608</Options>
			<ParameterValues membercount="1">
				<Parameter type="Boolean">
					<Boolean id="131072" value="True"></Boolean>
				</Parameter>
			</ParameterValues>
		</Step>
		<Step index="4" id="85" name="AnwenderAbbruchZulassen setzen" enable="True">
			<UUID>568A29BD-7BF5-4CAE-9038-D5AD2F65648F</UUID>
			<OwnerID></OwnerID>
			<Options>65536</Options>
			<ParameterValues membercount="1">
				<Parameter type="Boolean">
					<Boolean id="131072" value="False"></Boolean>
				</Parameter>
			</ParameterValues>
		</Step>
		<Step index="5" id="89" name="# (Kommentar)" enable="True">
			<UUID>8219BCA5-DDA0-43CF-AB87-ECE263626EAB</UUID>
			<OwnerID></OwnerID>
			<Options>0</Options>
			<ParameterValues membercount="1">
				<Parameter type="Comment">
					<Comment></Comment>
				</Parameter>
			</ParameterValues>
		</Step>
		<Step index="6" id="1" name="Script ausführen" enable="True">
			<UUID>AC4863C2-D0E8-4B5B-834D-57FD68E3F418</UUID>
			<OwnerID></OwnerID>
			<Options>64</Options>
			<ParameterValues membercount="2">
				<Parameter type="List">
					<List name="Aus Liste" value="1">
						<ScriptReference id="106" name="MBS Filemaker Plugin" UUID="042E057E-0B56-4475-B816-3592BB5011BD"></ScriptReference>
					</List>
				</Parameter>
				<Parameter type="Parameter">
					<Parameter></Parameter>
				</Parameter>
			</ParameterValues>
		</Step>
		<Step index="7" id="89" name="# (Kommentar)" enable="True">
			<UUID>8EBA2F14-B6F2-464D-AF6E-D74D6D4A49B2</UUID>
			<OwnerID></OwnerID>
			<Options>0</Options>
			<ParameterValues membercount="1">
				<Parameter type="Comment">
					<Comment></Comment>
				</Parameter>
			</ParameterValues>
		</Step>
	</ObjectList>
</Script>
