---
source: src/tests.rs
expression: output_content
---
<ExtendedPrivilege id="9" name="fmrest">
	<Description>Access via FileMaker Data API</Description>
	<UUID modifications="2" userName="Mislav" accountName="admin" timestamp="2025-06-09T11:42:52">13B35796-0841-4D1B-A659-7D768CA8C066</UUID>
	<ObjectList membercount="2">
		<PrivilegeSetReference id="1" name="[Full Access]"></PrivilegeSetReference>
		<PrivilegeSetReference id="4" name="MyRestrictedPrivilegeSet"></PrivilegeSetReference>
	</ObjectList>
</ExtendedPrivilege>
