---
source: src/tests.rs
expression: output_content
---
<Script>
	<ScriptReference id="156" name="Home Info BTN" UUID="810E5701-C06D-4C85-AE61-BCA97DDEE521"></ScriptReference>
	<ObjectList membercount="6">
		<Step index="0" id="79" name="Fenster fixieren" enable="True">
			<UUID>882F840A-7F66-4747-95F9-84EF6B6D3544</UUID>
			<OwnerID></OwnerID>
			<Options>0</Options>
		</Step>
		<Step index="1" id="6" name="Gehe zu Layout" enable="False">
			<UUID>45198779-66DC-425C-B37F-4BA1CB7CE23E</UUID>
			<OwnerID></OwnerID>
			<Options>8</Options>
			<ParameterValues membercount="2">
				<Parameter type="LayoutReferenceContainer">
					<LayoutReferenceContainer value="5">
						<LayoutReference id="6" name="Syntax" UUID="F17CAF44-B606-4254-AED4-C7F2A12D3521"></LayoutReference>
					</LayoutReferenceContainer>
				</Parameter>
				<Parameter type="Animation">
					<Animation name="Ohne" value="0"></Animation>
				</Parameter>
			</ParameterValues>
		</Step>
		<Step index="2" id="6" name="Gehe zu Layout" enable="True">
			<UUID>7E089F1D-87AA-4E44-9CA4-885549144757</UUID>
			<OwnerID></OwnerID>
			<Options>8</Options>
			<ParameterValues membercount="2">
				<Parameter type="LayoutReferenceContainer">
					<LayoutReferenceContainer value="5">
						<LayoutReference id="25" name="Home_Info" UUID="EC853A6E-024A-4096-BFAA-0B2B7E63CF45"></LayoutReference>
					</LayoutReferenceContainer>
				</Parameter>
				<Parameter type="Animation">
					<Animation name="Ohne" value="0"></Animation>
				</Parameter>
			</ParameterValues>
		</Step>
		<Step index="3" id="30" name="Datensätze zeigen als" enable="True">
			<UUID>C0F482C6-B6FA-46F0-A582-8BD8BDDABE1A</UUID>
			<OwnerID></OwnerID>
			<Options>2</Options>
			<ParameterValues membercount="1">
				<Parameter type="List">
					<List name="Als Liste anzeigen" value="2"></List>
				</Parameter>
			</ParameterValues>
		</Step>
		<Step index="4" id="31" name="Fenster anpassen" enable="True">
			<UUID>ED5BF90D-0334-4C96-9DE8-DD24BF9BDBE8</UUID>
			<OwnerID></OwnerID>
			<Options>2</Options>
			<ParameterValues membercount="1">
				<Parameter type="List">
					<List name="Alles anzeigen" value="1"></List>
				</Parameter>
			</ParameterValues>
		</Step>
		<Step index="5" id="30" name="Datensätze zeigen als" enable="True">
			<UUID>A83D757B-21F9-40F8-9A2C-18BAE2AB9164</UUID>
			<OwnerID></OwnerID>
			<Options>2</Options>
			<ParameterValues membercount="1">
				<Parameter type="List">
					<List name="Als Formular anzeigen" value="1"></List>
				</Parameter>
			</ParameterValues>
		</Step>
	</ObjectList>
</Script>
