---
source: src/tests.rs
expression: output_content
---

# 0.1.9
# 2025-09-02 mkos: Set error capture on in scripts

# 0.1.8
# 2025-08-29 mkos: Delete xml file in temp folder after it's been uploaded to the container field
# 2025-08-29 mkos: Added support in "saxmlDelivery_runPipeline" script to trigger pipeline run in GitHub
# 2025-08-29 mkos: "saxmlDelivery_createXml" script now returns addonVersion

# 0.1.7
# 2024-10-07 mkos: In saxmlDelivery_runPipeline, added ref link to the bitbucket api
# 2024-10-07 mkos: Added support for includeDetailsForAnalysisTools param in saxmlDelivery_createXml

# 0.1.6
# 2024-07-17 mkos: In saxmlDelivery_createXml, don't automatically encode url since ConvertFromFileMakerPath will already do that for us

# 0.1.5

# 0.1.4
# Initial release
