---
source: src/main.rs
expression: output_content
---
# Renamed
Auf Host hochladen
Favoriten öffnen
Ordnerpfad holen ⚠️⚠️⚠️ FM-XML-EXPORT-EXPLODER: UNKNOWN SCRIPT-STEP [ ID: "181" ] ⚠️⚠️⚠️

Variable setzen [ $FileID ; "" ]
Variable setzen [ $FileExists ; "" ]
Variable setzen [ $FileSize ; "" ]
Variable setzen [ $target ; "" ]
Variable setzen [ $data ; "" ]
Variable setzen [ $pos ; "" ]

# NEW STEPS

# Error Logging
Fehlerprotokollierung setzen [ ON ]
Fehlerprotokollierung setzen [ OFF ]
Fehlerprotokollierung setzen [ ON ; CustomDebugInfo: Hole ( ProgrammBenutzername ) ]


# FileSteps
Dateiexistenz holen ⚠️⚠️⚠️ FM-XML-EXPORT-EXPLODER: UNKNOWN SCRIPT-STEP [ ID: "188" ] ⚠️⚠️⚠️
Dateiexistenz holen ⚠️⚠️⚠️ FM-XML-EXPORT-EXPLODER: UNKNOWN SCRIPT-STEP [ ID: "188" ] ⚠️⚠️⚠️

Dateigröße holen ⚠️⚠️⚠️ FM-XML-EXPORT-EXPLODER: UNKNOWN SCRIPT-STEP [ ID: "189" ] ⚠️⚠️⚠️
Dateigröße holen ⚠️⚠️⚠️ FM-XML-EXPORT-EXPLODER: UNKNOWN SCRIPT-STEP [ ID: "189" ] ⚠️⚠️⚠️

Datendatei erstellen ⚠️⚠️⚠️ FM-XML-EXPORT-EXPLODER: UNKNOWN SCRIPT-STEP [ ID: "190" ] ⚠️⚠️⚠️
Datendatei erstellen ⚠️⚠️⚠️ FM-XML-EXPORT-EXPLODER: UNKNOWN SCRIPT-STEP [ ID: "190" ] ⚠️⚠️⚠️
Datendatei erstellen ⚠️⚠️⚠️ FM-XML-EXPORT-EXPLODER: UNKNOWN SCRIPT-STEP [ ID: "190" ] ⚠️⚠️⚠️

Datendatei öffnen ⚠️⚠️⚠️ FM-XML-EXPORT-EXPLODER: UNKNOWN SCRIPT-STEP [ ID: "191" ] ⚠️⚠️⚠️

In Datendatei schreiben ⚠️⚠️⚠️ FM-XML-EXPORT-EXPLODER: UNKNOWN SCRIPT-STEP [ ID: "192" ] ⚠️⚠️⚠️
In Datendatei schreiben ⚠️⚠️⚠️ FM-XML-EXPORT-EXPLODER: UNKNOWN SCRIPT-STEP [ ID: "192" ] ⚠️⚠️⚠️

Von Datendatei lesen ⚠️⚠️⚠️ FM-XML-EXPORT-EXPLODER: UNKNOWN SCRIPT-STEP [ ID: "193" ] ⚠️⚠️⚠️
Von Datendatei lesen ⚠️⚠️⚠️ FM-XML-EXPORT-EXPLODER: UNKNOWN SCRIPT-STEP [ ID: "193" ] ⚠️⚠️⚠️
Von Datendatei lesen ⚠️⚠️⚠️ FM-XML-EXPORT-EXPLODER: UNKNOWN SCRIPT-STEP [ ID: "193" ] ⚠️⚠️⚠️

Datendateiposition holen ⚠️⚠️⚠️ FM-XML-EXPORT-EXPLODER: UNKNOWN SCRIPT-STEP [ ID: "194" ] ⚠️⚠️⚠️

Datendateiposition setzen ⚠️⚠️⚠️ FM-XML-EXPORT-EXPLODER: UNKNOWN SCRIPT-STEP [ ID: "195" ] ⚠️⚠️⚠️
Datendateiposition setzen ⚠️⚠️⚠️ FM-XML-EXPORT-EXPLODER: UNKNOWN SCRIPT-STEP [ ID: "195" ] ⚠️⚠️⚠️
Datendateiposition setzen ⚠️⚠️⚠️ FM-XML-EXPORT-EXPLODER: UNKNOWN SCRIPT-STEP [ ID: "195" ] ⚠️⚠️⚠️
Datendateiposition setzen ⚠️⚠️⚠️ FM-XML-EXPORT-EXPLODER: UNKNOWN SCRIPT-STEP [ ID: "195" ] ⚠️⚠️⚠️
Datendateiposition setzen ⚠️⚠️⚠️ FM-XML-EXPORT-EXPLODER: UNKNOWN SCRIPT-STEP [ ID: "195" ] ⚠️⚠️⚠️

Datendatei schließen ⚠️⚠️⚠️ FM-XML-EXPORT-EXPLODER: UNKNOWN SCRIPT-STEP [ ID: "196" ] ⚠️⚠️⚠️
Datei löschen ⚠️⚠️⚠️ FM-XML-EXPORT-EXPLODER: UNKNOWN SCRIPT-STEP [ ID: "197" ] ⚠️⚠️⚠️
Datei umbenennen ⚠️⚠️⚠️ FM-XML-EXPORT-EXPLODER: UNKNOWN SCRIPT-STEP [ ID: "199" ] ⚠️⚠️⚠️
