---
source: src/main.rs
expression: output_content
---
<Script id="196" name="fm18 functions">
	<UUID modifications="5" userName="R.Watson" accountName="admin" timestamp="2020-11-04T17:09:37">C8A08DEC-6613-4C29-8E67-EADFCAEA2531</UUID>
	<Options hidden="True" access="ReadWrite" SiriShortcutVisible="False" runwithfullaccess="False" compatibility="0">8</Options>
	<TagList></TagList>
</Script>
