---
source: src/tests.rs
expression: output_content
---
<Script>
	<ScriptReference id="111" name="Enable/Disable WPE Install Plug-in Script" UUID="5A8557B2-090F-4366-AEED-3D91CFD8318C"></ScriptReference>
	<ObjectList membercount="35">
		<Step index="0" id="89" name="# (Kommentar)" enable="True">
			<UUID>3E04A114-6FCD-496F-ADF8-1618B9BED9D4</UUID>
			<OwnerID></OwnerID>
			<Options>4</Options>
			<ParameterValues membercount="1">
				<Parameter type="Comment">
					<Comment value=" PURPOSE: Enable/Disable WPE Install Plug-in Script"></Comment>
				</Parameter>
			</ParameterValues>
		</Step>
		<Step index="1" id="89" name="# (Kommentar)" enable="True">
			<UUID>1811CBB8-6C7B-4A3C-9F3E-1C425C9A7B3E</UUID>
			<OwnerID></OwnerID>
			<Options>4</Options>
			<ParameterValues membercount="1">
				<Parameter type="Comment">
					<Comment value=" HISTORY:&#13;   - Created:   2020-01-12 by Mike Duncan (mduncan@soliantconsulting.com)&#13;   - Modified:  "></Comment>
				</Parameter>
			</ParameterValues>
		</Step>
		<Step index="2" id="89" name="# (Kommentar)" enable="True">
			<UUID>4C365F64-4898-4567-9A7A-95B8D3F27C8B</UUID>
			<OwnerID></OwnerID>
			<Options>0</Options>
			<ParameterValues membercount="1">
				<Parameter type="Comment">
					<Comment></Comment>
				</Parameter>
			</ParameterValues>
		</Step>
		<Step index="3" id="85" name="AnwenderAbbruchZulassen setzen" enable="True">
			<UUID>F1BFC0AA-DDCA-4C25-93FF-6DE98C164412</UUID>
			<OwnerID></OwnerID>
			<Options>196608</Options>
			<ParameterValues membercount="1">
				<Parameter type="Boolean">
					<Boolean id="131072" value="True"></Boolean>
				</Parameter>
			</ParameterValues>
		</Step>
		<Step index="4" id="86" name="Fehleraufzeichnung setzen" enable="True">
			<UUID>ADCC843A-61FC-4190-959C-EA8AD5A82B1A</UUID>
			<OwnerID></OwnerID>
			<Options>196608</Options>
			<ParameterValues membercount="1">
				<Parameter type="Boolean">
					<Boolean id="131072" value="True"></Boolean>
				</Parameter>
			</ParameterValues>
		</Step>
		<Step index="5" id="141" name="Variable setzen" enable="True">
			<UUID>E97BD898-3B12-47EF-9FF6-4D73DE70877C</UUID>
			<OwnerID></OwnerID>
			<Options>16388</Options>
			<ParameterValues membercount="1">
				<Parameter type="Variable">
					<value>
						<Calculation datatype="1" position="1">
							<Calculation>
								<Text><![CDATA[0]]></Text>
								<ChunkList hash="9BF55A5D51230A8EA20D4BAA0F468EEC">
									<Chunk type="NoRef">0</Chunk>
								</ChunkList>
							</Calculation>
						</Calculation>
					</value>
					<Name value="$error"></Name>
					<repetition></repetition>
				</Parameter>
			</ParameterValues>
		</Step>
		<Step index="6" id="89" name="# (Kommentar)" enable="True">
			<UUID>C33DC5F4-65F5-4DB5-9244-48828179EE10</UUID>
			<OwnerID></OwnerID>
			<Options>0</Options>
			<ParameterValues membercount="1">
				<Parameter type="Comment">
					<Comment></Comment>
				</Parameter>
			</ParameterValues>
		</Step>
		<Step index="7" id="89" name="# (Kommentar)" enable="True">
			<UUID>8EAB31BD-2CA2-48FB-964B-E6CD8C0BFF2A</UUID>
			<OwnerID></OwnerID>
			<Options>4</Options>
			<ParameterValues membercount="1">
				<Parameter type="Comment">
					<Comment value="-------------------------------------------------------------"></Comment>
				</Parameter>
			</ParameterValues>
		</Step>
		<Step index="8" id="89" name="# (Kommentar)" enable="True">
			<UUID>9C7FB875-8486-4ABC-A1D3-CD10F806FADF</UUID>
			<OwnerID></OwnerID>
			<Options>4</Options>
			<ParameterValues membercount="1">
				<Parameter type="Comment">
					<Comment value=" SET-UP"></Comment>
				</Parameter>
			</ParameterValues>
		</Step>
		<Step index="9" id="89" name="# (Kommentar)" enable="True">
			<UUID>38114BC0-2D88-420D-9789-DCAF01307360</UUID>
			<OwnerID></OwnerID>
			<Options>4</Options>
			<ParameterValues membercount="1">
				<Parameter type="Comment">
					<Comment value="-------------------------------------------------------------"></Comment>
				</Parameter>
			</ParameterValues>
		</Step>
		<Step index="10" id="1" name="Script ausführen" enable="True">
			<UUID>2863FB23-01EE-4995-8CE1-4D6159D3D356</UUID>
			<OwnerID></OwnerID>
			<Options>64</Options>
			<ParameterValues membercount="2">
				<Parameter type="List">
					<List name="Aus Liste" value="1">
						<ScriptReference id="35" name="Set Config" UUID="6E806D84-9200-44AE-B032-89A6016326FF"></ScriptReference>
					</List>
				</Parameter>
				<Parameter type="Parameter">
					<Parameter></Parameter>
				</Parameter>
			</ParameterValues>
		</Step>
		<Step index="11" id="141" name="Variable setzen" enable="True">
			<UUID>2C219969-6E00-4C06-A58A-373309C9A136</UUID>
			<OwnerID></OwnerID>
			<Options>16388</Options>
			<ParameterValues membercount="1">
				<Parameter type="Variable">
					<value>
						<Calculation datatype="1" position="1">
							<Calculation>
								<Text><![CDATA["/plugins/WpeAllowInstallPluginScript"]]></Text>
								<ChunkList hash="18EF142DB1774237501A56FF26CA06E2">
									<Chunk type="NoRef">&quot;/plugins/WpeAllowInstallPluginScript&quot;</Chunk>
								</ChunkList>
							</Calculation>
						</Calculation>
					</value>
					<Name value="$endpoint"></Name>
					<repetition></repetition>
				</Parameter>
			</ParameterValues>
		</Step>
		<Step index="12" id="141" name="Variable setzen" enable="False">
			<UUID>EA83921C-8183-4F22-9749-6F970EA64D8A</UUID>
			<OwnerID></OwnerID>
			<Options>16388</Options>
			<ParameterValues membercount="1">
				<Parameter type="Variable">
					<value>
						<Calculation datatype="1" position="1">
							<Calculation>
								<Text><![CDATA[JSONSetElement ( "" ; [ "iwpAllowInstallPlugins"; FMS__fmserver::iwpAllowInstallPlugins ; JSONString ])]]></Text>
								<ChunkList hash="78529BC3ED48951FE511EAAFA8A38753">
									<Chunk type="FunctionRef">JSONSetElement</Chunk>
									<Chunk type="NoRef"> ( &quot;&quot;&#13; ; [ &quot;iwpAllowInstallPlugins&quot;; </Chunk>
									<Chunk type="FieldRef">
										<FieldReference id="104" name="iwpAllowInstallPlugins" repetition="1" UUID="9FDF71C2-9D49-4ACA-AB21-319E27954679">
											<TableOccurrenceReference id="1065089" name="FMS__fmserver" UUID="597569C5-24CD-486D-84D6-D79B9D3BDD5B"></TableOccurrenceReference>
										</FieldReference>
									</Chunk>
									<Chunk type="NoRef"> ; </Chunk>
									<Chunk type="FunctionRef">JSONString</Chunk>
									<Chunk type="NoRef"> ]&#13;)</Chunk>
								</ChunkList>
							</Calculation>
						</Calculation>
					</value>
					<Name value="$json"></Name>
					<repetition></repetition>
				</Parameter>
			</ParameterValues>
		</Step>
		<Step index="13" id="141" name="Variable setzen" enable="True">
			<UUID>6E35C9CE-6224-4405-8143-36EA5C275D44</UUID>
			<OwnerID></OwnerID>
			<Options>16388</Options>
			<ParameterValues membercount="1">
				<Parameter type="Variable">
					<value>
						<Calculation datatype="1" position="1">
							<Calculation>
								<Text><![CDATA["iwpAllowInstallPlugins=" & LiesAlsBoolean ( FMS__fmserver::iwpAllowInstallPlugins )]]></Text>
								<ChunkList hash="438D84D51A7F8C0E28D646CC3C5EDF69">
									<Chunk type="NoRef">&quot;iwpAllowInstallPlugins=&quot; &amp; </Chunk>
									<Chunk type="FunctionRef">LiesAlsBoolean</Chunk>
									<Chunk type="NoRef"> ( </Chunk>
									<Chunk type="FieldRef">
										<FieldReference id="104" name="iwpAllowInstallPlugins" repetition="1" UUID="9FDF71C2-9D49-4ACA-AB21-319E27954679">
											<TableOccurrenceReference id="1065089" name="FMS__fmserver" UUID="597569C5-24CD-486D-84D6-D79B9D3BDD5B"></TableOccurrenceReference>
										</FieldReference>
									</Chunk>
									<Chunk type="NoRef"> )</Chunk>
								</ChunkList>
							</Calculation>
						</Calculation>
					</value>
					<Name value="$json"></Name>
					<repetition></repetition>
				</Parameter>
			</ParameterValues>
		</Step>
		<Step index="14" id="141" name="Variable setzen" enable="True">
			<UUID>7A550668-336B-4A1A-9325-2A986D332CB9</UUID>
			<OwnerID></OwnerID>
			<Options>16388</Options>
			<ParameterValues membercount="1">
				<Parameter type="Variable">
					<value>
						<Calculation datatype="1" position="1">
							<Calculation>
								<Text><![CDATA[" --request POST" &" --header \"Authorization: Bearer " & $$my.token & "\"" &" --header \"Content-Type: application/x-www-form-urlencoded\"" &" --data @$json" &" --dump-header $$my.headers"]]></Text>
								<ChunkList hash="EFDF6F0EF0269D8F644117A954664EBE">
									<Chunk type="NoRef">&quot; --request POST&quot; &amp;&#13;&quot; --header \&quot;Authorization: Bearer &quot; &amp; </Chunk>
									<Chunk type="VariableReference">$$my.token</Chunk>
									<Chunk type="NoRef"> &amp; &quot;\&quot;&quot; &amp;&#13;&quot; --header \&quot;Content-Type: application/x-www-form-urlencoded\&quot;&quot; &amp;&#13;&quot; --data @$json&quot; &amp;&#13;&quot; --dump-header $$my.headers&quot;</Chunk>
								</ChunkList>
							</Calculation>
						</Calculation>
					</value>
					<Name value="$curloptions"></Name>
					<repetition></repetition>
				</Parameter>
			</ParameterValues>
		</Step>
		<Step index="15" id="89" name="# (Kommentar)" enable="True">
			<UUID>3B36189B-C006-44CC-A2F7-78F2ABDEA67A</UUID>
			<OwnerID></OwnerID>
			<Options>4</Options>
			<ParameterValues membercount="1">
				<Parameter type="Comment">
					<Comment value="set api update variable"></Comment>
				</Parameter>
			</ParameterValues>
		</Step>
		<Step index="16" id="141" name="Variable setzen" enable="True">
			<UUID>EF132962-5ED2-4EF4-8392-B76FB49D8AC3</UUID>
			<OwnerID></OwnerID>
			<Options>16388</Options>
			<ParameterValues membercount="1">
				<Parameter type="Variable">
					<value>
						<Calculation datatype="1" position="1">
							<Calculation>
								<Text><![CDATA["1"]]></Text>
								<ChunkList hash="E42599A078EF5CBB8E2C8EC3C24F3514">
									<Chunk type="NoRef">&quot;1&quot;</Chunk>
								</ChunkList>
							</Calculation>
						</Calculation>
					</value>
					<Name value="$$API.UPDATE"></Name>
					<repetition></repetition>
				</Parameter>
			</ParameterValues>
		</Step>
		<Step index="17" id="89" name="# (Kommentar)" enable="True">
			<UUID>09D9F39A-496E-4A46-937D-DAAD0EE1E035</UUID>
			<OwnerID></OwnerID>
			<Options>0</Options>
			<ParameterValues membercount="1">
				<Parameter type="Comment">
					<Comment></Comment>
				</Parameter>
			</ParameterValues>
		</Step>
		<Step index="18" id="89" name="# (Kommentar)" enable="True">
			<UUID>C6DD0EE9-3725-46C1-8AD2-348CED5EF6B3</UUID>
			<OwnerID></OwnerID>
			<Options>4</Options>
			<ParameterValues membercount="1">
				<Parameter type="Comment">
					<Comment value="-------------------------------------------------------------"></Comment>
				</Parameter>
			</ParameterValues>
		</Step>
		<Step index="19" id="89" name="# (Kommentar)" enable="True">
			<UUID>5BAE1081-BEA0-440C-A438-02B817008361</UUID>
			<OwnerID></OwnerID>
			<Options>4</Options>
			<ParameterValues membercount="1">
				<Parameter type="Comment">
					<Comment value=" PROCESS"></Comment>
				</Parameter>
			</ParameterValues>
		</Step>
		<Step index="20" id="89" name="# (Kommentar)" enable="True">
			<UUID>58741677-D99C-4F61-83AA-AC3D4EFA04DD</UUID>
			<OwnerID></OwnerID>
			<Options>4</Options>
			<ParameterValues membercount="1">
				<Parameter type="Comment">
					<Comment value="-------------------------------------------------------------"></Comment>
				</Parameter>
			</ParameterValues>
		</Step>
		<Step index="21" id="160" name="Aus URL einfügen" enable="True">
			<UUID>62EFB13C-2BB3-4756-9B25-0F8A6AFB4F22</UUID>
			<OwnerID></OwnerID>
			<Options>20613</Options>
			<ParameterValues membercount="6">
				<Parameter type="Boolean">
					<Boolean type="SSL-Zertifikate verifizieren" id="268435456" value="False"></Boolean>
				</Parameter>
				<Parameter type="Boolean">
					<Boolean type="Auswahl" id="4096" value="True"></Boolean>
				</Parameter>
				<Parameter type="Boolean">
					<Boolean type="Mit Dialog" id="128" value="False"></Boolean>
				</Parameter>
				<Parameter type="Target">
					<Variable value="$$my.result">
						<repetition value="1"></repetition>
					</Variable>
				</Parameter>
				<Parameter type="URL">
					<URL autoEncode="True">
						<Calculation datatype="1" position="0">
							<Calculation>
								<Text><![CDATA[$$server & $endpoint]]></Text>
								<ChunkList hash="9EA92AEF077FA44AE68308694556F8CB">
									<Chunk type="VariableReference">$$server</Chunk>
									<Chunk type="NoRef"> &amp; </Chunk>
									<Chunk type="VariableReference">$endpoint</Chunk>
								</ChunkList>
							</Calculation>
						</Calculation>
					</URL>
				</Parameter>
				<Parameter type="Calculation">
					<Calculation datatype="1" position="1">
						<Calculation>
							<Text><![CDATA[$curloptions]]></Text>
							<ChunkList hash="205B4DA1BAD160DEDA31FE70167BBA78">
								<Chunk type="VariableReference">$curloptions</Chunk>
							</ChunkList>
						</Calculation>
					</Calculation>
				</Parameter>
			</ParameterValues>
		</Step>
		<Step index="22" id="1" name="Script ausführen" enable="True">
			<UUID>4769430A-945C-47BA-BCC0-A21214AB6986</UUID>
			<OwnerID></OwnerID>
			<Options>64</Options>
			<ParameterValues membercount="2">
				<Parameter type="List">
					<List name="Aus Liste" value="1">
						<ScriptReference id="31" name="Handle response" UUID="44FA18ED-6DEA-4F32-BDDB-09F438F6D005"></ScriptReference>
					</List>
				</Parameter>
				<Parameter type="Parameter">
					<Parameter></Parameter>
				</Parameter>
			</ParameterValues>
		</Step>
		<Step index="23" id="89" name="# (Kommentar)" enable="True">
			<UUID>2C5CEC20-10CC-402C-BC9D-F7E948CE19B1</UUID>
			<OwnerID></OwnerID>
			<Options>0</Options>
			<ParameterValues membercount="1">
				<Parameter type="Comment">
					<Comment></Comment>
				</Parameter>
			</ParameterValues>
		</Step>
		<Step index="24" id="1" name="Script ausführen" enable="True">
			<UUID>9EB4D4C3-EC52-4E55-951B-C473F45EA5C9</UUID>
			<OwnerID></OwnerID>
			<Options>64</Options>
			<ParameterValues membercount="2">
				<Parameter type="List">
					<List name="Aus Liste" value="1">
						<ScriptReference id="110" name="Get WPE Plug-in Configuration" UUID="6CE3B113-6352-4EFF-BD49-EA06D32738DD"></ScriptReference>
					</List>
				</Parameter>
				<Parameter type="Parameter">
					<Parameter></Parameter>
				</Parameter>
			</ParameterValues>
		</Step>
		<Step index="25" id="89" name="# (Kommentar)" enable="True">
			<UUID>E0781B78-E723-40C9-9D3C-C3861D421C67</UUID>
			<OwnerID></OwnerID>
			<Options>4</Options>
			<ParameterValues membercount="1">
				<Parameter type="Comment">
					<Comment value="-------------------------------------------------------------"></Comment>
				</Parameter>
			</ParameterValues>
		</Step>
		<Step index="26" id="89" name="# (Kommentar)" enable="True">
			<UUID>45388461-7FF1-46E0-94CF-655F08BD64BD</UUID>
			<OwnerID></OwnerID>
			<Options>4</Options>
			<ParameterValues membercount="1">
				<Parameter type="Comment">
					<Comment value=" CLEAN UP"></Comment>
				</Parameter>
			</ParameterValues>
		</Step>
		<Step index="27" id="89" name="# (Kommentar)" enable="True">
			<UUID>2D6F9ABB-1A80-41DD-A97D-BD8A8A640289</UUID>
			<OwnerID></OwnerID>
			<Options>4</Options>
			<ParameterValues membercount="1">
				<Parameter type="Comment">
					<Comment value="-------------------------------------------------------------"></Comment>
				</Parameter>
			</ParameterValues>
		</Step>
		<Step index="28" id="68" name="Wenn" enable="True">
			<UUID>D538B648-DD6D-4615-A7E2-AB2AB8DDF580</UUID>
			<OwnerID></OwnerID>
			<Options>16384</Options>
			<ParameterValues membercount="1">
				<Parameter type="Calculation">
					<Calculation datatype="7" position="0">
						<Calculation>
							<Text><![CDATA[$error = 0]]></Text>
							<ChunkList hash="CE3C173E2CD2554CBB236CEE7C56CBB6">
								<Chunk type="VariableReference">$error</Chunk>
								<Chunk type="NoRef"> = 0</Chunk>
							</ChunkList>
						</Calculation>
					</Calculation>
				</Parameter>
			</ParameterValues>
		</Step>
		<Step index="29" id="89" name="# (Kommentar)" enable="True">
			<UUID>734DC00D-205F-4762-94F7-B1EAA8FD0E1B</UUID>
			<OwnerID></OwnerID>
			<Options>4</Options>
			<ParameterValues membercount="1">
				<Parameter type="Comment">
					<Comment value=" set to exit true if you do not need to pass an error"></Comment>
				</Parameter>
			</ParameterValues>
		</Step>
		<Step index="30" id="141" name="Variable setzen" enable="True">
			<UUID>AADF6A78-74C2-4FD3-9EBF-F3A3FF07AE76</UUID>
			<OwnerID></OwnerID>
			<Options>16388</Options>
			<ParameterValues membercount="1">
				<Parameter type="Variable">
					<value>
						<Calculation datatype="1" position="1">
							<Calculation>
								<Text><![CDATA[1 // exit true]]></Text>
								<ChunkList hash="DC134DF247804ECF23193E2024A59A1B">
									<Chunk type="NoRef">1 // exit true</Chunk>
								</ChunkList>
							</Calculation>
						</Calculation>
					</value>
					<Name value="$error"></Name>
					<repetition></repetition>
				</Parameter>
			</ParameterValues>
		</Step>
		<Step index="31" id="70" name="Ende (wenn)" enable="True">
			<UUID>4CF1F7E0-37A4-43E2-811B-4AF889514504</UUID>
			<OwnerID></OwnerID>
			<Options>0</Options>
		</Step>
		<Step index="32" id="89" name="# (Kommentar)" enable="True">
			<UUID>575C3812-3B81-4AE2-AB12-45984317F5DD</UUID>
			<OwnerID></OwnerID>
			<Options>0</Options>
			<ParameterValues membercount="1">
				<Parameter type="Comment">
					<Comment></Comment>
				</Parameter>
			</ParameterValues>
		</Step>
		<Step index="33" id="103" name="Aktuelles Script verlassen" enable="True">
			<UUID>A9BBA719-228A-4716-9A2C-5FE52CE9CD33</UUID>
			<OwnerID></OwnerID>
			<Options>16384</Options>
			<ParameterValues membercount="1">
				<Parameter type="Calculation">
					<Calculation datatype="1" position="0">
						<Calculation>
							<Text><![CDATA[$error]]></Text>
							<ChunkList hash="926F59D0E89012933FB1C2137ABF78F1">
								<Chunk type="VariableReference">$error</Chunk>
							</ChunkList>
						</Calculation>
					</Calculation>
				</Parameter>
			</ParameterValues>
		</Step>
		<Step index="34" id="89" name="# (Kommentar)" enable="True">
			<UUID>2C2BEDC3-F4F0-4820-A8DB-73E8EE62E5C3</UUID>
			<OwnerID></OwnerID>
			<Options>0</Options>
			<ParameterValues membercount="1">
				<Parameter type="Comment">
					<Comment></Comment>
				</Parameter>
			</ParameterValues>
		</Step>
	</ObjectList>
</Script>
