---
source: src/tests.rs
expression: output_content
---
<Relationship id="11">
	<UUID modifications="3" userName="Malte Bastian" accountName="Admin" timestamp="2024-02-18T17:38:30">1FC1B73C-C27A-4D5C-8F3D-C6D7994FAEA0</UUID>
	<LeftTable cascadeCreate="False" cascadeDelete="False" type="Local">
		<TableOccurrenceReference id="1065092" name="CLI__clients"></TableOccurrenceReference>
		<SortSpecification value="False" maintain="True"></SortSpecification>
	</LeftTable>
	<RightTable cascadeCreate="False" cascadeDelete="True" type="Local">
		<TableOccurrenceReference id="1065101" name="CLI_GFI__guestFiles"></TableOccurrenceReference>
		<SortSpecification value="False" maintain="True"></SortSpecification>
	</RightTable>
	<JoinPredicateList membercount="2">
		<JoinPredicate type="Equal">
			<LeftField>
				<FieldReference id="18" name="ID_Server">
					<TableOccurrenceReference id="1065092" name="CLI__clients"></TableOccurrenceReference>
				</FieldReference>
			</LeftField>
			<RightField>
				<FieldReference id="7" name="ID_Server">
					<TableOccurrenceReference id="1065101" name="CLI_GFI__guestFiles"></TableOccurrenceReference>
				</FieldReference>
			</RightField>
		</JoinPredicate>
		<JoinPredicate type="Equal">
			<LeftField>
				<FieldReference id="11" name="id_client">
					<TableOccurrenceReference id="1065092" name="CLI__clients"></TableOccurrenceReference>
				</FieldReference>
			</LeftField>
			<RightField>
				<FieldReference id="6" name="id_client">
					<TableOccurrenceReference id="1065101" name="CLI_GFI__guestFiles"></TableOccurrenceReference>
				</FieldReference>
			</RightField>
		</JoinPredicate>
	</JoinPredicateList>
</Relationship>
