---
source: src/main.rs
expression: output_content
---
<FieldCatalog>
	<BaseTableReference id="132" name="_Color" UUID="4D865309-287A-407F-8A58-8C2FB281EF05"></BaseTableReference>
	<ObjectList membercount="1">
		<Field>
			<FieldReference id="29" name="_kPaletteName" repetition="1" UUID="8CA8B2A8-605C-4525-899E-D63C060F54BC">
				<Calculation>
					<TableOccurrenceReference id="1065112" name="_Color" UUID="23B6D95D-F37E-4E21-A3C9-2DE12699CBF9"></TableOccurrenceReference>
					<Text><![CDATA[Color.Palette_byID::PaletteName]]></Text>
					<ChunkList hash="5C4DC8C9674760B62D2892F0BA2D5771">
						<Chunk type="FieldRef">
							<FieldReference id="2" name="PaletteName" repetition="1" UUID="F40EF81B-1897-474F-84CC-56818E6D3F6A">
								<TableOccurrenceReference id="1065128" name="Color.Palette_byID" UUID="960C91FF-AEB4-41DF-93C6-2A67639FC520"></TableOccurrenceReference>
							</FieldReference>
						</Chunk>
					</ChunkList>
				</Calculation>
				<BaseTableReference id="132" name="_Color" UUID="4D865309-287A-407F-8A58-8C2FB281EF05"></BaseTableReference>
			</FieldReference>
		</Field>
	</ObjectList>
</FieldCatalog>
