---
source: src/tests.rs
expression: output_content
---
<Script id="138" name="Update Amazon Identity Provider Information">
	<UUID modifications="5" userName="Mike Duncan" accountName="Admin" timestamp="2021-07-08T13:51:08">3E8A9CF4-7AF6-4591-856F-AF77587C4A80</UUID>
	<Options hidden="True" access="ReadWrite" SiriShortcutVisible="False" runwithfullaccess="False" compatibility="0">8</Options>
	<TagList></TagList>
</Script>
