---
source: src/tests.rs
expression: output_content
---
<Script id="173" name="Get FileMaker Admin API Public Keys Server Setting">
	<UUID modifications="54" userName="Mike Duncan" accountName="Admin" timestamp="2023-01-25T08:22:06">F965D2B3-782D-41BE-ADDD-C042EDA9213C</UUID>
	<Options hidden="True" access="ReadWrite" SiriShortcutVisible="False" runwithfullaccess="False" compatibility="0">8</Options>
</Script>
