---
source: src/main.rs
expression: output_content
---
<TableOccurrence viewState="Collapse" height="72" id="1065112" name="FMS_SCHS__schedules_saved" type="Local">
	<UUID modifications="34" userName="Malte Bastian" accountName="Admin" timestamp="2024-02-18T17:38:30">8B64E5B9-7DE5-4C74-84AD-6D5DF6A9281B</UUID>
	<BaseTableSourceReference type="BaseTableReference">
		<BaseTableReference id="135" name="schedules_saved" UUID="AB5E8B34-CB93-45A6-9FAD-54AC0F220056"></BaseTableReference>
	</BaseTableSourceReference>
	<CoordRect top="322" left="289" bottom="440" right="461"></CoordRect>
	<Color red="120" green="120" blue="120" alpha="1.00"></Color>
	<TagList></TagList>
</TableOccurrence>
