---
source: src/tests.rs
expression: output_content
---
<CustomFunction id="37" name="_SPDecode" access="All">
	<UUID modifications="3" userName="R.Watson" accountName="admin" timestamp="2020-08-04T09:52:12">F6D1420B-AE87-4409-945F-D947F073A90E</UUID>
	<Display>_SPDecode ( pText )</Display>
	<ObjectList membercount="1">
		<Parameter name="pText"></Parameter>
	</ObjectList>
</CustomFunction>
