---
source: src/tests.rs
expression: output_content
---
<CustomFunction id="46" name="_TextGetRRGGBB" access="All">
	<UUID modifications="3" userName="R.Watson" accountName="admin" timestamp="2020-08-04T09:52:12">A4F6437F-5B74-453F-9A22-4074C78A0E9C</UUID>
	<Display>_TextGetRRGGBB ( pText )</Display>
	<ObjectList membercount="1">
		<Parameter name="pText"></Parameter>
	</ObjectList>
</CustomFunction>
