---
source: src/tests.rs
expression: output_content
---
<CustomFunction id="24" name="Test" access="All">
	<UUID modifications="2" userName="R.Watson" accountName="admin" timestamp="2020-08-04T09:52:12">D3D660C2-033B-4FE9-A692-A5DAA9324FB6</UUID>
	<Display>Test ( pParam )</Display>
	<ObjectList membercount="1">
		<Parameter name="pParam"></Parameter>
	</ObjectList>
</CustomFunction>
