---
source: src/main.rs
expression: output_content
---
<Script id="123" name="Read and Edit Palette.Color_Formula::Comment">
	<UUID modifications="5" userName="R.Watson" accountName="admin" timestamp="2021-09-16T22:38:01">E1775495-D5B7-4750-BB74-AB6CAB4BB482</UUID>
	<Options hidden="True" access="ReadWrite" SiriShortcutVisible="False" runwithfullaccess="False" compatibility="0">8</Options>
	<TagList></TagList>
</Script>
