---
source: src/main.rs
expression: output_content
---
<Script id="127" name="-" isSeparatorItem="True">
	<UUID modifications="3" userName="R.Watson" accountName="admin" timestamp="2020-08-04T09:52:12">B9C8A801-871F-4476-A979-69F2DED8BFA7</UUID>
	<Options hidden="True" access="ReadWrite" SiriShortcutVisible="False" runwithfullaccess="False" compatibility="0">24</Options>
	<TagList></TagList>
</Script>
