---
source: src/main.rs
expression: output_content
---
# 20120706 MrW 

Gehe zu Bezugsdatensatz [ ⚠️ PARAMETER "Related" NOT PARSED ⚠️ ]
Wenn [ Hole ( LayoutTabellenname ) <> "_Color" ]
	Gehe zu Layout [ Layout: "Colors" ; Animation: Ohne ]
	Alle Datensätze anzeigen
	Nur Ausgeschlossene anzeigen
Ende (wenn)
