---
source: src/tests.rs
expression: output_content
---
<FieldCatalog>
	<UUID modifications="7" userName="Mislav" accountName="Admin" timestamp="2025-05-04T17:36:57">EC398B92-C783-42CF-B31D-2CC2331241AA</UUID>
	<TagList></TagList>
	<BaseTableReference id="131" name="Contacts" UUID="48C3E49A-617B-45C4-98F9-E901BD4E69BE"></BaseTableReference>
	<ObjectList membercount="8">
		<Field id="1" name="ID" fieldtype="Normal" datatype="Text" comment="Unique identifier of each record in this table">
			<UUID modifications="1" userName="Mislav" accountName="Admin" timestamp="2025-05-04T09:15:24">F8D48752-4CDF-44B8-865D-92FF45A1C9E0</UUID>
			<AutoEnter type="Calculated" prohibitModification="True" overwriteExisting="True" alwaysEvaluate="False">
				<Calculated>
					<Calculation>
						<TableOccurrenceReference id="1065091" name="Contacts" UUID="E8E43577-C015-43EC-A455-99DD51B56BF2"></TableOccurrenceReference>
						<DDRREF kind="ChunkList" hash="F8FC751FEE733A347BA2266C54DEC7A0">_F8D48752-4CDF-44B8-865D-92FF45A1C9E0_1</DDRREF>
						<Text><![CDATA[Get( UUID )]]></Text>
					</Calculation>
				</Calculated>
			</AutoEnter>
			<Validation type="OnlyDuringDataEntry" allowOverride="False" notEmpty="True" unique="True" existing="False"></Validation>
			<Storage autoIndex="True" index="Minimal" global="False" maxRepetitions="1">
				<LanguageReference name="Unicode" id="2"></LanguageReference>
			</Storage>
			<TagList primary="True">#^FMI* #_FMI_0 </TagList>
		</Field>
		<Field id="2" name="CreationTimestamp" fieldtype="Normal" datatype="Timestamp" comment="Date and time each record was created">
			<UUID modifications="0" userName="Mislav" accountName="Admin" timestamp="2025-05-04T09:15:15">FC8FADB7-1564-446A-A0FE-95F47DBADDC8</UUID>
			<AutoEnter type="CreationTimestamp" prohibitModification="True"></AutoEnter>
			<Validation type="OnlyDuringDataEntry" allowOverride="False" notEmpty="True" unique="False" existing="False">
				<Strict>FourDigitYear</Strict>
			</Validation>
			<Storage autoIndex="True" index="None" global="False" maxRepetitions="1">
				<LanguageReference name="English" id="21"></LanguageReference>
			</Storage>
			<TagList>#_FMI_0 </TagList>
		</Field>
		<Field id="3" name="CreatedBy" fieldtype="Normal" datatype="Text" comment="Account name of the user who created each record">
			<UUID modifications="0" userName="Mislav" accountName="Admin" timestamp="2025-05-04T09:15:15">1BF264AB-AF53-47EF-BA6B-8381FDA9D48F</UUID>
			<AutoEnter type="CreationAccountName" prohibitModification="True"></AutoEnter>
			<Validation type="OnlyDuringDataEntry" allowOverride="False" notEmpty="True" unique="False" existing="False"></Validation>
			<Storage autoIndex="True" index="None" global="False" maxRepetitions="1">
				<LanguageReference name="English" id="21"></LanguageReference>
			</Storage>
			<TagList>#_FMI_0 </TagList>
		</Field>
		<Field id="4" name="ModificationTimestamp" fieldtype="Normal" datatype="Timestamp" comment="Date and time each record was last modified">
			<UUID modifications="0" userName="Mislav" accountName="Admin" timestamp="2025-05-04T09:15:15">263FCE23-F3DF-4FD0-9175-BED44136CFC4</UUID>
			<AutoEnter type="ModificationTimestamp" prohibitModification="True"></AutoEnter>
			<Validation type="OnlyDuringDataEntry" allowOverride="False" notEmpty="True" unique="False" existing="False">
				<Strict>FourDigitYear</Strict>
			</Validation>
			<Storage autoIndex="True" index="None" global="False" maxRepetitions="1">
				<LanguageReference name="English" id="21"></LanguageReference>
			</Storage>
			<TagList>#_FMI_0 </TagList>
		</Field>
		<Field id="5" name="ModifiedBy" fieldtype="Normal" datatype="Text" comment="Account name of the user who last modified each record">
			<UUID modifications="0" userName="Mislav" accountName="Admin" timestamp="2025-05-04T09:15:15">26C9FA76-D53E-46E3-9E8A-5700074F5C6C</UUID>
			<AutoEnter type="ModificationAccountName" prohibitModification="True"></AutoEnter>
			<Validation type="OnlyDuringDataEntry" allowOverride="False" notEmpty="True" unique="False" existing="False"></Validation>
			<Storage autoIndex="True" index="None" global="False" maxRepetitions="1">
				<LanguageReference name="English" id="21"></LanguageReference>
			</Storage>
			<TagList>#_FMI_0 </TagList>
		</Field>
		<Field id="6" name="Name" fieldtype="Normal" datatype="Text" comment="">
			<UUID modifications="1" userName="Mislav" accountName="Admin" timestamp="2025-05-04T09:20:23">CDA37349-D2D9-4ACA-B58C-9F8272B51F9D</UUID>
			<AutoEnter type="" prohibitModification="False"></AutoEnter>
			<Validation type="OnlyDuringDataEntry" allowOverride="True" notEmpty="False" unique="False" existing="False"></Validation>
			<Storage autoIndex="True" index="None" global="False" maxRepetitions="1">
				<LanguageReference name="English" id="21"></LanguageReference>
			</Storage>
			<TagList></TagList>
		</Field>
		<Field id="7" name="ID_TestTable" fieldtype="Normal" datatype="Text" comment="">
			<UUID modifications="1" userName="Mislav" accountName="Admin" timestamp="2025-05-04T09:20:23">3BD38330-322C-4394-8A48-237811B70F90</UUID>
			<AutoEnter type="" prohibitModification="False"></AutoEnter>
			<Validation type="OnlyDuringDataEntry" allowOverride="True" notEmpty="False" unique="False" existing="False"></Validation>
			<Storage autoIndex="True" index="Minimal" global="False" maxRepetitions="1">
				<LanguageReference name="English" id="21"></LanguageReference>
			</Storage>
			<TagList></TagList>
		</Field>
		<Field id="8" name="OrderOfOperationsTest_u" fieldtype="Calculated" datatype="Text" comment="">
			<UUID modifications="3" userName="Mislav" accountName="Admin" timestamp="2025-05-04T17:36:56">BAD8B032-4CD5-420D-80A1-86A3AC338852</UUID>
			<AutoEnter alwaysEvaluate="False"></AutoEnter>
			<Storage storeCalculationResults="False" global="False" maxRepetitions="1">
				<LanguageReference name="English" id="21"></LanguageReference>
			</Storage>
			<Calculation>
				<TableOccurrenceReference id="1065091" name="Contacts" UUID="E8E43577-C015-43EC-A455-99DD51B56BF2"></TableOccurrenceReference>
				<DDRREF kind="ChunkList" hash="C4D9590C0A80DF371FCF0856BC8B2A7F">_BAD8B032-4CD5-420D-80A1-86A3AC338852_0</DDRREF>
				<Text><![CDATA[Contacts_TestTable::TextField1& // This custom function references this field// It also references a related record// It's set up this way, so that we can see how SaXML handles this situationOrderOfOperations]]></Text>
			</Calculation>
			<TagList></TagList>
		</Field>
	</ObjectList>
</FieldCatalog>
