---
source: src/main.rs
expression: output_content
---
<Script id="53" name="ODBC/JDBC" isFolder="True">
	<UUID modifications="7" userName="Malte Bastian" accountName="Admin" timestamp="2024-02-18T17:38:30">6A76D113-79C6-42C9-A350-FD05B81B15C2</UUID>
	<Options hidden="True" access="ReadWrite" SiriShortcutVisible="False" runwithfullaccess="False" compatibility="0">9</Options>
	<TagList></TagList>
</Script>
