---
source: src/main.rs
expression: output_content
---
<Script id="47" name="Disconnect Client ( json )">
	<UUID modifications="70" userName="Malte Bastian" accountName="Admin" timestamp="2024-02-18T17:38:30">33C609A4-C9A1-4FBA-8B6C-16650C1E1D14</UUID>
	<Options hidden="True" access="ReadWrite" SiriShortcutVisible="False" runwithfullaccess="False" compatibility="0">8</Options>
</Script>
