---
source: src/tests.rs
expression: output_content
---
<Script>
	<ScriptReference id="116" name="Read and Edit Syntax Comment" UUID="BB54673E-C13E-4607-9A88-3FF7CC651E2D"></ScriptReference>
	<ObjectList membercount="23">
		<Step index="0" id="89" name="# (Kommentar)" enable="True">
			<UUID>05C83396-DDF7-4032-905F-CE99B8CAC26D</UUID>
			<OwnerID></OwnerID>
			<Options>0</Options>
			<ParameterValues membercount="1">
				<Parameter type="Comment">
					<Comment></Comment>
				</Parameter>
			</ParameterValues>
		</Step>
		<Step index="1" id="89" name="# (Kommentar)" enable="True">
			<UUID>2DF02C97-24F8-4038-94ED-91E25A4CD441</UUID>
			<OwnerID></OwnerID>
			<Options>4</Options>
			<ParameterValues membercount="1">
				<Parameter type="Comment">
					<Comment value="20210916 MrW Removed lingering pesky German :D"></Comment>
				</Parameter>
			</ParameterValues>
		</Step>
		<Step index="2" id="89" name="# (Kommentar)" enable="True">
			<UUID>B692E129-ED00-4119-BBE2-5A74358B63D9</UUID>
			<OwnerID></OwnerID>
			<Options>4</Options>
			<ParameterValues membercount="1">
				<Parameter type="Comment">
					<Comment value="20121102 MrW "></Comment>
				</Parameter>
			</ParameterValues>
		</Step>
		<Step index="3" id="89" name="# (Kommentar)" enable="True">
			<UUID>E6FECD39-222C-469B-B095-5F25712D86AB</UUID>
			<OwnerID></OwnerID>
			<Options>0</Options>
			<ParameterValues membercount="1">
				<Parameter type="Comment">
					<Comment></Comment>
				</Parameter>
			</ParameterValues>
		</Step>
		<Step index="4" id="85" name="AnwenderAbbruchZulassen setzen" enable="True">
			<UUID>DE2AE980-1558-462D-8630-692D0BFE6325</UUID>
			<OwnerID></OwnerID>
			<Options>65536</Options>
			<ParameterValues membercount="1">
				<Parameter type="Boolean">
					<Boolean id="131072" value="False"></Boolean>
				</Parameter>
			</ParameterValues>
		</Step>
		<Step index="5" id="86" name="Fehleraufzeichnung setzen" enable="True">
			<UUID>8F58D7E2-AFA5-44AB-BF81-410F8F33E905</UUID>
			<OwnerID></OwnerID>
			<Options>196608</Options>
			<ParameterValues membercount="1">
				<Parameter type="Boolean">
					<Boolean id="131072" value="True"></Boolean>
				</Parameter>
			</ParameterValues>
		</Step>
		<Step index="6" id="89" name="# (Kommentar)" enable="True">
			<UUID>4BA61EA4-0DE3-485B-BD65-5B3BB7F3E85E</UUID>
			<OwnerID></OwnerID>
			<Options>0</Options>
			<ParameterValues membercount="1">
				<Parameter type="Comment">
					<Comment></Comment>
				</Parameter>
			</ParameterValues>
		</Step>
		<Step index="7" id="68" name="Wenn" enable="True">
			<UUID>776CB867-37A9-40F1-BF96-2E9B4B019659</UUID>
			<OwnerID></OwnerID>
			<Options>16384</Options>
			<ParameterValues membercount="1">
				<Parameter type="Calculation">
					<Calculation datatype="7" position="0">
						<Calculation>
							<Text><![CDATA[Hole( Fenstermodus ) = 1]]></Text>
							<ChunkList hash="867C9C708F22524C342CBCFD725C0330">
								<Chunk type="FunctionRef">Hole</Chunk>
								<Chunk type="NoRef">( </Chunk>
								<Chunk type="FunctionRef">Fenstermodus</Chunk>
								<Chunk type="NoRef"> ) = 1</Chunk>
							</ChunkList>
						</Calculation>
					</Calculation>
				</Parameter>
			</ParameterValues>
		</Step>
		<Step index="8" id="87" name="Eigenes Dialogfeld anzeigen" enable="True">
			<UUID>241FB608-15C1-4479-A7F3-AA02F115AC25</UUID>
			<OwnerID></OwnerID>
			<Options>16389</Options>
			<ParameterValues membercount="6">
				<Parameter type="Title">
					<Calculation datatype="1" position="0">
						<Calculation>
							<Text><![CDATA["Search Comments"]]></Text>
							<ChunkList hash="4A77CAF67493E1654752EBB155D369CC">
								<Chunk type="NoRef">&quot;Search Comments&quot;</Chunk>
							</ChunkList>
						</Calculation>
					</Calculation>
				</Parameter>
				<Parameter type="Message">
					<Calculation datatype="1" position="1">
						<Calculation>
							<Text><![CDATA["Please enter your search criterium."]]></Text>
							<ChunkList hash="FB40D180F9F340BBDE3377B8A4E656AA">
								<Chunk type="NoRef">&quot;Please enter your search criterium.&quot;</Chunk>
							</ChunkList>
						</Calculation>
					</Calculation>
				</Parameter>
				<Parameter type="Button1" value="OK">
					<Boolean type="Commit" value="True"></Boolean>
				</Parameter>
				<Parameter type="Button2" value="Cancel">
					<Boolean type="Commit" value="False"></Boolean>
				</Parameter>
				<Parameter type="Button3">
					<Boolean type="Commit" value="False"></Boolean>
				</Parameter>
				<Parameter type="Field1">
					<Parameter type="Target">
						<FieldReference id="18" name="Comment" UUID="B6980B5E-3287-49E2-B32D-EA87F7F6DA8F">
							<repetition value="1"></repetition>
							<TableOccurrenceReference id="1065113" name="_Syntax" UUID="2F73E4BF-801D-4854-8CB1-0B02B9B99906"></TableOccurrenceReference>
						</FieldReference>
					</Parameter>
					<Boolean type="Passwort" value="False"></Boolean>
					<Parameter type="Label">
						<Calculation datatype="1" position="2">
							<Calculation>
								<Text><![CDATA["Search Comment"]]></Text>
								<ChunkList hash="1F8905341F4057A7F232B03A7587273F">
									<Chunk type="NoRef">&quot;Search Comment&quot;</Chunk>
								</ChunkList>
							</Calculation>
						</Calculation>
					</Parameter>
				</Parameter>
			</ParameterValues>
		</Step>
		<Step index="9" id="69" name="Sonst" enable="True">
			<UUID>55E067F7-A813-4C11-AF5A-8DAE7538B805</UUID>
			<OwnerID></OwnerID>
			<Options>0</Options>
		</Step>
		<Step index="10" id="71" name="Schleife (Anfang)" enable="True">
			<UUID>0918B6AA-87F9-42CD-8603-CEC09D2E3E9C</UUID>
			<OwnerID></OwnerID>
			<Options>0</Options>
			<ParameterValues membercount="1">
				<Parameter type="List">
					<List name="Immer" value="1"></List>
				</Parameter>
			</ParameterValues>
		</Step>
		<Step index="11" id="68" name="Wenn" enable="True">
			<UUID>957DD2CD-B13A-480B-B0BE-E4913ACEC17F</UUID>
			<OwnerID></OwnerID>
			<Options>16384</Options>
			<ParameterValues membercount="1">
				<Parameter type="Calculation">
					<Calculation datatype="7" position="0">
						<Calculation>
							<Text><![CDATA[NICHT IstLeer( _Syntax::Comment )]]></Text>
							<ChunkList hash="D9A3F1032B026AE3387E810C06CBF795">
								<Chunk type="FunctionRef">NICHT</Chunk>
								<Chunk type="NoRef"> </Chunk>
								<Chunk type="FunctionRef">IstLeer</Chunk>
								<Chunk type="NoRef">( </Chunk>
								<Chunk type="FieldRef">
									<FieldReference id="18" name="Comment" repetition="1" UUID="B6980B5E-3287-49E2-B32D-EA87F7F6DA8F">
										<TableOccurrenceReference id="1065113" name="_Syntax" UUID="2F73E4BF-801D-4854-8CB1-0B02B9B99906"></TableOccurrenceReference>
									</FieldReference>
								</Chunk>
								<Chunk type="NoRef"> )</Chunk>
							</ChunkList>
						</Calculation>
					</Calculation>
				</Parameter>
			</ParameterValues>
		</Step>
		<Step index="12" id="89" name="# (Kommentar)" enable="True">
			<UUID>AA1E09EC-A7C3-4F8A-A831-22EDFA30A23D</UUID>
			<OwnerID></OwnerID>
			<Options>4</Options>
			<ParameterValues membercount="1">
				<Parameter type="Comment">
					<Comment value="Read"></Comment>
				</Parameter>
			</ParameterValues>
		</Step>
		<Step index="13" id="87" name="Eigenes Dialogfeld anzeigen" enable="True">
			<UUID>81C18E6A-0DF3-425A-A7B1-9CFE3281AFBA</UUID>
			<OwnerID></OwnerID>
			<Options>16389</Options>
			<ParameterValues membercount="5">
				<Parameter type="Title">
					<Calculation datatype="1" position="0">
						<Calculation>
							<Text><![CDATA[_Syntax::Command_EN]]></Text>
							<ChunkList hash="952AB481816112169E5C64BCB47BACD0">
								<Chunk type="FieldRef">
									<FieldReference id="2" name="Command_EN" repetition="1" UUID="4EF69D84-69AA-42DC-A5B2-EDEE802D3F5E">
										<TableOccurrenceReference id="1065113" name="_Syntax" UUID="2F73E4BF-801D-4854-8CB1-0B02B9B99906"></TableOccurrenceReference>
									</FieldReference>
								</Chunk>
							</ChunkList>
						</Calculation>
					</Calculation>
				</Parameter>
				<Parameter type="Message">
					<Calculation datatype="1" position="1">
						<Calculation>
							<Text><![CDATA[Austauschen( _Syntax::Comment ; "\¶" ; "¶" )]]></Text>
							<ChunkList hash="DADE1C3550D19B35E2BC62B84455FE7A">
								<Chunk type="FunctionRef">Austauschen</Chunk>
								<Chunk type="NoRef">( </Chunk>
								<Chunk type="FieldRef">
									<FieldReference id="18" name="Comment" repetition="1" UUID="B6980B5E-3287-49E2-B32D-EA87F7F6DA8F">
										<TableOccurrenceReference id="1065113" name="_Syntax" UUID="2F73E4BF-801D-4854-8CB1-0B02B9B99906"></TableOccurrenceReference>
									</FieldReference>
								</Chunk>
								<Chunk type="NoRef"> ; &quot;\¶&quot; ; &quot;¶&quot; )</Chunk>
							</ChunkList>
						</Calculation>
					</Calculation>
				</Parameter>
				<Parameter type="Button1" value="OK">
					<Boolean type="Commit" value="True"></Boolean>
				</Parameter>
				<Parameter type="Button2" value="Edit">
					<Boolean type="Commit" value="False"></Boolean>
				</Parameter>
				<Parameter type="Button3">
					<Boolean type="Commit" value="False"></Boolean>
				</Parameter>
			</ParameterValues>
		</Step>
		<Step index="14" id="72" name="Verlasse Schleife wenn" enable="True">
			<UUID>C5F39FFF-96C9-4588-8960-C76AF7D840A1</UUID>
			<OwnerID></OwnerID>
			<Options>16384</Options>
			<ParameterValues membercount="1">
				<Parameter type="Calculation">
					<Calculation datatype="7" position="0">
						<Calculation>
							<Text><![CDATA[Hole ( LetzteMeldungswahl ) = 1]]></Text>
							<ChunkList hash="8C579970D437A4505D25C8DA36467E6A">
								<Chunk type="FunctionRef">Hole</Chunk>
								<Chunk type="NoRef"> ( </Chunk>
								<Chunk type="FunctionRef">LetzteMeldungswahl</Chunk>
								<Chunk type="NoRef"> ) = 1</Chunk>
							</ChunkList>
						</Calculation>
					</Calculation>
				</Parameter>
			</ParameterValues>
		</Step>
		<Step index="15" id="70" name="Ende (wenn)" enable="True">
			<UUID>8A400920-9D3C-43D0-94A7-7B1408EAB186</UUID>
			<OwnerID></OwnerID>
			<Options>0</Options>
		</Step>
		<Step index="16" id="89" name="# (Kommentar)" enable="True">
			<UUID>C8D01286-8C33-414C-8023-00CCCB833A3B</UUID>
			<OwnerID></OwnerID>
			<Options>4</Options>
			<ParameterValues membercount="1">
				<Parameter type="Comment">
					<Comment value="Edit"></Comment>
				</Parameter>
			</ParameterValues>
		</Step>
		<Step index="17" id="141" name="Variable setzen" enable="True">
			<UUID>A2BE65EB-E862-48BB-972B-709EC381FD03</UUID>
			<OwnerID></OwnerID>
			<Options>16388</Options>
			<ParameterValues membercount="1">
				<Parameter type="Variable">
					<value>
						<Calculation datatype="1" position="1">
							<Calculation>
								<Text><![CDATA[_Syntax::Comment]]></Text>
								<ChunkList hash="BCF8EFBCD3E25B765454020F54D6E4DE">
									<Chunk type="FieldRef">
										<FieldReference id="18" name="Comment" repetition="1" UUID="B6980B5E-3287-49E2-B32D-EA87F7F6DA8F">
											<TableOccurrenceReference id="1065113" name="_Syntax" UUID="2F73E4BF-801D-4854-8CB1-0B02B9B99906"></TableOccurrenceReference>
										</FieldReference>
									</Chunk>
								</ChunkList>
							</Calculation>
						</Calculation>
					</value>
					<Name value="$Comment"></Name>
					<repetition></repetition>
				</Parameter>
			</ParameterValues>
		</Step>
		<Step index="18" id="87" name="Eigenes Dialogfeld anzeigen" enable="True">
			<UUID>2A5DC741-6BFE-4E4B-AD9E-5024700763CB</UUID>
			<OwnerID></OwnerID>
			<Options>16389</Options>
			<ParameterValues membercount="6">
				<Parameter type="Title">
					<Calculation datatype="1" position="0">
						<Calculation>
							<Text><![CDATA["\"" & _Syntax::Command_EN & "\""]]></Text>
							<ChunkList hash="003D007C01580E4A769716084DAEA0AF">
								<Chunk type="NoRef">&quot;\&quot;&quot; &amp; </Chunk>
								<Chunk type="FieldRef">
									<FieldReference id="2" name="Command_EN" repetition="1" UUID="4EF69D84-69AA-42DC-A5B2-EDEE802D3F5E">
										<TableOccurrenceReference id="1065113" name="_Syntax" UUID="2F73E4BF-801D-4854-8CB1-0B02B9B99906"></TableOccurrenceReference>
									</FieldReference>
								</Chunk>
								<Chunk type="NoRef"> &amp; &quot;\&quot;&quot;</Chunk>
							</ChunkList>
						</Calculation>
					</Calculation>
				</Parameter>
				<Parameter type="Message">
					<Calculation datatype="1" position="1">
						<Calculation>
							<Text><![CDATA["You may enter a comment to explain what this entry is about."]]></Text>
							<ChunkList hash="3BF7D0ABDF9253F6BAC3502AB9056A70">
								<Chunk type="NoRef">&quot;You may enter a comment to explain what this entry is about.&quot;</Chunk>
							</ChunkList>
						</Calculation>
					</Calculation>
				</Parameter>
				<Parameter type="Button1" value="OK">
					<Boolean type="Commit" value="True"></Boolean>
				</Parameter>
				<Parameter type="Button2" value="Cancel">
					<Boolean type="Commit" value="False"></Boolean>
				</Parameter>
				<Parameter type="Button3">
					<Boolean type="Commit" value="False"></Boolean>
				</Parameter>
				<Parameter type="Field1">
					<Parameter type="Target">
						<FieldReference id="18" name="Comment" UUID="B6980B5E-3287-49E2-B32D-EA87F7F6DA8F">
							<repetition value="1"></repetition>
							<TableOccurrenceReference id="1065113" name="_Syntax" UUID="2F73E4BF-801D-4854-8CB1-0B02B9B99906"></TableOccurrenceReference>
						</FieldReference>
					</Parameter>
					<Boolean type="Passwort" value="False"></Boolean>
					<Parameter type="Label">
						<Calculation datatype="1" position="2">
							<Calculation>
								<Text><![CDATA["Comment"]]></Text>
								<ChunkList hash="26B16D9CEE8EB7A643A9BB508F2E0546">
									<Chunk type="NoRef">&quot;Comment&quot;</Chunk>
								</ChunkList>
							</Calculation>
						</Calculation>
					</Parameter>
				</Parameter>
			</ParameterValues>
		</Step>
		<Step index="19" id="72" name="Verlasse Schleife wenn" enable="True">
			<UUID>5D7C40B4-C252-40D7-9CF1-C5E2158DDDCC</UUID>
			<OwnerID></OwnerID>
			<Options>16384</Options>
			<ParameterValues membercount="1">
				<Parameter type="Calculation">
					<Calculation datatype="7" position="0">
						<Calculation>
							<Text><![CDATA[IstLeer( _Syntax::Comment ) ODER _Syntax::Comment = $Comment]]></Text>
							<ChunkList hash="D035BBB6D73A4AA17CA11AA823A1CE36">
								<Chunk type="FunctionRef">IstLeer</Chunk>
								<Chunk type="NoRef">( </Chunk>
								<Chunk type="FieldRef">
									<FieldReference id="18" name="Comment" repetition="1" UUID="B6980B5E-3287-49E2-B32D-EA87F7F6DA8F">
										<TableOccurrenceReference id="1065113" name="_Syntax" UUID="2F73E4BF-801D-4854-8CB1-0B02B9B99906"></TableOccurrenceReference>
									</FieldReference>
								</Chunk>
								<Chunk type="NoRef"> ) </Chunk>
								<Chunk type="FunctionRef">ODER</Chunk>
								<Chunk type="NoRef"> </Chunk>
								<Chunk type="FieldRef">
									<FieldReference id="18" name="Comment" repetition="1" UUID="B6980B5E-3287-49E2-B32D-EA87F7F6DA8F">
										<TableOccurrenceReference id="1065113" name="_Syntax" UUID="2F73E4BF-801D-4854-8CB1-0B02B9B99906"></TableOccurrenceReference>
									</FieldReference>
								</Chunk>
								<Chunk type="NoRef"> = </Chunk>
								<Chunk type="VariableReference">$Comment</Chunk>
							</ChunkList>
						</Calculation>
					</Calculation>
				</Parameter>
			</ParameterValues>
		</Step>
		<Step index="20" id="73" name="Schleife (Ende)" enable="True">
			<UUID>B15A319D-FD00-4632-94D3-1ACE1CA3461D</UUID>
			<OwnerID></OwnerID>
			<Options>0</Options>
		</Step>
		<Step index="21" id="70" name="Ende (wenn)" enable="True">
			<UUID>B6D7A1B6-1CFD-46AF-A50D-C1CB0A2B1660</UUID>
			<OwnerID></OwnerID>
			<Options>0</Options>
		</Step>
		<Step index="22" id="89" name="# (Kommentar)" enable="True">
			<UUID>16EE3C92-8D19-491B-A3AE-0EDD4FCD08D0</UUID>
			<OwnerID></OwnerID>
			<Options>0</Options>
			<ParameterValues membercount="1">
				<Parameter type="Comment">
					<Comment></Comment>
				</Parameter>
			</ParameterValues>
		</Step>
	</ObjectList>
</Script>
