---
source: src/main.rs
expression: output_content
---
<Script id="1" name="Hello world">
	<UUID modifications="5" userName="Mislav" accountName="admin" timestamp="2025-06-11T17:13:05">41D78F84-E8F2-4E2D-90F3-A3C380F22F7E</UUID>
	<Options hidden="False" access="ReadWrite" SiriShortcutVisible="False" runwithfullaccess="False" compatibility="0">0</Options>
</Script>
