---
source: src/main.rs
expression: output_content
---
AVPlayer - Optionen festlegen
AVPlayer - Wiedergabe [ ⚠️ PARAMETER "Source" NOT PARSED ⚠️ ]
Konto aktivieren [ enable: ON ]
Touch-Tastatur aktivieren [ Aus ]
Fenster aktualisieren
Objekt aktualisieren []
Ausschnitt aktualisieren [ ⚠️ PARAMETER "Object" NOT PARSED ⚠️ ]
Konto hinzufügen [ ⚠️ PARAMETER "PrivilegeSetReference" NOT PARSED ⚠️ ; Passwort ändern: OFF ]
Ergebnismenge erweitern
Sortierung aufheben
Rückgängig/Wiederholen [ Rückgängig ]
Auf Host hochladen
Sharing - FileMaker Netzwerk
Container verwalten
Datenbank verwalten
Layouts verwalten
Wertelisten verwalten
Datenquellen verwalten
Designs verwalten
Hosts öffnen
Gespeicherte Suchen bearbeiten
Dateioptionen
Einstellungen
Favoriten öffnen
Suchen/Ersetzen
URL öffnen [ Mit Dialog: ON ; ⚠️ PARAMETER "URL" NOT PARSED ⚠️ ]
Scriptarbeitsbereich öffnen
Datei öffnen [ Ausgeblendet öffnen: OFF ; ⚠️ PARAMETER "DataSourceReference" NOT PARSED ⚠️ ]
Datendatei öffnen
Hilfe
Datensatz/Abfrage öffnen
Alle Scripts abbrechen
Fenster fixieren
Löschen [ Auswahl: ON ]
Datei schließen [ ⚠️ PARAMETER "DataSourceReference" NOT PARSED ⚠️ ]
Datendatei schließen
Fenster schließen
Popover schließen
Telefonnummer wählen [ Mit Dialog: ON ]
Lokale Benachrichtigung konfigurieren [ ⚠️ PARAMETER "action" NOT PARSED ⚠️ ]
Regionsmonitor-Script konfigurieren [ ⚠️ PARAMETER "Monitor" NOT PARSED ⚠️ ]
Formatierungsleiste zulassen [ OFF ]
AnwenderAbbruchZulassen setzen [ OFF ]
Aktuellen Datensatz prüfen
Wort korrigieren
Nur Auswahl prüfen [ Auswahl: ON ]
Ganze Ergebnismenge prüfen
Sprechen [ ⚠️ PARAMETER "Voice" NOT PARSED ⚠️ ; ⚠️ PARAMETER "Wait" NOT PARSED ⚠️ ]
Datei konvertieren [ SSL-Zertifikate verifizieren: OFF ; Datei öffnen: ON ; Indizes überspringen: OFF ; Mit Dialog: ON ]
Kopieren [ Auswahl: ON ]
Datensatz/Abfrage kopieren
Alle Datens./Abfragen kopieren
Datendatei erstellen [ Ordner erstellen: OFF ]
Alle Fenster anordnen [ Horizontal nebeneinander ]
Datensatz/Abfrage duplizieren
Konto löschen
Datei löschen
Datensatz/Abfrage löschen [ Mit Dialog: ON ]
Ausschnittreihe löschen [ Mit Dialog: ON ]
Alle Datensätze löschen [ Mit Dialog: ON ]
Programm beenden
Aktuelles Script verlassen []
AppleScript ausführen [ ⚠️ PARAMETER "Options" NOT PARSED ⚠️ ]
SQL ausführen [ Mit Dialog: ON ; Ordner erstellen: OFF ]
Suchen/Ersetzen ausführen [ Mit Dialog: ON ; ⚠️ PARAMETER "perform" NOT PARSED ⚠️ ; ⚠️ PARAMETER "find" NOT PARSED ⚠️ ; ⚠️ PARAMETER "replace" NOT PARSED ⚠️ ; ⚠️ PARAMETER "direction" NOT PARSED ⚠️ ; ⚠️ PARAMETER "case" NOT PARSED ⚠️ ; ⚠️ PARAMETER "whole" NOT PARSED ⚠️ ; ⚠️ PARAMETER "across" NOT PARSED ⚠️ ; ⚠️ PARAMETER "within" NOT PARSED ⚠️ ]
Ergebnismenge suchen
Schnellsuche durchführen
Script ausführen [ Aus Liste ; "" ]
Script auf Server ausführen [ Aus Liste ; ⚠️ PARAMETER "Parameter" NOT PARSED ⚠️ ; Auf Beendigung warten: ON ]
Exportiere alle Feldwerte [ Ordner erstellen: OFF ]
Datensätze exportieren [ Mit Dialog: ON ; Ordner erstellen: OFF ]
Wenn []
Sonst, wenn []
Sonst
Ende (wenn)
Datensätze importieren [ SSL-Zertifikate verifizieren: OFF ; Mit Dialog: ON ]
Layoutobjekt-Animation festlegen [ ON ]
Feldwert setzen [  ;  ]
Feld nach Namen einstellen [ Zielfeld angeben: OFF ]
Fehleraufzeichnung setzen [ ON ]
Zoomstufe setzen [ Fixieren: OFF ; 100% ]
AVPlayer-Wiedergabestatus festlegen [ Gestoppt ]
Netzwerkzugriff einstellen [ Ein ]
Datendateiposition setzen
Fehlerprotokollierung setzen [ OFF ]
Auswahl festlegen [ ⚠️ PARAMETER "Select" NOT PARSED ⚠️ ]
Fenstertitel setzen
Nächste fortlaufende Nummer setzen
Variable setzen [ $Command ; "whatever" ]
Web Viewer festlegen [ ⚠️ PARAMETER "action" NOT PARSED ⚠️ ]
Drucker einrichten [ ⚠️ PARAMETER "Restore" NOT PARSED ⚠️ ; Mit Dialog: ON ; ⚠️ PARAMETER "PageSetup" NOT PARSED ⚠️ ]
Einfügen [ Auswahl: ON ; Ohne Stil: OFF ]
PDF einfügen [ Nur Verweis speichern: OFF ]
Audio/Video einfügen [ Nur Verweis speichern: OFF ]
Aus URL einfügen [ SSL-Zertifikate verifizieren: OFF ; Auswahl: ON ; Mit Dialog: ON ; ⚠️ PARAMETER "URL" NOT PARSED ⚠️ ]
Von Gerät einfügen [ Original ]
Aus Index einfügen [ Auswahl: ON ]
Aus zuletzt geöffnetem Satz einfügen [ Auswahl: ON ]
Systemdatum einfügen [ Auswahl: ON ]
Datei einfügen
Bild einfügen [ Nur Verweis speichern: OFF ]
Benutzernamen einfügen [ Auswahl: ON ]
Systemuhrzeit einfügen [ Auswahl: ON ]
Berechneten Wert einfügen [ Auswahl: ON ]
Text einfügen [ Select ]
Menüset installieren [ ⚠️ PARAMETER "CustomMenuSet" NOT PARSED ⚠️ ]
Plugin-Datei installieren
BeiTimer-Script installieren
DDE Execute senden
Event senden
E-Mail senden [ ⚠️ PARAMETER "Email" NOT PARSED ⚠️ ]
Von Datendatei lesen
Ergebnismenge einschränken
Schleife (Anfang) [ Flush: Immer ]
	Verlasse Schleife wenn []
Schleife (Ende)
Anwenderwörterbuch bearbeiten
Letzte Suche ändern
Passwort ändern [ Mit Dialog: ON ]
Eigenes Dialogfeld anzeigen [ ⚠️ PARAMETER "Button1" NOT PARSED ⚠️ ; ⚠️ PARAMETER "Button2" NOT PARSED ⚠️ ; ⚠️ PARAMETER "Button3" NOT PARSED ⚠️ ]
Nur Ausgeschlossene anzeigen
Alle Datensätze anzeigen
Menüleiste ein-/ausblenden [ Umschalten ; Fixieren: OFF ]
Werkzeugleisten ein-/ausblenden [ Fixieren: OFF ; Mit Datensatz-bearbeiten-Werkzeugleiste : OFF ; Einblenden ]
Textlineal ein-/ausblenden [ Umschalten ]
Neues Fenster [ Style: Dokument ; Layout: <Originallayout> ]
Erneut anmelden [ Mit Dialog: ON ]
Neue Datei
Neuer Datensatz/Abfrage
Referenzwerte holen [ Mit Dialog: ON ]
Aktuellen Datens. ausschließen
Mehrere ausschließen [ Mit Dialog: ON ]
Open Starter Solution
Dateioptionen - Rechtschreibung
Sortieren [ Mit Dialog: ON ; ⚠️ PARAMETER "Restore" NOT PARSED ⚠️ ]
Datensätze nach Feld sortieren [ Aufsteigend ]
Dateigröße holen
Dateiexistenz holen
Ordnerpfad holen [ Ordnererstellung zulassen: OFF ; ⚠️ PARAMETER "Variable" NOT PARSED ⚠️ ]
Datendateiposition holen
Seitenansichtsmodus aktivieren [ Pause: OFF ]
Suchenmodus aktivieren [ Pause: OFF ]
Blätternmodus aktivieren [ Pause: OFF ]
Scriptpause setzen [ ⚠️ PARAMETER "Options" NOT PARSED ⚠️ ]
JavaScript in Web Viewer ausführen
Datei wiederherstellen [ Mit Dialog: ON ]
Fenster anpassen [ Wiederherstellen ]
Datei umbenennen
Verwerfe Änderung Datens./Abfrage [ Mit Dialog: ON ]
Kontopasswort zurücksetzen [ Password: OFF ]
Kopie speichern unter [ Kopie der aktuellen Datei ; Ordner erstellen: OFF ]
Datensätze als Excel speichern [ ⚠️ PARAMETER "Restore" NOT PARSED ⚠️ ; Mit Dialog: ON ; ⚠️ PARAMETER "Options" NOT PARSED ⚠️ ; Ordner erstellen: OFF ]
Datensätze als PDF speichern [ ⚠️ PARAMETER "Restore" NOT PARSED ⚠️ ; An vorhandene PDF anhängen: OFF ; Mit Dialog: ON ; ⚠️ PARAMETER "Options" NOT PARSED ⚠️ ; Ordner erstellen: OFF ]
Datensätze als Snapshot-Link speichern [ Alle aufgerufenen Datensätze ; Ordner erstellen: OFF ]
Schreibe Änderung Datens./Abfrage [ Mit Dialog: ON ]
Cache auf Platte ablegen
Fenster rollen [ Anfang ]
In Datendatei schreiben [ Zeilenumbruch anhängen: ON ]
Fehlerton
Wörterbücher wählen
Fenster aktivieren
Alles auswählen
Ersetze alle Feldwerte [ Mit Dialog: ON ; Aktueller Inhalt ]
Fensterposition/-größe ändern
Drucken [ Mit Dialog: ON ; ⚠️ PARAMETER "Restore" NOT PARSED ⚠️ ; ⚠️ PARAMETER "Print" NOT PARSED ⚠️ ; ⚠️ PARAMETER "PageSetup" NOT PARSED ⚠️ ]
Ausschneiden [ Auswahl: ON ]
Übereinst. Datensätze suchen [ Ersetzen ]
SystemformateVerwenden setzen [ ON ]
Gehe zu Datens./Abfrage/Seite [ Erste(r) ]
Gehe zu Feld []
Gehe zu vorherigem Feld
Gehe zu nächstem Feld
Gehe zu Layout [ Layout: <Originallayout> ; Animation: Ohne ]
Gehe zu Bezugsdatensatz [ Layout: <Originallayout> ]
Gehe zu Objekt []
Gehe zu Ausschnittreihe [ Auswahl: ON ; Erste(r) ]
Datensätze zeigen als [ Durchwechseln ]
Tabelle leeren [ Mit Dialog: ON ; <Aktuelle Tabelle> ]
