---
source: src/main.rs
expression: output_content
---
<Script id="198" name="--" isFolder="Marker">
	<UUID modifications="2" userName="R.Watson" accountName="admin" timestamp="2020-08-04T09:52:12">EE6B0BC2-28FB-4BE9-877B-5A9C7DB7C87B</UUID>
	<Options hidden="False" access="ReadWrite" SiriShortcutVisible="False" runwithfullaccess="False" compatibility="0">2</Options>
	<TagList></TagList>
</Script>
