---
source: src/tests.rs
expression: output_content
---
<Script>
	<ScriptReference id="17" name="Release Notes" UUID="C59FC9BA-BB08-4E8D-8A7F-1380F07D1E83"></ScriptReference>
	<ObjectList membercount="34">
		<Step hash="8D4D4FEFA658026D454F9575E8B1AF7A" index="0" id="89" name="# (comment)" enable="True">
			<UUID>FC8E3958-34A0-499C-B1D0-DB364CBC2F81</UUID>
			<OwnerID></OwnerID>
			<Options>0</Options>
			<ParameterValues membercount="1">
				<Parameter type="Comment">
					<Comment></Comment>
				</Parameter>
			</ParameterValues>
		</Step>
		<Step hash="E8E48461837B9FF1900AAF4F678231A2" index="1" id="89" name="# (comment)" enable="True">
			<UUID>8F6D9A3A-0B39-4109-A70E-EE920743DF07</UUID>
			<OwnerID></OwnerID>
			<Options>4</Options>
			<ParameterValues membercount="1">
				<Parameter type="Comment">
					<Comment value="2025-10-28 Mislav Kos"></Comment>
				</Parameter>
			</ParameterValues>
		</Step>
		<Step hash="DFCD9078F209875BA4FD7DA4F94C5003" index="2" id="89" name="# (comment)" enable="True">
			<UUID>0A1B338E-1F04-488E-9A54-EC42FB60F80D</UUID>
			<OwnerID></OwnerID>
			<Options>4</Options>
			<ParameterValues membercount="1">
				<Parameter type="Comment">
					<Comment value="https://github.com/mislavkos/ooe-fm/issues/6: Added lookup fields in the TestTable"></Comment>
				</Parameter>
			</ParameterValues>
		</Step>
		<Step hash="BABC8006B896AD7D661C62F486F34801" index="3" id="89" name="# (comment)" enable="True">
			<UUID>AF78BDA8-DC8B-4DD6-9819-DE3E2341FEDD</UUID>
			<OwnerID></OwnerID>
			<Options>0</Options>
			<ParameterValues membercount="1">
				<Parameter type="Comment">
					<Comment></Comment>
				</Parameter>
			</ParameterValues>
		</Step>
		<Step hash="CB26ADD5AE2BCB897AA245EB022B9821" index="4" id="89" name="# (comment)" enable="True">
			<UUID>C6E5094C-DDD1-4947-9B45-FAA8D8DD137E</UUID>
			<OwnerID></OwnerID>
			<Options>4</Options>
			<ParameterValues membercount="1">
				<Parameter type="Comment">
					<Comment value="2025-10-18 Mislav Kos"></Comment>
				</Parameter>
			</ParameterValues>
		</Step>
		<Step hash="FDB83016024DCC577317DA4175A309B2" index="5" id="89" name="# (comment)" enable="True">
			<UUID>4BBBF62B-A1CA-4721-A039-18BC8723D086</UUID>
			<OwnerID></OwnerID>
			<Options>4</Options>
			<ParameterValues membercount="1">
				<Parameter type="Comment">
					<Comment value="https://github.com/mislavkos/ooe-fm/issues/1: Added SerialNumberOnCommitIncBy1, SerialNumberOnCommitIncBy10 fields to TestTable&#13;https://github.com/mislavkos/ooe-fm/issues/3: Added placeholder text to all fields on &quot;My Layout for TestTable&quot;&#13;https://github.com/mislavkos/ooe-fm/issues/3: Added additional field control styles: dropdown calendar, dropdown list, popup menu, concealed edit box, radio button, checkbox&#13;https://github.com/mislavkos/ooe-fm/issues/4: Added Self external data source&#13;Updated SaXMLDelivery add-on to v0.1.9"></Comment>
				</Parameter>
			</ParameterValues>
		</Step>
		<Step hash="E19DE0E2105683338750C8A3082B70C0" index="6" id="89" name="# (comment)" enable="True">
			<UUID>5A05F8A3-8227-4A24-AC92-F0D894DE1065</UUID>
			<OwnerID></OwnerID>
			<Options>0</Options>
			<ParameterValues membercount="1">
				<Parameter type="Comment">
					<Comment></Comment>
				</Parameter>
			</ParameterValues>
		</Step>
		<Step hash="158E5DC321A4ED8867E7F507B5EC07DA" index="7" id="89" name="# (comment)" enable="True">
			<UUID>A32A8E68-26EE-436E-B0D8-17B2F9830AB6</UUID>
			<OwnerID></OwnerID>
			<Options>4</Options>
			<ParameterValues membercount="1">
				<Parameter type="Comment">
					<Comment value="2025-08-29 Mislav Kos"></Comment>
				</Parameter>
			</ParameterValues>
		</Step>
		<Step hash="CC724A9229CFD6C401698FEC3F659326" index="8" id="89" name="# (comment)" enable="True">
			<UUID>38F98321-E90F-402A-A79B-56706DD9260D</UUID>
			<OwnerID></OwnerID>
			<Options>4</Options>
			<ParameterValues membercount="1">
				<Parameter type="Comment">
					<Comment value="Added restapi account and privilege set"></Comment>
				</Parameter>
			</ParameterValues>
		</Step>
		<Step hash="89C5F5FFBC6E7E1D239F0056667AD15E" index="9" id="89" name="# (comment)" enable="True">
			<UUID>301FBAB5-6CDB-461F-B22A-CE8A1A3E6F08</UUID>
			<OwnerID></OwnerID>
			<Options>0</Options>
			<ParameterValues membercount="1">
				<Parameter type="Comment">
					<Comment></Comment>
				</Parameter>
			</ParameterValues>
		</Step>
		<Step hash="F630E717988A14D8AA8430BAF64A70DB" index="10" id="89" name="# (comment)" enable="True">
			<UUID>10C05A17-DD03-47BF-BC82-E6FCE86A6A06</UUID>
			<OwnerID></OwnerID>
			<Options>4</Options>
			<ParameterValues membercount="1">
				<Parameter type="Comment">
					<Comment value="2025-08-29 Mislav Kos"></Comment>
				</Parameter>
			</ParameterValues>
		</Step>
		<Step hash="F47548BE63E58F56BAA860B9561EA818" index="11" id="89" name="# (comment)" enable="True">
			<UUID>4B6B9892-3C12-47CB-ABB4-640B3261B5D7</UUID>
			<OwnerID></OwnerID>
			<Options>4</Options>
			<ParameterValues membercount="1">
				<Parameter type="Comment">
					<Comment value="Inactivated &quot;dev&quot; account which doesn&apos;t have a password set, so that the file can be hosted on FMS servers that doen&apos;t allow insecure files"></Comment>
				</Parameter>
			</ParameterValues>
		</Step>
		<Step hash="5E4D0D6F342B8DBF88F223D76884C8F2" index="12" id="89" name="# (comment)" enable="True">
			<UUID>0C90448B-2456-4EE2-B51E-3C33436AB42A</UUID>
			<OwnerID></OwnerID>
			<Options>0</Options>
			<ParameterValues membercount="1">
				<Parameter type="Comment">
					<Comment></Comment>
				</Parameter>
			</ParameterValues>
		</Step>
		<Step hash="F6034847B80DDE727896A51054024231" index="13" id="89" name="# (comment)" enable="True">
			<UUID>4C4C17D4-0895-4D72-91C2-73000C2F36DD</UUID>
			<OwnerID></OwnerID>
			<Options>4</Options>
			<ParameterValues membercount="1">
				<Parameter type="Comment">
					<Comment value="2025-08-25 Mislav Kos"></Comment>
				</Parameter>
			</ParameterValues>
		</Step>
		<Step hash="50397E40E67FA36D3B21865C511E1F2E" index="14" id="89" name="# (comment)" enable="True">
			<UUID>0CAE7BB9-095C-46E5-9804-D58DD38E8794</UUID>
			<OwnerID></OwnerID>
			<Options>4</Options>
			<ParameterValues membercount="1">
				<Parameter type="Comment">
					<Comment value="Renamed Two to BrojDva"></Comment>
				</Parameter>
			</ParameterValues>
		</Step>
		<Step hash="016B722D9F0D5612467C331B9519B7E8" index="15" id="89" name="# (comment)" enable="True">
			<UUID>3F54BB15-DA39-4FC6-A99D-1BFF5ED8FBB3</UUID>
			<OwnerID></OwnerID>
			<Options>0</Options>
			<ParameterValues membercount="1">
				<Parameter type="Comment">
					<Comment></Comment>
				</Parameter>
			</ParameterValues>
		</Step>
		<Step hash="6C869D03A08D376A5100738A4B78E6E4" index="16" id="89" name="# (comment)" enable="True">
			<UUID>1EC08427-D385-417F-BD92-F89E8F0E3B24</UUID>
			<OwnerID></OwnerID>
			<Options>4</Options>
			<ParameterValues membercount="1">
				<Parameter type="Comment">
					<Comment value="2025-07-24 Mislav Kos"></Comment>
				</Parameter>
			</ParameterValues>
		</Step>
		<Step hash="7747B5B7A2005215E196F82CE834F912" index="17" id="89" name="# (comment)" enable="True">
			<UUID>D5887B16-25DD-4098-A19B-9115A6800D37</UUID>
			<OwnerID></OwnerID>
			<Options>4</Options>
			<ParameterValues membercount="1">
				<Parameter type="Comment">
					<Comment value="Renamed Ooe2 to Two&#13;Added multiple fields to Contacts_TestTable relationship sort&#13;Added second predicate to Contacts_TestTable relationship&#13;Added second relationship graph note&#13;Made OrderOfOperations custom function calc more complex&#13;Added/updated custom menus&#13;Added/updated privilege sets"></Comment>
				</Parameter>
			</ParameterValues>
		</Step>
		<Step hash="9D3DF5A1087585B1BCFFC9D9C694855A" index="18" id="89" name="# (comment)" enable="True">
			<UUID>0F0E9972-8EC9-4090-9CF7-FE8EDD65CEFE</UUID>
			<OwnerID></OwnerID>
			<Options>0</Options>
			<ParameterValues membercount="1">
				<Parameter type="Comment">
					<Comment></Comment>
				</Parameter>
			</ParameterValues>
		</Step>
		<Step hash="16F7E6D18D58771614C321C6807B2E03" index="19" id="89" name="# (comment)" enable="True">
			<UUID>62FF0B16-1DEA-4DBF-9021-B0AEC4F7964A</UUID>
			<OwnerID></OwnerID>
			<Options>4</Options>
			<ParameterValues membercount="1">
				<Parameter type="Comment">
					<Comment value="2025-07-16 Mislav Kos"></Comment>
				</Parameter>
			</ParameterValues>
		</Step>
		<Step hash="FB51DA31E459CF7C30DA0A1E6489D7EE" index="20" id="89" name="# (comment)" enable="True">
			<UUID>20131764-DE5A-402F-B3A2-222AB9F8560F</UUID>
			<OwnerID></OwnerID>
			<Options>4</Options>
			<ParameterValues membercount="1">
				<Parameter type="Comment">
					<Comment value="Added second file (Ooe2.fmp12) to the mix"></Comment>
				</Parameter>
			</ParameterValues>
		</Step>
		<Step hash="B879A97DEAEB42CF7C005F7B5EB64355" index="21" id="89" name="# (comment)" enable="True">
			<UUID>4D3DFF00-C74F-4DFA-B0DF-3F738C0EEBA6</UUID>
			<OwnerID></OwnerID>
			<Options>4</Options>
			<ParameterValues membercount="1">
				<Parameter type="Comment">
					<Comment value="Added table occurrence to &quot;Invoice&quot; table from Ooe2 to Ooe relationship graph"></Comment>
				</Parameter>
			</ParameterValues>
		</Step>
		<Step hash="94D6B9DC8C499E4F9A1D20D8DAAABE50" index="22" id="89" name="# (comment)" enable="True">
			<UUID>46E82AAD-921A-4230-8637-75F279BFBC9B</UUID>
			<OwnerID></OwnerID>
			<Options>0</Options>
			<ParameterValues membercount="1">
				<Parameter type="Comment">
					<Comment></Comment>
				</Parameter>
			</ParameterValues>
		</Step>
		<Step hash="684FA0AA2643F013B771017A7758A67F" index="23" id="89" name="# (comment)" enable="True">
			<UUID>F6B64043-5B08-44A5-A525-036C3666BEAE</UUID>
			<OwnerID></OwnerID>
			<Options>4</Options>
			<ParameterValues membercount="1">
				<Parameter type="Comment">
					<Comment value="2025-07-03 Mislav Kos"></Comment>
				</Parameter>
			</ParameterValues>
		</Step>
		<Step hash="61AE0589BBC2B1E05429C68ADD496F27" index="24" id="89" name="# (comment)" enable="True">
			<UUID>B9313C04-3F5F-4907-AD53-FAE71D2E2CFA</UUID>
			<OwnerID></OwnerID>
			<Options>4</Options>
			<ParameterValues membercount="1">
				<Parameter type="Comment">
					<Comment value="Added these layout objects:"></Comment>
				</Parameter>
			</ParameterValues>
		</Step>
		<Step hash="DC5DAD3635DAAC7EC54D447658A05FF8" index="25" id="89" name="# (comment)" enable="True">
			<UUID>BAF729FC-F31E-45FB-8685-AE5D80F18EC6</UUID>
			<OwnerID></OwnerID>
			<Options>4</Options>
			<ParameterValues membercount="1">
				<Parameter type="Comment">
					<Comment value="Merge Field&#13;Merge Symbol&#13;Layout Calculation&#13;Button with a PNG image&#13;Table occurrence color&#13;Relationship graph note&#13;Hide object when&#13;Placeholder text&#13;Master detail portal&#13;Hide when printing&#13;Conditional formatting&#13;Quick find&#13;Tooltip"></Comment>
				</Parameter>
			</ParameterValues>
		</Step>
		<Step hash="442A4F573A7BD6628C87DAAB12C3E712" index="26" id="89" name="# (comment)" enable="True">
			<UUID>8A404868-0312-4D4C-8824-3BDCC569BB64</UUID>
			<OwnerID></OwnerID>
			<Options>0</Options>
			<ParameterValues membercount="1">
				<Parameter type="Comment">
					<Comment></Comment>
				</Parameter>
			</ParameterValues>
		</Step>
		<Step hash="70327D6FCB0E1707FB89F6BFB66CD7EF" index="27" id="89" name="# (comment)" enable="True">
			<UUID>8FF011E6-F95E-41BA-96BC-66809C32FBF0</UUID>
			<OwnerID></OwnerID>
			<Options>4</Options>
			<ParameterValues membercount="1">
				<Parameter type="Comment">
					<Comment value="2025-06-23 Mislav Kos"></Comment>
				</Parameter>
			</ParameterValues>
		</Step>
		<Step hash="C4D48AFAF088357C2460477570D9A3A8" index="28" id="89" name="# (comment)" enable="True">
			<UUID>0DE7DD92-DB2A-4275-A3FF-F62F631CD841</UUID>
			<OwnerID></OwnerID>
			<Options>4</Options>
			<ParameterValues membercount="1">
				<Parameter type="Comment">
					<Comment value="Copied &quot;All script steps and all options&quot; script from https://github.com/mrwatson-de/fmSyntaxColorizer to &quot;Script from fmSyntaxColorizer&quot; folder"></Comment>
				</Parameter>
			</ParameterValues>
		</Step>
		<Step hash="7A3C93932337707B1475A6616C73E38B" index="29" id="89" name="# (comment)" enable="True">
			<UUID>237E6919-BAA8-450E-B1D5-1524F06C22D0</UUID>
			<OwnerID></OwnerID>
			<Options>4</Options>
			<ParameterValues membercount="1">
				<Parameter type="Comment">
					<Comment value="Updated &quot;Miscellaneous&quot; script to include multiple variants of the Send Mail step"></Comment>
				</Parameter>
			</ParameterValues>
		</Step>
		<Step hash="B0F1AF0800C30112416A4AA2B47771F2" index="30" id="89" name="# (comment)" enable="True">
			<UUID>70F584F4-A1C4-4CB4-92A3-5B3B04D714C7</UUID>
			<OwnerID></OwnerID>
			<Options>0</Options>
			<ParameterValues membercount="1">
				<Parameter type="Comment">
					<Comment></Comment>
				</Parameter>
			</ParameterValues>
		</Step>
		<Step hash="5B64F18F21B52219F1F321F651962872" index="31" id="89" name="# (comment)" enable="True">
			<UUID>D0D7B7DD-E386-4B70-929D-156481A7E97E</UUID>
			<OwnerID></OwnerID>
			<Options>4</Options>
			<ParameterValues membercount="1">
				<Parameter type="Comment">
					<Comment value="2025-06-20 Mislav Kos"></Comment>
				</Parameter>
			</ParameterValues>
		</Step>
		<Step hash="E0E0CCA0751084EA7472775D77CE77CF" index="32" id="89" name="# (comment)" enable="True">
			<UUID>19D037B6-8480-4943-92D2-3E8993483A86</UUID>
			<OwnerID></OwnerID>
			<Options>4</Options>
			<ParameterValues membercount="1">
				<Parameter type="Comment">
					<Comment value="Initial release"></Comment>
				</Parameter>
			</ParameterValues>
		</Step>
		<Step hash="968BD49A29A210D50731B6FF8C553457" index="33" id="89" name="# (comment)" enable="True">
			<UUID>2B0274FF-832F-477B-850D-5A7DEB9C5C46</UUID>
			<OwnerID></OwnerID>
			<Options>0</Options>
			<ParameterValues membercount="1">
				<Parameter type="Comment">
					<Comment></Comment>
				</Parameter>
			</ParameterValues>
		</Step>
	</ObjectList>
</Script>
