---
source: src/main.rs
expression: output_content
---
<Script id="94" name="Notifications" isFolder="True">
	<UUID modifications="2" userName="Mike Duncan" accountName="Admin" timestamp="2021-01-11T14:05:05">92A53BA5-627F-4A0C-BD37-0EADE132822D</UUID>
	<Options hidden="True" access="ReadWrite" SiriShortcutVisible="False" runwithfullaccess="False" compatibility="0">9</Options>
</Script>
