---
source: src/main.rs
expression: output_content
---
Export Field Contents [ Create folders: ON ]
Insert Audio/Video [ Store only a reference: OFF ]
Insert Calculated Result [ Select: ON ]
Insert Current Date [ Select: ON ]
Insert Current Time [ Select: ON ]
Insert Current User Name [ Select: ON ]
Insert File
Insert from Device [ Full ]
Insert from Index [ Select: ON ]
Insert from Last Visited [ Select: ON ]
Insert from URL [ Verify SSL Certificates: OFF ; Select: ON ; With dialog: OFF ; ⚠️ PARAMETER "URL" NOT PARSED ⚠️ ]
Insert PDF [ Store only a reference: OFF ]
Insert Picture [ Store only a reference: OFF ]
Insert Text [ Select ]
Relookup Field Contents [ With dialog: OFF ]
Replace Field Contents [ Current contents ]
Set Field [  ;  ]
Set Field By Name [ Specify target field: OFF ]
Set Next Serial Value
